Archive member included to satisfy reference by file (symbol)

lib/orangescrt.a(printf.o)    kernel/main.o (printf)
lib/orangescrt.a(vsprintf.o)  kernel/main.o (vsprintf)
lib/orangescrt.a(string.o)    kernel/start.o (memcpy)
lib/orangescrt.a(misc.o)      kernel/main.o (send_recv)
lib/orangescrt.a(ls.o)        kernel/main.o (ls)
lib/orangescrt.a(mkdir.o)     kernel/main.o (mkdir)
lib/orangescrt.a(open.o)      kernel/main.o (open)
lib/orangescrt.a(read.o)      kernel/main.o (read)
lib/orangescrt.a(write.o)     kernel/main.o (write)
lib/orangescrt.a(close.o)     kernel/main.o (close)
lib/orangescrt.a(unlink.o)    kernel/main.o (unlink)
lib/orangescrt.a(getpid.o)    fs/disklog.o (getpid)
lib/orangescrt.a(stat.o)      mm/exec.o (stat)
lib/orangescrt.a(fork.o)      kernel/main.o (fork)
lib/orangescrt.a(exit.o)      kernel/main.o (exit)
lib/orangescrt.a(wait.o)      kernel/main.o (wait)
lib/orangescrt.a(exec.o)      kernel/main.o (execv)
lib/orangescrt.a(syscall.o)   lib/orangescrt.a(misc.o) (sendrec)

Allocating common symbols
Common symbol       size              file

idt_ptr             0x6               kernel/global.o
inode_table         0xb00             kernel/global.o
task_stack          0x24000           kernel/global.o
k_reenter           0x4               kernel/global.o
gdt                 0x400             kernel/global.o
current_console     0x4               kernel/global.o
pcaller             0x4               kernel/global.o
tty_table           0xc6c             kernel/global.o
tss                 0x68              kernel/global.o
fs_msg              0x30              kernel/global.o
memory_size         0x4               kernel/global.o
f_desc_table        0x400             kernel/global.o
root_inode          0x4               kernel/global.o
disp_pos            0x4               kernel/global.o
mm_msg              0x30              kernel/global.o
key_pressed         0x4               kernel/global.o
gdt_ptr             0x6               kernel/global.o
users               0x3c              kernel/main.o
idt                 0x800             kernel/global.o
super_block         0x1e0             kernel/global.o
PARTITION_ENTRY     0x10              kernel/hd.o
ticks               0x4               kernel/global.o
console_table       0x3c              kernel/global.o
irq_table           0x40              kernel/global.o
p_proc_ready        0x4               kernel/global.o
proc_table          0x3b8c            kernel/global.o

Discarded input sections

 .note.GNU-stack
                0x0000000000000000        0x0 kernel/start.o
 .note.GNU-stack
                0x0000000000000000        0x0 kernel/main.o
 .note.GNU-stack
                0x0000000000000000        0x0 kernel/clock.o
 .note.GNU-stack
                0x0000000000000000        0x0 kernel/keyboard.o
 .note.GNU-stack
                0x0000000000000000        0x0 kernel/tty.o
 .note.GNU-stack
                0x0000000000000000        0x0 kernel/console.o
 .note.GNU-stack
                0x0000000000000000        0x0 kernel/i8259.o
 .note.GNU-stack
                0x0000000000000000        0x0 kernel/global.o
 .note.GNU-stack
                0x0000000000000000        0x0 kernel/protect.o
 .note.GNU-stack
                0x0000000000000000        0x0 kernel/proc.o
 .note.GNU-stack
                0x0000000000000000        0x0 kernel/systask.o
 .note.GNU-stack
                0x0000000000000000        0x0 kernel/hd.o
 .note.GNU-stack
                0x0000000000000000        0x0 kernel/klib.o
 .note.GNU-stack
                0x0000000000000000        0x0 kernel/boot_animation.o
 .note.GNU-stack
                0x0000000000000000        0x0 lib/syslog.o
 .note.GNU-stack
                0x0000000000000000        0x0 mm/main.o
 .note.GNU-stack
                0x0000000000000000        0x0 mm/forkexit.o
 .note.GNU-stack
                0x0000000000000000        0x0 mm/exec.o
 .note.GNU-stack
                0x0000000000000000        0x0 fs/main.o
 .note.GNU-stack
                0x0000000000000000        0x0 fs/open.o
 .note.GNU-stack
                0x0000000000000000        0x0 fs/misc.o
 .note.GNU-stack
                0x0000000000000000        0x0 fs/read_write.o
 .note.GNU-stack
                0x0000000000000000        0x0 fs/link.o
 .note.GNU-stack
                0x0000000000000000        0x0 fs/disklog.o
 .note.GNU-stack
                0x0000000000000000        0x0 lib/orangescrt.a(printf.o)
 .note.GNU-stack
                0x0000000000000000        0x0 lib/orangescrt.a(vsprintf.o)
 .note.GNU-stack
                0x0000000000000000        0x0 lib/orangescrt.a(misc.o)
 .note.GNU-stack
                0x0000000000000000        0x0 lib/orangescrt.a(ls.o)
 .note.GNU-stack
                0x0000000000000000        0x0 lib/orangescrt.a(mkdir.o)
 .note.GNU-stack
                0x0000000000000000        0x0 lib/orangescrt.a(open.o)
 .note.GNU-stack
                0x0000000000000000        0x0 lib/orangescrt.a(read.o)
 .note.GNU-stack
                0x0000000000000000        0x0 lib/orangescrt.a(write.o)
 .note.GNU-stack
                0x0000000000000000        0x0 lib/orangescrt.a(close.o)
 .note.GNU-stack
                0x0000000000000000        0x0 lib/orangescrt.a(unlink.o)
 .note.GNU-stack
                0x0000000000000000        0x0 lib/orangescrt.a(getpid.o)
 .note.GNU-stack
                0x0000000000000000        0x0 lib/orangescrt.a(stat.o)
 .note.GNU-stack
                0x0000000000000000        0x0 lib/orangescrt.a(fork.o)
 .note.GNU-stack
                0x0000000000000000        0x0 lib/orangescrt.a(exit.o)
 .note.GNU-stack
                0x0000000000000000        0x0 lib/orangescrt.a(wait.o)
 .note.GNU-stack
                0x0000000000000000        0x0 lib/orangescrt.a(exec.o)

Memory Configuration

Name             Origin             Length             Attributes
*default*        0x0000000000000000 0xffffffffffffffff

Linker script and memory map

Address of section .text set to 0x1000
LOAD kernel/kernel.o
LOAD kernel/start.o
LOAD kernel/main.o
LOAD kernel/clock.o
LOAD kernel/keyboard.o
LOAD kernel/tty.o
LOAD kernel/console.o
LOAD kernel/i8259.o
LOAD kernel/global.o
LOAD kernel/protect.o
LOAD kernel/proc.o
LOAD kernel/systask.o
LOAD kernel/hd.o
LOAD kernel/kliba.o
LOAD kernel/klib.o
LOAD kernel/boot_animation.o
LOAD lib/syslog.o
LOAD mm/main.o
LOAD mm/forkexit.o
LOAD mm/exec.o
LOAD fs/main.o
LOAD fs/open.o
LOAD fs/misc.o
LOAD fs/read_write.o
LOAD fs/link.o
LOAD fs/disklog.o
LOAD lib/orangescrt.a
                [!provide]                        PROVIDE (__executable_start, 0x8048000)
                0x0000000008048094                . = (0x8048000 + SIZEOF_HEADERS)

.interp
 *(.interp)

.note.gnu.build-id
 *(.note.gnu.build-id)

.hash
 *(.hash)

.gnu.hash
 *(.gnu.hash)

.dynsym
 *(.dynsym)

.dynstr
 *(.dynstr)

.gnu.version
 *(.gnu.version)

.gnu.version_d
 *(.gnu.version_d)

.gnu.version_r
 *(.gnu.version_r)

.rel.dyn        0x0000000008048094        0x0
 *(.rel.init)
 *(.rel.text .rel.text.* .rel.gnu.linkonce.t.*)
 .rel.text      0x0000000008048094        0x0 kernel/kernel.o
 *(.rel.fini)
 *(.rel.rodata .rel.rodata.* .rel.gnu.linkonce.r.*)
 *(.rel.data.rel.ro .rel.data.rel.ro.* .rel.gnu.linkonce.d.rel.ro.*)
 *(.rel.data .rel.data.* .rel.gnu.linkonce.d.*)
 .rel.data      0x0000000008048094        0x0 kernel/kernel.o
 *(.rel.tdata .rel.tdata.* .rel.gnu.linkonce.td.*)
 *(.rel.tbss .rel.tbss.* .rel.gnu.linkonce.tb.*)
 *(.rel.ctors)
 *(.rel.dtors)
 *(.rel.got)
 *(.rel.bss .rel.bss.* .rel.gnu.linkonce.b.*)
 *(.rel.ifunc)

.rel.plt        0x0000000008048094        0x0
 *(.rel.plt)
                [!provide]                        PROVIDE (__rel_iplt_start, .)
 *(.rel.iplt)
 .rel.iplt      0x0000000008048094        0x0 kernel/kernel.o
                [!provide]                        PROVIDE (__rel_iplt_end, .)

.init
 *(SORT(.init))

.plt            0x00000000080480a0        0x0
 *(.plt)
 *(.iplt)
 .iplt          0x00000000080480a0        0x0 kernel/kernel.o

.plt.got
 *(.plt.got)

.text           0x0000000000001000     0xe9e8
 *(.text.unlikely .text.*_unlikely .text.unlikely.*)
 *(.text.exit .text.exit.*)
 *(.text.startup .text.startup.*)
 *(.text.hot .text.hot.*)
 *(.text .stub .text.* .gnu.linkonce.t.*)
 .text          0x0000000000001000      0x410 kernel/kernel.o
                0x0000000000001000                _start
                0x0000000000001040                hwint00
                0x0000000000001070                hwint01
                0x00000000000010a0                hwint02
                0x00000000000010d0                hwint03
                0x0000000000001100                hwint04
                0x0000000000001130                hwint05
                0x0000000000001160                hwint06
                0x0000000000001190                hwint07
                0x00000000000011c0                hwint08
                0x00000000000011f0                hwint09
                0x0000000000001220                hwint10
                0x0000000000001250                hwint11
                0x0000000000001280                hwint12
                0x00000000000012b0                hwint13
                0x00000000000012e0                hwint14
                0x0000000000001310                hwint15
                0x0000000000001334                divide_error
                0x000000000000133a                single_step_exception
                0x0000000000001340                nmi
                0x0000000000001346                breakpoint_exception
                0x000000000000134c                overflow
                0x0000000000001352                bounds_check
                0x0000000000001358                inval_opcode
                0x000000000000135e                copr_not_available
                0x0000000000001364                double_fault
                0x0000000000001368                copr_seg_overrun
                0x000000000000136e                inval_tss
                0x0000000000001372                segment_not_present
                0x0000000000001376                stack_exception
                0x000000000000137a                general_protection
                0x000000000000137e                page_fault
                0x0000000000001382                copr_error
                0x00000000000013cb                sys_call
                0x00000000000013eb                restart
 .text          0x0000000000001410       0x95 kernel/start.o
                0x0000000000001410                cstart
 .text          0x00000000000014a5     0x1ca1 kernel/main.o
                0x00000000000014a5                kernel_main
                0x00000000000017cd                get_ticks
                0x0000000000001801                untar
                0x00000000000019bf                shabby_shell
                0x0000000000001abc                eval
                0x0000000000001ba9                builtin_command
                0x00000000000025fb                parseline
                0x0000000000002734                Init
                0x0000000000002856                TestA
                0x000000000000285b                TestB
                0x0000000000002860                TestC
                0x0000000000002865                panic
                0x00000000000028ae                clear
                0x00000000000028e1                createFile
                0x0000000000002949                writeFile
                0x0000000000002a1f                openFile
                0x0000000000002af8                userRegister
                0x0000000000002c75                userLogin
                0x0000000000002d5c                help
                0x0000000000002ec5                CaclSimilarity
                0x0000000000002f35                ShowComplete
 .text          0x0000000000003146      0x182 kernel/clock.o
                0x0000000000003146                clock_handler
                0x0000000000003236                milli_delay
                0x0000000000003270                init_clock
 .text          0x00000000000032c8      0x6da kernel/keyboard.o
                0x00000000000032c8                keyboard_handler
                0x0000000000003332                init_keyboard
                0x00000000000033e1                keyboard_read
 .text          0x00000000000039a2      0xa4a kernel/tty.o
                0x00000000000039a2                task_tty
                0x0000000000003b93                in_process
                0x00000000000040ec                sys_printx
                0x000000000000428b                dump_tty_buf
 .text          0x00000000000043ec      0x7d7 kernel/console.o
                0x00000000000043ec                init_screen
                0x0000000000004560                out_char
                0x000000000000483d                is_current_console
                0x0000000000004930                select_console
                0x0000000000004970                scroll_screen
 .text          0x0000000000004bc3      0x130 kernel/i8259.o
                0x0000000000004bc3                init_8259A
                0x0000000000004c98                spurious_irq
                0x0000000000004ccf                put_irq_handler
 .text          0x0000000000004cf3        0x0 kernel/global.o
 .text          0x0000000000004cf3      0x65f kernel/protect.o
                0x0000000000004cf3                init_prot
                0x000000000000515b                seg2linear
                0x00000000000051aa                init_desc
                0x0000000000005217                exception_handler
 .text          0x0000000000005352     0x1628 kernel/proc.o
                0x0000000000005352                schedule
                0x00000000000053de                sys_sendrec
                0x00000000000054fe                ldt_seg_linear
                0x0000000000005548                va2la
                0x00000000000055a9                reset_msg
                0x00000000000063b2                inform_int
                0x000000000000652e                dump_proc
                0x000000000000686d                dump_msg
 .text          0x000000000000697a      0x2bc kernel/systask.o
                0x000000000000697a                task_sys
 .text          0x0000000000006c36      0xe1f kernel/hd.o
                0x0000000000006c36                task_hd
                0x0000000000007a2a                hd_handler
 *fill*         0x0000000000007a55        0xb 
 .text          0x0000000000007a60      0x19a kernel/kliba.o
                0x0000000000007a60                disp_str
                0x0000000000007a9e                disp_color_str
                0x0000000000007add                out_byte
                0x0000000000007ae9                in_byte
                0x0000000000007af3                port_read
                0x0000000000007b06                port_write
                0x0000000000007b19                disable_irq
                0x0000000000007b4e                enable_irq
                0x0000000000007b6d                disable_int
                0x0000000000007b6f                enable_int
                0x0000000000007b71                glitter
 .text          0x0000000000007bfa      0x2af kernel/klib.o
                0x0000000000007bfa                get_boot_params
                0x0000000000007c80                get_kernel_map
                0x0000000000007d90                itoa
                0x0000000000007e3b                disp_int
                0x0000000000007e62                delay
 .text          0x0000000000007ea9     0x12d0 kernel/boot_animation.o
                0x0000000000007ea9                boot_animation
 .text          0x0000000000009179       0x6f lib/syslog.o
                0x0000000000009179                syslog
 .text          0x00000000000091e8      0x1bc mm/main.o
                0x00000000000091e8                task_mm
                0x000000000000931f                alloc_mem
                0x000000000000939a                free_mem
 .text          0x00000000000093a4      0x5c0 mm/forkexit.o
                0x00000000000093a4                do_fork
                0x00000000000096e5                do_exit
                0x00000000000098ae                do_wait
 .text          0x0000000000009964      0x356 mm/exec.o
                0x0000000000009964                do_exec
 .text          0x0000000000009cba     0x10b5 fs/main.o
                0x0000000000009cba                task_fs
                0x000000000000a754                rw_sector
                0x000000000000a977                get_super_block
                0x000000000000a9bd                get_inode
                0x000000000000ab20                put_inode
                0x000000000000ab5e                sync_inode
 .text          0x000000000000ad6f      0xdb9 fs/open.o
                0x000000000000ad6f                do_open
                0x000000000000b23e                do_ls
                0x000000000000b40d                do_mkdir
                0x000000000000b4c5                do_close
                0x000000000000b540                do_lseek
 .text          0x000000000000bb28      0x48c fs/misc.o
                0x000000000000bb28                find_entry
                0x000000000000bc79                search_file
                0x000000000000bdcf                strip_path
 .text          0x000000000000bfb4      0x49a fs/read_write.o
                0x000000000000bfb4                do_rdwt
 .text          0x000000000000c44e      0x808 fs/link.o
                0x000000000000c44e                do_unlink
 .text          0x000000000000cc56     0x1fbb fs/disklog.o
                0x000000000000cc56                disklog
                0x000000000000d1c3                dump_fd_graph
 .text          0x000000000000ec11       0xad lib/orangescrt.a(printf.o)
                0x000000000000ec11                printf
                0x000000000000ec7c                printl
 .text          0x000000000000ecbe      0x305 lib/orangescrt.a(vsprintf.o)
                0x000000000000ed1c                vsprintf
                0x000000000000ef9d                sprintf
 *fill*         0x000000000000efc3        0xd 
 .text          0x000000000000efd0       0x78 lib/orangescrt.a(string.o)
                0x000000000000efd0                memcpy
                0x000000000000eff9                memset
                0x000000000000f01a                strcpy
                0x000000000000f032                strlen
 .text          0x000000000000f048      0x3c0 lib/orangescrt.a(misc.o)
                0x000000000000f048                send_recv
                0x000000000000f102                memcmp
                0x000000000000f178                strcmp
                0x000000000000f1eb                strcat
                0x000000000000f24a                spin
                0x000000000000f265                assertion_failure
                0x000000000000f29e                strcmp_length
                0x000000000000f333                strchr
                0x000000000000f371                addTwoString
 .text          0x000000000000f408       0x43 lib/orangescrt.a(ls.o)
                0x000000000000f408                ls
 .text          0x000000000000f44b       0x64 lib/orangescrt.a(mkdir.o)
                0x000000000000f44b                mkdir
 .text          0x000000000000f4af       0x63 lib/orangescrt.a(open.o)
                0x000000000000f4af                open
 .text          0x000000000000f512       0x37 lib/orangescrt.a(read.o)
                0x000000000000f512                read
 .text          0x000000000000f549       0x37 lib/orangescrt.a(write.o)
                0x000000000000f549                write
 .text          0x000000000000f580       0x2b lib/orangescrt.a(close.o)
                0x000000000000f580                close
 .text          0x000000000000f5ab       0x3c lib/orangescrt.a(unlink.o)
                0x000000000000f5ab                unlink
 .text          0x000000000000f5e7       0x46 lib/orangescrt.a(getpid.o)
                0x000000000000f5e7                getpid
 .text          0x000000000000f62d       0x63 lib/orangescrt.a(stat.o)
                0x000000000000f62d                stat
 .text          0x000000000000f690       0x66 lib/orangescrt.a(fork.o)
                0x000000000000f690                fork
 .text          0x000000000000f6f6       0x4a lib/orangescrt.a(exit.o)
                0x000000000000f6f6                exit
 .text          0x000000000000f740       0x3c lib/orangescrt.a(wait.o)
                0x000000000000f740                wait
 .text          0x000000000000f77c      0x237 lib/orangescrt.a(exec.o)
                0x000000000000f77c                exec
                0x000000000000f7e7                execl
                0x000000000000f80c                execv
 *fill*         0x000000000000f9b3        0xd 
 .text          0x000000000000f9c0       0x28 lib/orangescrt.a(syscall.o)
                0x000000000000f9c0                sendrec
                0x000000000000f9da                printx
 *(.gnu.warning)

.fini
 *(SORT(.fini))
                [!provide]                        PROVIDE (__etext, .)
                [!provide]                        PROVIDE (_etext, .)
                [!provide]                        PROVIDE (etext, .)

.rodata         0x000000000000fa00     0x48a3
 *(.rodata .rodata.* .gnu.linkonce.r.*)
 .rodata        0x000000000000fa00       0x47 kernel/start.o
 *fill*         0x000000000000fa47       0x19 
 .rodata        0x000000000000fa60      0x8d0 kernel/main.o
 .rodata        0x0000000000010330       0x64 kernel/keyboard.o
 .rodata        0x0000000000010394      0x168 kernel/tty.o
 .rodata        0x00000000000104fc       0x5b kernel/console.o
 .rodata        0x0000000000010557       0x11 kernel/i8259.o
 .rodata        0x0000000000010568       0x10 kernel/global.o
                0x0000000000010568                FSBUF_SIZE
                0x000000000001056c                MMBUF_SIZE
                0x0000000000010570                LOGBUF_SIZE
                0x0000000000010574                LOGDISKBUF_SIZE
 *fill*         0x0000000000010578        0x8 
 .rodata        0x0000000000010580      0x580 kernel/protect.o
 .rodata        0x0000000000010b00      0x5da kernel/proc.o
 .rodata        0x00000000000110da       0x11 kernel/systask.o
 *fill*         0x00000000000110eb        0x1 
 .rodata        0x00000000000110ec      0x1df kernel/hd.o
 *fill*         0x00000000000112cb        0x1 
 .rodata        0x00000000000112cc       0x6a kernel/klib.o
 *fill*         0x0000000000011336        0x2 
 .rodata        0x0000000000011338     0x1b95 kernel/boot_animation.o
 .rodata        0x0000000000012ecd       0x1e lib/syslog.o
 *fill*         0x0000000000012eeb        0x1 
 .rodata        0x0000000000012eec       0xb1 mm/main.o
 *fill*         0x0000000000012f9d        0x3 
 .rodata        0x0000000000012fa0       0xe7 mm/forkexit.o
 *fill*         0x0000000000013087        0x1 
 .rodata        0x0000000000013088       0xa4 mm/exec.o
 .rodata        0x000000000001312c      0x2c6 fs/main.o
 *fill*         0x00000000000133f2        0x2 
 .rodata        0x00000000000133f4      0x161 fs/open.o
 *fill*         0x0000000000013555        0x3 
 .rodata        0x0000000000013558      0x164 fs/read_write.o
 .rodata        0x00000000000136bc      0x1ad fs/link.o
 *fill*         0x0000000000013869        0x3 
 .rodata        0x000000000001386c      0x806 fs/disklog.o
 .rodata        0x0000000000014072       0x14 lib/orangescrt.a(printf.o)
 *fill*         0x0000000000014086        0x2 
 .rodata        0x0000000000014088       0xad lib/orangescrt.a(misc.o)
 .rodata        0x0000000000014135       0x24 lib/orangescrt.a(mkdir.o)
 .rodata        0x0000000000014159       0x23 lib/orangescrt.a(open.o)
 .rodata        0x000000000001417c       0x25 lib/orangescrt.a(getpid.o)
 .rodata        0x00000000000141a1       0x23 lib/orangescrt.a(stat.o)
 .rodata        0x00000000000141c4       0x33 lib/orangescrt.a(fork.o)
 .rodata        0x00000000000141f7       0x23 lib/orangescrt.a(exit.o)
 *fill*         0x000000000001421a        0x2 
 .rodata        0x000000000001421c       0x87 lib/orangescrt.a(exec.o)

.rodata1
 *(.rodata1)

.eh_frame_hdr
 *(.eh_frame_hdr)
 *(.eh_frame_entry .eh_frame_entry.*)

.eh_frame       0x00000000000142a4     0x1578
 *(.eh_frame)
 .eh_frame      0x00000000000142a4       0x38 kernel/start.o
 .eh_frame      0x00000000000142dc      0x29c kernel/main.o
                                        0x2b4 (size before relaxing)
 .eh_frame      0x0000000000014578       0x60 kernel/clock.o
                                         0x78 (size before relaxing)
 .eh_frame      0x00000000000145d8       0xe0 kernel/keyboard.o
                                         0xf8 (size before relaxing)
 .eh_frame      0x00000000000146b8      0x13c kernel/tty.o
                                        0x154 (size before relaxing)
 .eh_frame      0x00000000000147f4      0x144 kernel/console.o
                                        0x15c (size before relaxing)
 .eh_frame      0x0000000000014938       0x60 kernel/i8259.o
                                         0x78 (size before relaxing)
 .eh_frame      0x0000000000014998       0xb0 kernel/protect.o
                                         0xc8 (size before relaxing)
 .eh_frame      0x0000000000014a48      0x1b8 kernel/proc.o
                                        0x1d0 (size before relaxing)
 .eh_frame      0x0000000000014c00       0x5c kernel/systask.o
                                         0x74 (size before relaxing)
 .eh_frame      0x0000000000014c5c      0x1f0 kernel/hd.o
                                        0x208 (size before relaxing)
 .eh_frame      0x0000000000014e4c       0xa0 kernel/klib.o
                                         0xb8 (size before relaxing)
 .eh_frame      0x0000000000014eec       0x20 kernel/boot_animation.o
                                         0x38 (size before relaxing)
 .eh_frame      0x0000000000014f0c       0x20 lib/syslog.o
                                         0x38 (size before relaxing)
 .eh_frame      0x0000000000014f2c       0x7c mm/main.o
                                         0x94 (size before relaxing)
 .eh_frame      0x0000000000014fa8       0x90 mm/forkexit.o
                                         0xa8 (size before relaxing)
 .eh_frame      0x0000000000015038       0x2c mm/exec.o
                                         0x44 (size before relaxing)
 .eh_frame      0x0000000000015064      0x170 fs/main.o
                                        0x188 (size before relaxing)
 .eh_frame      0x00000000000151d4      0x188 fs/open.o
                                        0x1a0 (size before relaxing)
 .eh_frame      0x000000000001535c       0x6c fs/misc.o
                                         0x84 (size before relaxing)
 .eh_frame      0x00000000000153c8       0x2c fs/read_write.o
                                         0x44 (size before relaxing)
 .eh_frame      0x00000000000153f4       0x2c fs/link.o
                                         0x44 (size before relaxing)
 .eh_frame      0x0000000000015420       0x60 fs/disklog.o
                                         0x78 (size before relaxing)
 .eh_frame      0x0000000000015480       0x40 lib/orangescrt.a(printf.o)
                                         0x58 (size before relaxing)
 .eh_frame      0x00000000000154c0       0x60 lib/orangescrt.a(vsprintf.o)
                                         0x78 (size before relaxing)
 .eh_frame      0x0000000000015520      0x11c lib/orangescrt.a(misc.o)
                                        0x134 (size before relaxing)
 .eh_frame      0x000000000001563c       0x20 lib/orangescrt.a(ls.o)
                                         0x38 (size before relaxing)
 .eh_frame      0x000000000001565c       0x20 lib/orangescrt.a(mkdir.o)
                                         0x38 (size before relaxing)
 .eh_frame      0x000000000001567c       0x20 lib/orangescrt.a(open.o)
                                         0x38 (size before relaxing)
 .eh_frame      0x000000000001569c       0x20 lib/orangescrt.a(read.o)
                                         0x38 (size before relaxing)
 .eh_frame      0x00000000000156bc       0x20 lib/orangescrt.a(write.o)
                                         0x38 (size before relaxing)
 .eh_frame      0x00000000000156dc       0x20 lib/orangescrt.a(close.o)
                                         0x38 (size before relaxing)
 .eh_frame      0x00000000000156fc       0x20 lib/orangescrt.a(unlink.o)
                                         0x38 (size before relaxing)
 .eh_frame      0x000000000001571c       0x20 lib/orangescrt.a(getpid.o)
                                         0x38 (size before relaxing)
 .eh_frame      0x000000000001573c       0x20 lib/orangescrt.a(stat.o)
                                         0x38 (size before relaxing)
 .eh_frame      0x000000000001575c       0x20 lib/orangescrt.a(fork.o)
                                         0x38 (size before relaxing)
 .eh_frame      0x000000000001577c       0x20 lib/orangescrt.a(exit.o)
                                         0x38 (size before relaxing)
 .eh_frame      0x000000000001579c       0x20 lib/orangescrt.a(wait.o)
                                         0x38 (size before relaxing)
 .eh_frame      0x00000000000157bc       0x60 lib/orangescrt.a(exec.o)
                                         0x78 (size before relaxing)
 *(.eh_frame.*)

.gcc_except_table
 *(.gcc_except_table .gcc_except_table.*)

.gnu_extab
 *(.gnu_extab*)

.exception_ranges
 *(.exception_ranges .exception_ranges*)
                0x000000000001681c                . = DATA_SEGMENT_ALIGN (0x1000, 0x1000)

.eh_frame
 *(.eh_frame)
 *(.eh_frame.*)

.gnu_extab
 *(.gnu_extab)

.gcc_except_table
 *(.gcc_except_table .gcc_except_table.*)

.exception_ranges
 *(.exception_ranges .exception_ranges*)

.tdata
 *(.tdata .tdata.* .gnu.linkonce.td.*)

.tbss
 *(.tbss .tbss.* .gnu.linkonce.tb.*)
 *(.tcommon)

.preinit_array  0x000000000001681c        0x0
                [!provide]                        PROVIDE (__preinit_array_start, .)
 *(.preinit_array)
                [!provide]                        PROVIDE (__preinit_array_end, .)

.init_array     0x000000000001681c        0x0
                [!provide]                        PROVIDE (__init_array_start, .)
 *(SORT(.init_array.*) SORT(.ctors.*))
 *(.init_array EXCLUDE_FILE(*crtend?.o *crtend.o *crtbegin?.o *crtbegin.o) .ctors)
                [!provide]                        PROVIDE (__init_array_end, .)

.fini_array     0x000000000001681c        0x0
                [!provide]                        PROVIDE (__fini_array_start, .)
 *(SORT(.fini_array.*) SORT(.dtors.*))
 *(.fini_array EXCLUDE_FILE(*crtend?.o *crtend.o *crtbegin?.o *crtbegin.o) .dtors)
                [!provide]                        PROVIDE (__fini_array_end, .)

.ctors
 *crtbegin.o(.ctors)
 *crtbegin?.o(.ctors)
 *(EXCLUDE_FILE(*crtend?.o *crtend.o) .ctors)
 *(SORT(.ctors.*))
 *(.ctors)

.dtors
 *crtbegin.o(.dtors)
 *crtbegin?.o(.dtors)
 *(EXCLUDE_FILE(*crtend?.o *crtend.o) .dtors)
 *(SORT(.dtors.*))
 *(.dtors)

.jcr
 *(.jcr)

.data.rel.ro
 *(.data.rel.ro.local* .gnu.linkonce.d.rel.ro.local.*)
 *(.data.rel.ro .data.rel.ro.* .gnu.linkonce.d.rel.ro.*)

.dynamic
 *(.dynamic)

.got
 *(.got)
 *(.igot)
                0x000000000001681c                . = DATA_SEGMENT_RELRO_END (., (SIZEOF (.got.plt) >= 0xc)?0xc:0x0)

.got.plt        0x000000000001681c        0x0
 *(.got.plt)
 *(.igot.plt)
 .igot.plt      0x000000000001681c        0x0 kernel/kernel.o

.data           0x0000000000016820      0x874
 *(.data .data.* .gnu.linkonce.d.*)
 .data          0x0000000000016820        0x2 kernel/kernel.o
 .data          0x0000000000016822        0x0 kernel/start.o
 *fill*         0x0000000000016822       0x1e 
 .data          0x0000000000016840       0x50 kernel/main.o
                0x0000000000016840                current_dir
                0x0000000000016880                current_user
 .data          0x0000000000016890        0x0 kernel/clock.o
 *fill*         0x0000000000016890       0x10 
 .data          0x00000000000168a0      0x600 kernel/keyboard.o
                0x00000000000168a0                keymap
 .data          0x0000000000016ea0       0x22 kernel/tty.o
 .data          0x0000000000016ec2        0x0 kernel/console.o
 .data          0x0000000000016ec2        0x0 kernel/i8259.o
 *fill*         0x0000000000016ec2       0x1e 
 .data          0x0000000000016ee0      0x1b4 kernel/global.o
                0x0000000000016ee0                task_table
                0x0000000000016fc0                user_proc_table
                0x0000000000017060                sys_call_table
                0x000000000001706c                dd_map
                0x0000000000017084                fsbuf
                0x0000000000017088                mmbuf
                0x000000000001708c                logbuf
                0x0000000000017090                logdiskbuf
 .data          0x0000000000017094        0x0 kernel/protect.o
 .data          0x0000000000017094        0x0 kernel/proc.o
 .data          0x0000000000017094        0x0 kernel/systask.o
 .data          0x0000000000017094        0x0 kernel/hd.o
 .data          0x0000000000017094        0x0 kernel/klib.o
 .data          0x0000000000017094        0x0 kernel/boot_animation.o
 .data          0x0000000000017094        0x0 lib/syslog.o
 .data          0x0000000000017094        0x0 mm/main.o
 .data          0x0000000000017094        0x0 mm/forkexit.o
 .data          0x0000000000017094        0x0 mm/exec.o
 .data          0x0000000000017094        0x0 fs/main.o
 .data          0x0000000000017094        0x0 fs/open.o
 .data          0x0000000000017094        0x0 fs/misc.o
 .data          0x0000000000017094        0x0 fs/read_write.o
 .data          0x0000000000017094        0x0 fs/link.o
 .data          0x0000000000017094        0x0 fs/disklog.o
 .data          0x0000000000017094        0x0 lib/orangescrt.a(printf.o)
 .data          0x0000000000017094        0x0 lib/orangescrt.a(vsprintf.o)
 .data          0x0000000000017094        0x0 lib/orangescrt.a(misc.o)
 .data          0x0000000000017094        0x0 lib/orangescrt.a(ls.o)
 .data          0x0000000000017094        0x0 lib/orangescrt.a(mkdir.o)
 .data          0x0000000000017094        0x0 lib/orangescrt.a(open.o)
 .data          0x0000000000017094        0x0 lib/orangescrt.a(read.o)
 .data          0x0000000000017094        0x0 lib/orangescrt.a(write.o)
 .data          0x0000000000017094        0x0 lib/orangescrt.a(close.o)
 .data          0x0000000000017094        0x0 lib/orangescrt.a(unlink.o)
 .data          0x0000000000017094        0x0 lib/orangescrt.a(getpid.o)
 .data          0x0000000000017094        0x0 lib/orangescrt.a(stat.o)
 .data          0x0000000000017094        0x0 lib/orangescrt.a(fork.o)
 .data          0x0000000000017094        0x0 lib/orangescrt.a(exit.o)
 .data          0x0000000000017094        0x0 lib/orangescrt.a(wait.o)
 .data          0x0000000000017094        0x0 lib/orangescrt.a(exec.o)

.data1
 *(.data1)
                0x0000000000017094                _edata = .
                [!provide]                        PROVIDE (edata, .)
                0x0000000000017094                . = .
                0x0000000000017094                __bss_start = .

.bss            0x00000000000170a0    0x2b85c
 *(.dynbss)
 *(.bss .bss.* .gnu.linkonce.b.*)
 .bss           0x00000000000170a0      0x800 kernel/kernel.o
 .bss           0x00000000000178a0        0x0 kernel/start.o
 .bss           0x00000000000178a0        0x0 kernel/main.o
 .bss           0x00000000000178a0        0x0 kernel/clock.o
 .bss           0x00000000000178a0       0x58 kernel/keyboard.o
 .bss           0x00000000000178f8        0x0 kernel/tty.o
 .bss           0x00000000000178f8        0x0 kernel/console.o
 .bss           0x00000000000178f8        0x0 kernel/i8259.o
 .bss           0x00000000000178f8        0x0 kernel/global.o
 .bss           0x00000000000178f8        0x0 kernel/protect.o
 .bss           0x00000000000178f8        0x0 kernel/proc.o
 .bss           0x00000000000178f8        0x0 kernel/systask.o
 *fill*         0x00000000000178f8        0x8 
 .bss           0x0000000000017900      0x64c kernel/hd.o
 .bss           0x0000000000017f4c        0x0 kernel/klib.o
 .bss           0x0000000000017f4c        0x0 kernel/boot_animation.o
 .bss           0x0000000000017f4c        0x0 lib/syslog.o
 .bss           0x0000000000017f4c        0x0 mm/main.o
 .bss           0x0000000000017f4c        0x0 mm/forkexit.o
 .bss           0x0000000000017f4c        0x0 mm/exec.o
 .bss           0x0000000000017f4c        0x0 fs/main.o
 .bss           0x0000000000017f4c        0x0 fs/open.o
 .bss           0x0000000000017f4c        0x0 fs/misc.o
 .bss           0x0000000000017f4c        0x0 fs/read_write.o
 .bss           0x0000000000017f4c        0x0 fs/link.o
 *fill*         0x0000000000017f4c       0x14 
 .bss           0x0000000000017f60      0x208 fs/disklog.o
 .bss           0x0000000000018168        0x0 lib/orangescrt.a(printf.o)
 .bss           0x0000000000018168        0x0 lib/orangescrt.a(vsprintf.o)
 .bss           0x0000000000018168        0x0 lib/orangescrt.a(misc.o)
 .bss           0x0000000000018168        0x0 lib/orangescrt.a(ls.o)
 .bss           0x0000000000018168        0x0 lib/orangescrt.a(mkdir.o)
 .bss           0x0000000000018168        0x0 lib/orangescrt.a(open.o)
 .bss           0x0000000000018168        0x0 lib/orangescrt.a(read.o)
 .bss           0x0000000000018168        0x0 lib/orangescrt.a(write.o)
 .bss           0x0000000000018168        0x0 lib/orangescrt.a(close.o)
 .bss           0x0000000000018168        0x0 lib/orangescrt.a(unlink.o)
 .bss           0x0000000000018168        0x0 lib/orangescrt.a(getpid.o)
 .bss           0x0000000000018168        0x0 lib/orangescrt.a(stat.o)
 .bss           0x0000000000018168        0x0 lib/orangescrt.a(fork.o)
 .bss           0x0000000000018168        0x0 lib/orangescrt.a(exit.o)
 .bss           0x0000000000018168        0x0 lib/orangescrt.a(wait.o)
 .bss           0x0000000000018168        0x0 lib/orangescrt.a(exec.o)
 *(COMMON)
 *fill*         0x0000000000018168       0x18 
 COMMON         0x0000000000018180       0x3c kernel/main.o
                0x0000000000018180                users
 *fill*         0x00000000000181bc        0x4 
 COMMON         0x00000000000181c0    0x2a72c kernel/global.o
                0x00000000000181c0                idt_ptr
                0x00000000000181e0                inode_table
                0x0000000000018ce0                task_stack
                0x000000000003cce0                k_reenter
                0x000000000003cd00                gdt
                0x000000000003d100                current_console
                0x000000000003d104                pcaller
                0x000000000003d120                tty_table
                0x000000000003dda0                tss
                0x000000000003de20                fs_msg
                0x000000000003de50                memory_size
                0x000000000003de60                f_desc_table
                0x000000000003e260                root_inode
                0x000000000003e264                disp_pos
                0x000000000003e280                mm_msg
                0x000000000003e2b0                key_pressed
                0x000000000003e2b4                gdt_ptr
                0x000000000003e2c0                idt
                0x000000000003eac0                super_block
                0x000000000003eca0                ticks
                0x000000000003ecc0                console_table
                0x000000000003ed00                irq_table
                0x000000000003ed40                p_proc_ready
                0x000000000003ed60                proc_table
 COMMON         0x00000000000428ec       0x10 kernel/hd.o
                0x00000000000428ec                PARTITION_ENTRY
                0x00000000000428fc                . = ALIGN ((. != 0x0)?0x4:0x1)
                0x00000000000428fc                . = ALIGN (0x4)
                0x00000000000428fc                . = SEGMENT_START ("ldata-segment", .)
                0x00000000000428fc                . = ALIGN (0x4)
                0x00000000000428fc                _end = .
                [!provide]                        PROVIDE (end, .)
                0x00000000000428fc                . = DATA_SEGMENT_END (.)

.stab
 *(.stab)

.stabstr
 *(.stabstr)

.stab.excl
 *(.stab.excl)

.stab.exclstr
 *(.stab.exclstr)

.stab.index
 *(.stab.index)

.stab.indexstr
 *(.stab.indexstr)

.comment        0x0000000000000000       0x34
 *(.comment)
 .comment       0x0000000000000000       0x34 kernel/start.o
                                         0x35 (size before relaxing)
 .comment       0x0000000000000034       0x35 kernel/main.o
 .comment       0x0000000000000034       0x35 kernel/clock.o
 .comment       0x0000000000000034       0x35 kernel/keyboard.o
 .comment       0x0000000000000034       0x35 kernel/tty.o
 .comment       0x0000000000000034       0x35 kernel/console.o
 .comment       0x0000000000000034       0x35 kernel/i8259.o
 .comment       0x0000000000000034       0x35 kernel/global.o
 .comment       0x0000000000000034       0x35 kernel/protect.o
 .comment       0x0000000000000034       0x35 kernel/proc.o
 .comment       0x0000000000000034       0x35 kernel/systask.o
 .comment       0x0000000000000034       0x35 kernel/hd.o
 .comment       0x0000000000000034       0x35 kernel/klib.o
 .comment       0x0000000000000034       0x35 kernel/boot_animation.o
 .comment       0x0000000000000034       0x35 lib/syslog.o
 .comment       0x0000000000000034       0x35 mm/main.o
 .comment       0x0000000000000034       0x35 mm/forkexit.o
 .comment       0x0000000000000034       0x35 mm/exec.o
 .comment       0x0000000000000034       0x35 fs/main.o
 .comment       0x0000000000000034       0x35 fs/open.o
 .comment       0x0000000000000034       0x35 fs/misc.o
 .comment       0x0000000000000034       0x35 fs/read_write.o
 .comment       0x0000000000000034       0x35 fs/link.o
 .comment       0x0000000000000034       0x35 fs/disklog.o
 .comment       0x0000000000000034       0x35 lib/orangescrt.a(printf.o)
 .comment       0x0000000000000034       0x35 lib/orangescrt.a(vsprintf.o)
 .comment       0x0000000000000034       0x35 lib/orangescrt.a(misc.o)
 .comment       0x0000000000000034       0x35 lib/orangescrt.a(ls.o)
 .comment       0x0000000000000034       0x35 lib/orangescrt.a(mkdir.o)
 .comment       0x0000000000000034       0x35 lib/orangescrt.a(open.o)
 .comment       0x0000000000000034       0x35 lib/orangescrt.a(read.o)
 .comment       0x0000000000000034       0x35 lib/orangescrt.a(write.o)
 .comment       0x0000000000000034       0x35 lib/orangescrt.a(close.o)
 .comment       0x0000000000000034       0x35 lib/orangescrt.a(unlink.o)
 .comment       0x0000000000000034       0x35 lib/orangescrt.a(getpid.o)
 .comment       0x0000000000000034       0x35 lib/orangescrt.a(stat.o)
 .comment       0x0000000000000034       0x35 lib/orangescrt.a(fork.o)
 .comment       0x0000000000000034       0x35 lib/orangescrt.a(exit.o)
 .comment       0x0000000000000034       0x35 lib/orangescrt.a(wait.o)
 .comment       0x0000000000000034       0x35 lib/orangescrt.a(exec.o)

.debug
 *(.debug)

.line
 *(.line)

.debug_srcinfo
 *(.debug_srcinfo)

.debug_sfnames
 *(.debug_sfnames)

.debug_aranges
 *(.debug_aranges)

.debug_pubnames
 *(.debug_pubnames)

.debug_info
 *(.debug_info .gnu.linkonce.wi.*)

.debug_abbrev
 *(.debug_abbrev)

.debug_line
 *(.debug_line .debug_line.* .debug_line_end)

.debug_frame
 *(.debug_frame)

.debug_str
 *(.debug_str)

.debug_loc
 *(.debug_loc)

.debug_macinfo
 *(.debug_macinfo)

.debug_weaknames
 *(.debug_weaknames)

.debug_funcnames
 *(.debug_funcnames)

.debug_typenames
 *(.debug_typenames)

.debug_varnames
 *(.debug_varnames)

.debug_pubtypes
 *(.debug_pubtypes)

.debug_ranges
 *(.debug_ranges)

.debug_macro
 *(.debug_macro)

.gnu.attributes
 *(.gnu.attributes)

/DISCARD/
 *(.note.GNU-stack)
 *(.gnu_debuglink)
 *(.gnu.lto_*)
OUTPUT(kernel.bin elf32-i386)
