Archive member included to satisfy reference by file (symbol)

lib/orangescrt.a(printf.o)    kernel/main.o (printf)
lib/orangescrt.a(vsprintf.o)  kernel/main.o (vsprintf)
lib/orangescrt.a(string.o)    kernel/start.o (memcpy)
lib/orangescrt.a(misc.o)      kernel/main.o (send_recv)
lib/orangescrt.a(ls.o)        kernel/main.o (ls)
lib/orangescrt.a(mkdir.o)     kernel/main.o (mkdir)
lib/orangescrt.a(open.o)      kernel/main.o (open)
lib/orangescrt.a(read.o)      kernel/main.o (read)
lib/orangescrt.a(write.o)     kernel/main.o (write)
lib/orangescrt.a(close.o)     kernel/main.o (close)
lib/orangescrt.a(unlink.o)    kernel/main.o (unlink)
lib/orangescrt.a(getpid.o)    fs/disklog.o (getpid)
lib/orangescrt.a(stat.o)      mm/exec.o (stat)
lib/orangescrt.a(fork.o)      kernel/main.o (fork)
lib/orangescrt.a(exit.o)      kernel/main.o (exit)
lib/orangescrt.a(wait.o)      kernel/main.o (wait)
lib/orangescrt.a(exec.o)      kernel/main.o (execv)
lib/orangescrt.a(syscall.o)   lib/orangescrt.a(misc.o) (sendrec)

Allocating common symbols
Common symbol       size              file

idt_ptr             0x6               kernel/global.o
inode_table         0xb00             kernel/global.o
task_stack          0x24000           kernel/global.o
k_reenter           0x4               kernel/global.o
gdt                 0x400             kernel/global.o
current_console     0x4               kernel/global.o
pcaller             0x4               kernel/global.o
tty_table           0xc6c             kernel/global.o
tss                 0x68              kernel/global.o
fs_msg              0x30              kernel/global.o
memory_size         0x4               kernel/global.o
f_desc_table        0x400             kernel/global.o
root_inode          0x4               kernel/global.o
disp_pos            0x4               kernel/global.o
mm_msg              0x30              kernel/global.o
key_pressed         0x4               kernel/global.o
gdt_ptr             0x6               kernel/global.o
users               0x3c              kernel/main.o
idt                 0x800             kernel/global.o
super_block         0x1e0             kernel/global.o
PARTITION_ENTRY     0x10              kernel/hd.o
ticks               0x4               kernel/global.o
console_table       0x3c              kernel/global.o
irq_table           0x40              kernel/global.o
p_proc_ready        0x4               kernel/global.o
proc_table          0x3af8            kernel/global.o

Discarded input sections

 .note.GNU-stack
                0x0000000000000000        0x0 kernel/start.o
 .note.GNU-stack
                0x0000000000000000        0x0 kernel/main.o
 .note.GNU-stack
                0x0000000000000000        0x0 kernel/clock.o
 .note.GNU-stack
                0x0000000000000000        0x0 kernel/keyboard.o
 .note.GNU-stack
                0x0000000000000000        0x0 kernel/tty.o
 .note.GNU-stack
                0x0000000000000000        0x0 kernel/console.o
 .note.GNU-stack
                0x0000000000000000        0x0 kernel/i8259.o
 .note.GNU-stack
                0x0000000000000000        0x0 kernel/global.o
 .note.GNU-stack
                0x0000000000000000        0x0 kernel/protect.o
 .note.GNU-stack
                0x0000000000000000        0x0 kernel/proc.o
 .note.GNU-stack
                0x0000000000000000        0x0 kernel/systask.o
 .note.GNU-stack
                0x0000000000000000        0x0 kernel/hd.o
 .note.GNU-stack
                0x0000000000000000        0x0 kernel/klib.o
 .note.GNU-stack
                0x0000000000000000        0x0 kernel/boot_animation.o
 .note.GNU-stack
                0x0000000000000000        0x0 lib/syslog.o
 .note.GNU-stack
                0x0000000000000000        0x0 mm/main.o
 .note.GNU-stack
                0x0000000000000000        0x0 mm/forkexit.o
 .note.GNU-stack
                0x0000000000000000        0x0 mm/exec.o
 .note.GNU-stack
                0x0000000000000000        0x0 fs/main.o
 .note.GNU-stack
                0x0000000000000000        0x0 fs/open.o
 .note.GNU-stack
                0x0000000000000000        0x0 fs/misc.o
 .note.GNU-stack
                0x0000000000000000        0x0 fs/read_write.o
 .note.GNU-stack
                0x0000000000000000        0x0 fs/link.o
 .note.GNU-stack
                0x0000000000000000        0x0 fs/disklog.o
 .note.GNU-stack
                0x0000000000000000        0x0 lib/orangescrt.a(printf.o)
 .note.GNU-stack
                0x0000000000000000        0x0 lib/orangescrt.a(vsprintf.o)
 .note.GNU-stack
                0x0000000000000000        0x0 lib/orangescrt.a(misc.o)
 .note.GNU-stack
                0x0000000000000000        0x0 lib/orangescrt.a(ls.o)
 .note.GNU-stack
                0x0000000000000000        0x0 lib/orangescrt.a(mkdir.o)
 .note.GNU-stack
                0x0000000000000000        0x0 lib/orangescrt.a(open.o)
 .note.GNU-stack
                0x0000000000000000        0x0 lib/orangescrt.a(read.o)
 .note.GNU-stack
                0x0000000000000000        0x0 lib/orangescrt.a(write.o)
 .note.GNU-stack
                0x0000000000000000        0x0 lib/orangescrt.a(close.o)
 .note.GNU-stack
                0x0000000000000000        0x0 lib/orangescrt.a(unlink.o)
 .note.GNU-stack
                0x0000000000000000        0x0 lib/orangescrt.a(getpid.o)
 .note.GNU-stack
                0x0000000000000000        0x0 lib/orangescrt.a(stat.o)
 .note.GNU-stack
                0x0000000000000000        0x0 lib/orangescrt.a(fork.o)
 .note.GNU-stack
                0x0000000000000000        0x0 lib/orangescrt.a(exit.o)
 .note.GNU-stack
                0x0000000000000000        0x0 lib/orangescrt.a(wait.o)
 .note.GNU-stack
                0x0000000000000000        0x0 lib/orangescrt.a(exec.o)

Memory Configuration

Name             Origin             Length             Attributes
*default*        0x0000000000000000 0xffffffffffffffff

Linker script and memory map

Address of section .text set to 0x1000
LOAD kernel/kernel.o
LOAD kernel/start.o
LOAD kernel/main.o
LOAD kernel/clock.o
LOAD kernel/keyboard.o
LOAD kernel/tty.o
LOAD kernel/console.o
LOAD kernel/i8259.o
LOAD kernel/global.o
LOAD kernel/protect.o
LOAD kernel/proc.o
LOAD kernel/systask.o
LOAD kernel/hd.o
LOAD kernel/kliba.o
LOAD kernel/klib.o
LOAD kernel/boot_animation.o
LOAD lib/syslog.o
LOAD mm/main.o
LOAD mm/forkexit.o
LOAD mm/exec.o
LOAD fs/main.o
LOAD fs/open.o
LOAD fs/misc.o
LOAD fs/read_write.o
LOAD fs/link.o
LOAD fs/disklog.o
LOAD lib/orangescrt.a
                [!provide]                        PROVIDE (__executable_start, 0x8048000)
                0x0000000008048094                . = (0x8048000 + SIZEOF_HEADERS)

.interp
 *(.interp)

.note.gnu.build-id
 *(.note.gnu.build-id)

.hash
 *(.hash)

.gnu.hash
 *(.gnu.hash)

.dynsym
 *(.dynsym)

.dynstr
 *(.dynstr)

.gnu.version
 *(.gnu.version)

.gnu.version_d
 *(.gnu.version_d)

.gnu.version_r
 *(.gnu.version_r)

.rel.dyn        0x0000000008048094        0x0
 *(.rel.init)
 *(.rel.text .rel.text.* .rel.gnu.linkonce.t.*)
 .rel.text      0x0000000008048094        0x0 kernel/kernel.o
 *(.rel.fini)
 *(.rel.rodata .rel.rodata.* .rel.gnu.linkonce.r.*)
 *(.rel.data.rel.ro .rel.data.rel.ro.* .rel.gnu.linkonce.d.rel.ro.*)
 *(.rel.data .rel.data.* .rel.gnu.linkonce.d.*)
 .rel.data      0x0000000008048094        0x0 kernel/kernel.o
 *(.rel.tdata .rel.tdata.* .rel.gnu.linkonce.td.*)
 *(.rel.tbss .rel.tbss.* .rel.gnu.linkonce.tb.*)
 *(.rel.ctors)
 *(.rel.dtors)
 *(.rel.got)
 *(.rel.bss .rel.bss.* .rel.gnu.linkonce.b.*)
 *(.rel.ifunc)

.rel.plt        0x0000000008048094        0x0
 *(.rel.plt)
                [!provide]                        PROVIDE (__rel_iplt_start, .)
 *(.rel.iplt)
 .rel.iplt      0x0000000008048094        0x0 kernel/kernel.o
                [!provide]                        PROVIDE (__rel_iplt_end, .)

.init
 *(SORT(.init))

.plt            0x00000000080480a0        0x0
 *(.plt)
 *(.iplt)
 .iplt          0x00000000080480a0        0x0 kernel/kernel.o

.plt.got
 *(.plt.got)

.text           0x0000000000001000     0xe3b8
 *(.text.unlikely .text.*_unlikely .text.unlikely.*)
 *(.text.exit .text.exit.*)
 *(.text.startup .text.startup.*)
 *(.text.hot .text.hot.*)
 *(.text .stub .text.* .gnu.linkonce.t.*)
 .text          0x0000000000001000      0x410 kernel/kernel.o
                0x0000000000001000                _start
                0x0000000000001040                hwint00
                0x0000000000001070                hwint01
                0x00000000000010a0                hwint02
                0x00000000000010d0                hwint03
                0x0000000000001100                hwint04
                0x0000000000001130                hwint05
                0x0000000000001160                hwint06
                0x0000000000001190                hwint07
                0x00000000000011c0                hwint08
                0x00000000000011f0                hwint09
                0x0000000000001220                hwint10
                0x0000000000001250                hwint11
                0x0000000000001280                hwint12
                0x00000000000012b0                hwint13
                0x00000000000012e0                hwint14
                0x0000000000001310                hwint15
                0x0000000000001334                divide_error
                0x000000000000133a                single_step_exception
                0x0000000000001340                nmi
                0x0000000000001346                breakpoint_exception
                0x000000000000134c                overflow
                0x0000000000001352                bounds_check
                0x0000000000001358                inval_opcode
                0x000000000000135e                copr_not_available
                0x0000000000001364                double_fault
                0x0000000000001368                copr_seg_overrun
                0x000000000000136e                inval_tss
                0x0000000000001372                segment_not_present
                0x0000000000001376                stack_exception
                0x000000000000137a                general_protection
                0x000000000000137e                page_fault
                0x0000000000001382                copr_error
                0x00000000000013cb                sys_call
                0x00000000000013eb                restart
 .text          0x0000000000001410       0x95 kernel/start.o
                0x0000000000001410                cstart
 .text          0x00000000000014a5     0x189e kernel/main.o
                0x00000000000014a5                kernel_main
                0x00000000000017c0                get_ticks
                0x00000000000017f4                untar
                0x00000000000019b2                shabby_shell
                0x0000000000001aa3                eval
                0x0000000000001b62                builtin_command
                0x00000000000023ca                strchr
                0x0000000000002408                parseline
                0x0000000000002541                Init
                0x0000000000002663                TestA
                0x0000000000002668                TestB
                0x000000000000266d                TestC
                0x0000000000002672                panic
                0x00000000000026bb                clear
                0x00000000000026ee                addTwoString
                0x0000000000002785                createFile
                0x00000000000027ed                writeFile
                0x00000000000028c0                openFile
                0x0000000000002996                userRegister
                0x0000000000002b13                userLogin
                0x0000000000002bfa                help
 .text          0x0000000000002d43      0x10d kernel/clock.o
                0x0000000000002d43                clock_handler
                0x0000000000002dbe                milli_delay
                0x0000000000002df8                init_clock
 .text          0x0000000000002e50      0x6da kernel/keyboard.o
                0x0000000000002e50                keyboard_handler
                0x0000000000002eba                init_keyboard
                0x0000000000002f69                keyboard_read
 .text          0x000000000000352a      0xa4a kernel/tty.o
                0x000000000000352a                task_tty
                0x000000000000371b                in_process
                0x0000000000003c74                sys_printx
                0x0000000000003e13                dump_tty_buf
 .text          0x0000000000003f74      0x7d7 kernel/console.o
                0x0000000000003f74                init_screen
                0x00000000000040e8                out_char
                0x00000000000043c5                is_current_console
                0x00000000000044b8                select_console
                0x00000000000044f8                scroll_screen
 .text          0x000000000000474b      0x130 kernel/i8259.o
                0x000000000000474b                init_8259A
                0x0000000000004820                spurious_irq
                0x0000000000004857                put_irq_handler
 .text          0x000000000000487b        0x0 kernel/global.o
 .text          0x000000000000487b      0x65f kernel/protect.o
                0x000000000000487b                init_prot
                0x0000000000004ce3                seg2linear
                0x0000000000004d32                init_desc
                0x0000000000004d9f                exception_handler
 .text          0x0000000000004eda     0x15f5 kernel/proc.o
                0x0000000000004eda                schedule
                0x0000000000004f66                sys_sendrec
                0x0000000000005086                ldt_seg_linear
                0x00000000000050d0                va2la
                0x0000000000005131                reset_msg
                0x0000000000005f16                inform_int
                0x0000000000006086                dump_proc
                0x00000000000063c2                dump_msg
 .text          0x00000000000064cf      0x2bc kernel/systask.o
                0x00000000000064cf                task_sys
 .text          0x000000000000678b      0xe1f kernel/hd.o
                0x000000000000678b                task_hd
                0x000000000000757f                hd_handler
 *fill*         0x00000000000075aa        0x6 
 .text          0x00000000000075b0      0x19a kernel/kliba.o
                0x00000000000075b0                disp_str
                0x00000000000075ee                disp_color_str
                0x000000000000762d                out_byte
                0x0000000000007639                in_byte
                0x0000000000007643                port_read
                0x0000000000007656                port_write
                0x0000000000007669                disable_irq
                0x000000000000769e                enable_irq
                0x00000000000076bd                disable_int
                0x00000000000076bf                enable_int
                0x00000000000076c1                glitter
 .text          0x000000000000774a      0x2af kernel/klib.o
                0x000000000000774a                get_boot_params
                0x00000000000077d0                get_kernel_map
                0x00000000000078e0                itoa
                0x000000000000798b                disp_int
                0x00000000000079b2                delay
 .text          0x00000000000079f9     0x12d0 kernel/boot_animation.o
                0x00000000000079f9                boot_animation
 .text          0x0000000000008cc9       0x6f lib/syslog.o
                0x0000000000008cc9                syslog
 .text          0x0000000000008d38      0x1bc mm/main.o
                0x0000000000008d38                task_mm
                0x0000000000008e6f                alloc_mem
                0x0000000000008eea                free_mem
 .text          0x0000000000008ef4      0x5c0 mm/forkexit.o
                0x0000000000008ef4                do_fork
                0x0000000000009235                do_exit
                0x00000000000093fe                do_wait
 .text          0x00000000000094b4      0x356 mm/exec.o
                0x00000000000094b4                do_exec
 .text          0x000000000000980a     0x10b5 fs/main.o
                0x000000000000980a                task_fs
                0x000000000000a2a4                rw_sector
                0x000000000000a4c7                get_super_block
                0x000000000000a50d                get_inode
                0x000000000000a670                put_inode
                0x000000000000a6ae                sync_inode
 .text          0x000000000000a8bf      0xdb9 fs/open.o
                0x000000000000a8bf                do_open
                0x000000000000ad8e                do_ls
                0x000000000000af5d                do_mkdir
                0x000000000000b015                do_close
                0x000000000000b090                do_lseek
 .text          0x000000000000b678      0x48c fs/misc.o
                0x000000000000b678                find_entry
                0x000000000000b7c9                search_file
                0x000000000000b91f                strip_path
 .text          0x000000000000bb04      0x49a fs/read_write.o
                0x000000000000bb04                do_rdwt
 .text          0x000000000000bf9e      0x808 fs/link.o
                0x000000000000bf9e                do_unlink
 .text          0x000000000000c7a6     0x1fb8 fs/disklog.o
                0x000000000000c7a6                disklog
                0x000000000000cd13                dump_fd_graph
 .text          0x000000000000e75e       0xad lib/orangescrt.a(printf.o)
                0x000000000000e75e                printf
                0x000000000000e7c9                printl
 .text          0x000000000000e80b      0x305 lib/orangescrt.a(vsprintf.o)
                0x000000000000e869                vsprintf
                0x000000000000eaea                sprintf
 .text          0x000000000000eb10       0x78 lib/orangescrt.a(string.o)
                0x000000000000eb10                memcpy
                0x000000000000eb39                memset
                0x000000000000eb5a                strcpy
                0x000000000000eb72                strlen
 .text          0x000000000000eb88      0x256 lib/orangescrt.a(misc.o)
                0x000000000000eb88                send_recv
                0x000000000000ec42                memcmp
                0x000000000000ecb8                strcmp
                0x000000000000ed2b                strcat
                0x000000000000ed8a                spin
                0x000000000000eda5                assertion_failure
 .text          0x000000000000edde       0x43 lib/orangescrt.a(ls.o)
                0x000000000000edde                ls
 .text          0x000000000000ee21       0x64 lib/orangescrt.a(mkdir.o)
                0x000000000000ee21                mkdir
 .text          0x000000000000ee85       0x63 lib/orangescrt.a(open.o)
                0x000000000000ee85                open
 .text          0x000000000000eee8       0x37 lib/orangescrt.a(read.o)
                0x000000000000eee8                read
 .text          0x000000000000ef1f       0x37 lib/orangescrt.a(write.o)
                0x000000000000ef1f                write
 .text          0x000000000000ef56       0x2b lib/orangescrt.a(close.o)
                0x000000000000ef56                close
 .text          0x000000000000ef81       0x3c lib/orangescrt.a(unlink.o)
                0x000000000000ef81                unlink
 .text          0x000000000000efbd       0x46 lib/orangescrt.a(getpid.o)
                0x000000000000efbd                getpid
 .text          0x000000000000f003       0x63 lib/orangescrt.a(stat.o)
                0x000000000000f003                stat
 .text          0x000000000000f066       0x66 lib/orangescrt.a(fork.o)
                0x000000000000f066                fork
 .text          0x000000000000f0cc       0x4a lib/orangescrt.a(exit.o)
                0x000000000000f0cc                exit
 .text          0x000000000000f116       0x3c lib/orangescrt.a(wait.o)
                0x000000000000f116                wait
 .text          0x000000000000f152      0x237 lib/orangescrt.a(exec.o)
                0x000000000000f152                exec
                0x000000000000f1bd                execl
                0x000000000000f1e2                execv
 *fill*         0x000000000000f389        0x7 
 .text          0x000000000000f390       0x28 lib/orangescrt.a(syscall.o)
                0x000000000000f390                sendrec
                0x000000000000f3aa                printx
 *(.gnu.warning)

.fini
 *(SORT(.fini))
                [!provide]                        PROVIDE (__etext, .)
                [!provide]                        PROVIDE (_etext, .)
                [!provide]                        PROVIDE (etext, .)

.rodata         0x000000000000f3c0     0x4743
 *(.rodata .rodata.* .gnu.linkonce.r.*)
 .rodata        0x000000000000f3c0       0x47 kernel/start.o
 *fill*         0x000000000000f407        0x1 
 .rodata        0x000000000000f408      0x77c kernel/main.o
 .rodata        0x000000000000fb84       0x64 kernel/keyboard.o
 .rodata        0x000000000000fbe8      0x168 kernel/tty.o
 .rodata        0x000000000000fd50       0x5b kernel/console.o
 .rodata        0x000000000000fdab       0x11 kernel/i8259.o
 .rodata        0x000000000000fdbc       0x10 kernel/global.o
                0x000000000000fdbc                FSBUF_SIZE
                0x000000000000fdc0                MMBUF_SIZE
                0x000000000000fdc4                LOGBUF_SIZE
                0x000000000000fdc8                LOGDISKBUF_SIZE
 *fill*         0x000000000000fdcc       0x14 
 .rodata        0x000000000000fde0      0x580 kernel/protect.o
 .rodata        0x0000000000010360      0x5da kernel/proc.o
 .rodata        0x000000000001093a       0x11 kernel/systask.o
 *fill*         0x000000000001094b        0x1 
 .rodata        0x000000000001094c      0x1df kernel/hd.o
 *fill*         0x0000000000010b2b        0x1 
 .rodata        0x0000000000010b2c       0x6a kernel/klib.o
 *fill*         0x0000000000010b96        0x2 
 .rodata        0x0000000000010b98     0x1b95 kernel/boot_animation.o
 .rodata        0x000000000001272d       0x1e lib/syslog.o
 *fill*         0x000000000001274b        0x1 
 .rodata        0x000000000001274c       0xb1 mm/main.o
 *fill*         0x00000000000127fd        0x3 
 .rodata        0x0000000000012800       0xe7 mm/forkexit.o
 *fill*         0x00000000000128e7        0x1 
 .rodata        0x00000000000128e8       0xa4 mm/exec.o
 .rodata        0x000000000001298c      0x2c6 fs/main.o
 *fill*         0x0000000000012c52        0x2 
 .rodata        0x0000000000012c54      0x161 fs/open.o
 *fill*         0x0000000000012db5        0x3 
 .rodata        0x0000000000012db8      0x164 fs/read_write.o
 .rodata        0x0000000000012f1c      0x1ad fs/link.o
 *fill*         0x00000000000130c9        0x3 
 .rodata        0x00000000000130cc      0x806 fs/disklog.o
 .rodata        0x00000000000138d2       0x14 lib/orangescrt.a(printf.o)
 *fill*         0x00000000000138e6        0x2 
 .rodata        0x00000000000138e8       0xad lib/orangescrt.a(misc.o)
 .rodata        0x0000000000013995       0x24 lib/orangescrt.a(mkdir.o)
 .rodata        0x00000000000139b9       0x23 lib/orangescrt.a(open.o)
 .rodata        0x00000000000139dc       0x25 lib/orangescrt.a(getpid.o)
 .rodata        0x0000000000013a01       0x23 lib/orangescrt.a(stat.o)
 .rodata        0x0000000000013a24       0x33 lib/orangescrt.a(fork.o)
 .rodata        0x0000000000013a57       0x23 lib/orangescrt.a(exit.o)
 *fill*         0x0000000000013a7a        0x2 
 .rodata        0x0000000000013a7c       0x87 lib/orangescrt.a(exec.o)

.rodata1
 *(.rodata1)

.eh_frame_hdr
 *(.eh_frame_hdr)
 *(.eh_frame_entry .eh_frame_entry.*)

.eh_frame       0x0000000000013b04     0x1508
 *(.eh_frame)
 .eh_frame      0x0000000000013b04       0x38 kernel/start.o
 .eh_frame      0x0000000000013b3c      0x28c kernel/main.o
                                        0x2a4 (size before relaxing)
 .eh_frame      0x0000000000013dc8       0x60 kernel/clock.o
                                         0x78 (size before relaxing)
 .eh_frame      0x0000000000013e28       0xe0 kernel/keyboard.o
                                         0xf8 (size before relaxing)
 .eh_frame      0x0000000000013f08      0x13c kernel/tty.o
                                        0x154 (size before relaxing)
 .eh_frame      0x0000000000014044      0x144 kernel/console.o
                                        0x15c (size before relaxing)
 .eh_frame      0x0000000000014188       0x60 kernel/i8259.o
                                         0x78 (size before relaxing)
 .eh_frame      0x00000000000141e8       0xb0 kernel/protect.o
                                         0xc8 (size before relaxing)
 .eh_frame      0x0000000000014298      0x1b8 kernel/proc.o
                                        0x1d0 (size before relaxing)
 .eh_frame      0x0000000000014450       0x5c kernel/systask.o
                                         0x74 (size before relaxing)
 .eh_frame      0x00000000000144ac      0x1f0 kernel/hd.o
                                        0x208 (size before relaxing)
 .eh_frame      0x000000000001469c       0xa0 kernel/klib.o
                                         0xb8 (size before relaxing)
 .eh_frame      0x000000000001473c       0x20 kernel/boot_animation.o
                                         0x38 (size before relaxing)
 .eh_frame      0x000000000001475c       0x20 lib/syslog.o
                                         0x38 (size before relaxing)
 .eh_frame      0x000000000001477c       0x7c mm/main.o
                                         0x94 (size before relaxing)
 .eh_frame      0x00000000000147f8       0x90 mm/forkexit.o
                                         0xa8 (size before relaxing)
 .eh_frame      0x0000000000014888       0x2c mm/exec.o
                                         0x44 (size before relaxing)
 .eh_frame      0x00000000000148b4      0x170 fs/main.o
                                        0x188 (size before relaxing)
 .eh_frame      0x0000000000014a24      0x188 fs/open.o
                                        0x1a0 (size before relaxing)
 .eh_frame      0x0000000000014bac       0x6c fs/misc.o
                                         0x84 (size before relaxing)
 .eh_frame      0x0000000000014c18       0x2c fs/read_write.o
                                         0x44 (size before relaxing)
 .eh_frame      0x0000000000014c44       0x2c fs/link.o
                                         0x44 (size before relaxing)
 .eh_frame      0x0000000000014c70       0x60 fs/disklog.o
                                         0x78 (size before relaxing)
 .eh_frame      0x0000000000014cd0       0x40 lib/orangescrt.a(printf.o)
                                         0x58 (size before relaxing)
 .eh_frame      0x0000000000014d10       0x60 lib/orangescrt.a(vsprintf.o)
                                         0x78 (size before relaxing)
 .eh_frame      0x0000000000014d70       0xbc lib/orangescrt.a(misc.o)
                                         0xd4 (size before relaxing)
 .eh_frame      0x0000000000014e2c       0x20 lib/orangescrt.a(ls.o)
                                         0x38 (size before relaxing)
 .eh_frame      0x0000000000014e4c       0x20 lib/orangescrt.a(mkdir.o)
                                         0x38 (size before relaxing)
 .eh_frame      0x0000000000014e6c       0x20 lib/orangescrt.a(open.o)
                                         0x38 (size before relaxing)
 .eh_frame      0x0000000000014e8c       0x20 lib/orangescrt.a(read.o)
                                         0x38 (size before relaxing)
 .eh_frame      0x0000000000014eac       0x20 lib/orangescrt.a(write.o)
                                         0x38 (size before relaxing)
 .eh_frame      0x0000000000014ecc       0x20 lib/orangescrt.a(close.o)
                                         0x38 (size before relaxing)
 .eh_frame      0x0000000000014eec       0x20 lib/orangescrt.a(unlink.o)
                                         0x38 (size before relaxing)
 .eh_frame      0x0000000000014f0c       0x20 lib/orangescrt.a(getpid.o)
                                         0x38 (size before relaxing)
 .eh_frame      0x0000000000014f2c       0x20 lib/orangescrt.a(stat.o)
                                         0x38 (size before relaxing)
 .eh_frame      0x0000000000014f4c       0x20 lib/orangescrt.a(fork.o)
                                         0x38 (size before relaxing)
 .eh_frame      0x0000000000014f6c       0x20 lib/orangescrt.a(exit.o)
                                         0x38 (size before relaxing)
 .eh_frame      0x0000000000014f8c       0x20 lib/orangescrt.a(wait.o)
                                         0x38 (size before relaxing)
 .eh_frame      0x0000000000014fac       0x60 lib/orangescrt.a(exec.o)
                                         0x78 (size before relaxing)
 *(.eh_frame.*)

.gcc_except_table
 *(.gcc_except_table .gcc_except_table.*)

.gnu_extab
 *(.gnu_extab*)

.exception_ranges
 *(.exception_ranges .exception_ranges*)
                0x000000000001600c                . = DATA_SEGMENT_ALIGN (0x1000, 0x1000)

.eh_frame
 *(.eh_frame)
 *(.eh_frame.*)

.gnu_extab
 *(.gnu_extab)

.gcc_except_table
 *(.gcc_except_table .gcc_except_table.*)

.exception_ranges
 *(.exception_ranges .exception_ranges*)

.tdata
 *(.tdata .tdata.* .gnu.linkonce.td.*)

.tbss
 *(.tbss .tbss.* .gnu.linkonce.tb.*)
 *(.tcommon)

.preinit_array  0x000000000001600c        0x0
                [!provide]                        PROVIDE (__preinit_array_start, .)
 *(.preinit_array)
                [!provide]                        PROVIDE (__preinit_array_end, .)

.init_array     0x000000000001600c        0x0
                [!provide]                        PROVIDE (__init_array_start, .)
 *(SORT(.init_array.*) SORT(.ctors.*))
 *(.init_array EXCLUDE_FILE(*crtend?.o *crtend.o *crtbegin?.o *crtbegin.o) .ctors)
                [!provide]                        PROVIDE (__init_array_end, .)

.fini_array     0x000000000001600c        0x0
                [!provide]                        PROVIDE (__fini_array_start, .)
 *(SORT(.fini_array.*) SORT(.dtors.*))
 *(.fini_array EXCLUDE_FILE(*crtend?.o *crtend.o *crtbegin?.o *crtbegin.o) .dtors)
                [!provide]                        PROVIDE (__fini_array_end, .)

.ctors
 *crtbegin.o(.ctors)
 *crtbegin?.o(.ctors)
 *(EXCLUDE_FILE(*crtend?.o *crtend.o) .ctors)
 *(SORT(.ctors.*))
 *(.ctors)

.dtors
 *crtbegin.o(.dtors)
 *crtbegin?.o(.dtors)
 *(EXCLUDE_FILE(*crtend?.o *crtend.o) .dtors)
 *(SORT(.dtors.*))
 *(.dtors)

.jcr
 *(.jcr)

.data.rel.ro
 *(.data.rel.ro.local* .gnu.linkonce.d.rel.ro.local.*)
 *(.data.rel.ro .data.rel.ro.* .gnu.linkonce.d.rel.ro.*)

.dynamic
 *(.dynamic)

.got
 *(.got)
 *(.igot)
                0x000000000001600c                . = DATA_SEGMENT_RELRO_END (., (SIZEOF (.got.plt) >= 0xc)?0xc:0x0)

.got.plt        0x000000000001600c        0x0
 *(.got.plt)
 *(.igot.plt)
 .igot.plt      0x000000000001600c        0x0 kernel/kernel.o

.data           0x0000000000016020      0x874
 *(.data .data.* .gnu.linkonce.d.*)
 .data          0x0000000000016020        0x2 kernel/kernel.o
 .data          0x0000000000016022        0x0 kernel/start.o
 *fill*         0x0000000000016022       0x1e 
 .data          0x0000000000016040       0x50 kernel/main.o
                0x0000000000016040                current_dir
                0x0000000000016080                current_user
 .data          0x0000000000016090        0x0 kernel/clock.o
 *fill*         0x0000000000016090       0x10 
 .data          0x00000000000160a0      0x600 kernel/keyboard.o
                0x00000000000160a0                keymap
 .data          0x00000000000166a0       0x22 kernel/tty.o
 .data          0x00000000000166c2        0x0 kernel/console.o
 .data          0x00000000000166c2        0x0 kernel/i8259.o
 *fill*         0x00000000000166c2       0x1e 
 .data          0x00000000000166e0      0x1b4 kernel/global.o
                0x00000000000166e0                task_table
                0x00000000000167c0                user_proc_table
                0x0000000000016860                sys_call_table
                0x000000000001686c                dd_map
                0x0000000000016884                fsbuf
                0x0000000000016888                mmbuf
                0x000000000001688c                logbuf
                0x0000000000016890                logdiskbuf
 .data          0x0000000000016894        0x0 kernel/protect.o
 .data          0x0000000000016894        0x0 kernel/proc.o
 .data          0x0000000000016894        0x0 kernel/systask.o
 .data          0x0000000000016894        0x0 kernel/hd.o
 .data          0x0000000000016894        0x0 kernel/klib.o
 .data          0x0000000000016894        0x0 kernel/boot_animation.o
 .data          0x0000000000016894        0x0 lib/syslog.o
 .data          0x0000000000016894        0x0 mm/main.o
 .data          0x0000000000016894        0x0 mm/forkexit.o
 .data          0x0000000000016894        0x0 mm/exec.o
 .data          0x0000000000016894        0x0 fs/main.o
 .data          0x0000000000016894        0x0 fs/open.o
 .data          0x0000000000016894        0x0 fs/misc.o
 .data          0x0000000000016894        0x0 fs/read_write.o
 .data          0x0000000000016894        0x0 fs/link.o
 .data          0x0000000000016894        0x0 fs/disklog.o
 .data          0x0000000000016894        0x0 lib/orangescrt.a(printf.o)
 .data          0x0000000000016894        0x0 lib/orangescrt.a(vsprintf.o)
 .data          0x0000000000016894        0x0 lib/orangescrt.a(misc.o)
 .data          0x0000000000016894        0x0 lib/orangescrt.a(ls.o)
 .data          0x0000000000016894        0x0 lib/orangescrt.a(mkdir.o)
 .data          0x0000000000016894        0x0 lib/orangescrt.a(open.o)
 .data          0x0000000000016894        0x0 lib/orangescrt.a(read.o)
 .data          0x0000000000016894        0x0 lib/orangescrt.a(write.o)
 .data          0x0000000000016894        0x0 lib/orangescrt.a(close.o)
 .data          0x0000000000016894        0x0 lib/orangescrt.a(unlink.o)
 .data          0x0000000000016894        0x0 lib/orangescrt.a(getpid.o)
 .data          0x0000000000016894        0x0 lib/orangescrt.a(stat.o)
 .data          0x0000000000016894        0x0 lib/orangescrt.a(fork.o)
 .data          0x0000000000016894        0x0 lib/orangescrt.a(exit.o)
 .data          0x0000000000016894        0x0 lib/orangescrt.a(wait.o)
 .data          0x0000000000016894        0x0 lib/orangescrt.a(exec.o)

.data1
 *(.data1)
                0x0000000000016894                _edata = .
                [!provide]                        PROVIDE (edata, .)
                0x0000000000016894                . = .
                0x0000000000016894                __bss_start = .

.bss            0x00000000000168a0    0x2b7c8
 *(.dynbss)
 *(.bss .bss.* .gnu.linkonce.b.*)
 .bss           0x00000000000168a0      0x800 kernel/kernel.o
 .bss           0x00000000000170a0        0x0 kernel/start.o
 .bss           0x00000000000170a0        0x0 kernel/main.o
 .bss           0x00000000000170a0        0x0 kernel/clock.o
 .bss           0x00000000000170a0       0x58 kernel/keyboard.o
 .bss           0x00000000000170f8        0x0 kernel/tty.o
 .bss           0x00000000000170f8        0x0 kernel/console.o
 .bss           0x00000000000170f8        0x0 kernel/i8259.o
 .bss           0x00000000000170f8        0x0 kernel/global.o
 .bss           0x00000000000170f8        0x0 kernel/protect.o
 .bss           0x00000000000170f8        0x0 kernel/proc.o
 .bss           0x00000000000170f8        0x0 kernel/systask.o
 *fill*         0x00000000000170f8        0x8 
 .bss           0x0000000000017100      0x64c kernel/hd.o
 .bss           0x000000000001774c        0x0 kernel/klib.o
 .bss           0x000000000001774c        0x0 kernel/boot_animation.o
 .bss           0x000000000001774c        0x0 lib/syslog.o
 .bss           0x000000000001774c        0x0 mm/main.o
 .bss           0x000000000001774c        0x0 mm/forkexit.o
 .bss           0x000000000001774c        0x0 mm/exec.o
 .bss           0x000000000001774c        0x0 fs/main.o
 .bss           0x000000000001774c        0x0 fs/open.o
 .bss           0x000000000001774c        0x0 fs/misc.o
 .bss           0x000000000001774c        0x0 fs/read_write.o
 .bss           0x000000000001774c        0x0 fs/link.o
 *fill*         0x000000000001774c       0x14 
 .bss           0x0000000000017760      0x208 fs/disklog.o
 .bss           0x0000000000017968        0x0 lib/orangescrt.a(printf.o)
 .bss           0x0000000000017968        0x0 lib/orangescrt.a(vsprintf.o)
 .bss           0x0000000000017968        0x0 lib/orangescrt.a(misc.o)
 .bss           0x0000000000017968        0x0 lib/orangescrt.a(ls.o)
 .bss           0x0000000000017968        0x0 lib/orangescrt.a(mkdir.o)
 .bss           0x0000000000017968        0x0 lib/orangescrt.a(open.o)
 .bss           0x0000000000017968        0x0 lib/orangescrt.a(read.o)
 .bss           0x0000000000017968        0x0 lib/orangescrt.a(write.o)
 .bss           0x0000000000017968        0x0 lib/orangescrt.a(close.o)
 .bss           0x0000000000017968        0x0 lib/orangescrt.a(unlink.o)
 .bss           0x0000000000017968        0x0 lib/orangescrt.a(getpid.o)
 .bss           0x0000000000017968        0x0 lib/orangescrt.a(stat.o)
 .bss           0x0000000000017968        0x0 lib/orangescrt.a(fork.o)
 .bss           0x0000000000017968        0x0 lib/orangescrt.a(exit.o)
 .bss           0x0000000000017968        0x0 lib/orangescrt.a(wait.o)
 .bss           0x0000000000017968        0x0 lib/orangescrt.a(exec.o)
 *(COMMON)
 *fill*         0x0000000000017968       0x18 
 COMMON         0x0000000000017980       0x3c kernel/main.o
                0x0000000000017980                users
 *fill*         0x00000000000179bc        0x4 
 COMMON         0x00000000000179c0    0x2a698 kernel/global.o
                0x00000000000179c0                idt_ptr
                0x00000000000179e0                inode_table
                0x00000000000184e0                task_stack
                0x000000000003c4e0                k_reenter
                0x000000000003c500                gdt
                0x000000000003c900                current_console
                0x000000000003c904                pcaller
                0x000000000003c920                tty_table
                0x000000000003d5a0                tss
                0x000000000003d620                fs_msg
                0x000000000003d650                memory_size
                0x000000000003d660                f_desc_table
                0x000000000003da60                root_inode
                0x000000000003da64                disp_pos
                0x000000000003da80                mm_msg
                0x000000000003dab0                key_pressed
                0x000000000003dab4                gdt_ptr
                0x000000000003dac0                idt
                0x000000000003e2c0                super_block
                0x000000000003e4a0                ticks
                0x000000000003e4c0                console_table
                0x000000000003e500                irq_table
                0x000000000003e540                p_proc_ready
                0x000000000003e560                proc_table
 COMMON         0x0000000000042058       0x10 kernel/hd.o
                0x0000000000042058                PARTITION_ENTRY
                0x0000000000042068                . = ALIGN ((. != 0x0)?0x4:0x1)
                0x0000000000042068                . = ALIGN (0x4)
                0x0000000000042068                . = SEGMENT_START ("ldata-segment", .)
                0x0000000000042068                . = ALIGN (0x4)
                0x0000000000042068                _end = .
                [!provide]                        PROVIDE (end, .)
                0x0000000000042068                . = DATA_SEGMENT_END (.)

.stab
 *(.stab)

.stabstr
 *(.stabstr)

.stab.excl
 *(.stab.excl)

.stab.exclstr
 *(.stab.exclstr)

.stab.index
 *(.stab.index)

.stab.indexstr
 *(.stab.indexstr)

.comment        0x0000000000000000       0x34
 *(.comment)
 .comment       0x0000000000000000       0x34 kernel/start.o
                                         0x35 (size before relaxing)
 .comment       0x0000000000000034       0x35 kernel/main.o
 .comment       0x0000000000000034       0x35 kernel/clock.o
 .comment       0x0000000000000034       0x35 kernel/keyboard.o
 .comment       0x0000000000000034       0x35 kernel/tty.o
 .comment       0x0000000000000034       0x35 kernel/console.o
 .comment       0x0000000000000034       0x35 kernel/i8259.o
 .comment       0x0000000000000034       0x35 kernel/global.o
 .comment       0x0000000000000034       0x35 kernel/protect.o
 .comment       0x0000000000000034       0x35 kernel/proc.o
 .comment       0x0000000000000034       0x35 kernel/systask.o
 .comment       0x0000000000000034       0x35 kernel/hd.o
 .comment       0x0000000000000034       0x35 kernel/klib.o
 .comment       0x0000000000000034       0x35 kernel/boot_animation.o
 .comment       0x0000000000000034       0x35 lib/syslog.o
 .comment       0x0000000000000034       0x35 mm/main.o
 .comment       0x0000000000000034       0x35 mm/forkexit.o
 .comment       0x0000000000000034       0x35 mm/exec.o
 .comment       0x0000000000000034       0x35 fs/main.o
 .comment       0x0000000000000034       0x35 fs/open.o
 .comment       0x0000000000000034       0x35 fs/misc.o
 .comment       0x0000000000000034       0x35 fs/read_write.o
 .comment       0x0000000000000034       0x35 fs/link.o
 .comment       0x0000000000000034       0x35 fs/disklog.o
 .comment       0x0000000000000034       0x35 lib/orangescrt.a(printf.o)
 .comment       0x0000000000000034       0x35 lib/orangescrt.a(vsprintf.o)
 .comment       0x0000000000000034       0x35 lib/orangescrt.a(misc.o)
 .comment       0x0000000000000034       0x35 lib/orangescrt.a(ls.o)
 .comment       0x0000000000000034       0x35 lib/orangescrt.a(mkdir.o)
 .comment       0x0000000000000034       0x35 lib/orangescrt.a(open.o)
 .comment       0x0000000000000034       0x35 lib/orangescrt.a(read.o)
 .comment       0x0000000000000034       0x35 lib/orangescrt.a(write.o)
 .comment       0x0000000000000034       0x35 lib/orangescrt.a(close.o)
 .comment       0x0000000000000034       0x35 lib/orangescrt.a(unlink.o)
 .comment       0x0000000000000034       0x35 lib/orangescrt.a(getpid.o)
 .comment       0x0000000000000034       0x35 lib/orangescrt.a(stat.o)
 .comment       0x0000000000000034       0x35 lib/orangescrt.a(fork.o)
 .comment       0x0000000000000034       0x35 lib/orangescrt.a(exit.o)
 .comment       0x0000000000000034       0x35 lib/orangescrt.a(wait.o)
 .comment       0x0000000000000034       0x35 lib/orangescrt.a(exec.o)

.debug
 *(.debug)

.line
 *(.line)

.debug_srcinfo
 *(.debug_srcinfo)

.debug_sfnames
 *(.debug_sfnames)

.debug_aranges
 *(.debug_aranges)

.debug_pubnames
 *(.debug_pubnames)

.debug_info
 *(.debug_info .gnu.linkonce.wi.*)

.debug_abbrev
 *(.debug_abbrev)

.debug_line
 *(.debug_line .debug_line.* .debug_line_end)

.debug_frame
 *(.debug_frame)

.debug_str
 *(.debug_str)

.debug_loc
 *(.debug_loc)

.debug_macinfo
 *(.debug_macinfo)

.debug_weaknames
 *(.debug_weaknames)

.debug_funcnames
 *(.debug_funcnames)

.debug_typenames
 *(.debug_typenames)

.debug_varnames
 *(.debug_varnames)

.debug_pubtypes
 *(.debug_pubtypes)

.debug_ranges
 *(.debug_ranges)

.debug_macro
 *(.debug_macro)

.gnu.attributes
 *(.gnu.attributes)

/DISCARD/
 *(.note.GNU-stack)
 *(.gnu_debuglink)
 *(.gnu.lto_*)
OUTPUT(kernel.bin elf32-i386)
