Archive member included to satisfy reference by file (symbol)

lib/orangescrt.a(printf.o)    kernel/main.o (printf)
lib/orangescrt.a(vsprintf.o)  kernel/main.o (vsprintf)
lib/orangescrt.a(string.o)    kernel/start.o (memcpy)
lib/orangescrt.a(misc.o)      kernel/main.o (send_recv)
lib/orangescrt.a(open.o)      kernel/main.o (open)
lib/orangescrt.a(read.o)      kernel/main.o (read)
lib/orangescrt.a(write.o)     kernel/main.o (write)
lib/orangescrt.a(close.o)     kernel/main.o (close)
lib/orangescrt.a(getpid.o)    fs/disklog.o (getpid)
lib/orangescrt.a(stat.o)      mm/exec.o (stat)
lib/orangescrt.a(fork.o)      kernel/main.o (fork)
lib/orangescrt.a(wait.o)      kernel/main.o (wait)
lib/orangescrt.a(exec.o)      kernel/main.o (execv)
lib/orangescrt.a(syscall.o)   lib/orangescrt.a(misc.o) (sendrec)

Allocating common symbols
Common symbol       size              file

idt_ptr             0x6               kernel/global.o
inode_table         0xb00             kernel/global.o
task_stack          0x24000           kernel/global.o
k_reenter           0x4               kernel/global.o
gdt                 0x400             kernel/global.o
current_console     0x4               kernel/global.o
pcaller             0x4               kernel/global.o
tty_table           0xc6c             kernel/global.o
tss                 0x68              kernel/global.o
fs_msg              0x30              kernel/global.o
memory_size         0x4               kernel/global.o
f_desc_table        0x400             kernel/global.o
root_inode          0x4               kernel/global.o
disp_pos            0x4               kernel/global.o
mm_msg              0x30              kernel/global.o
key_pressed         0x4               kernel/global.o
gdt_ptr             0x6               kernel/global.o
users               0x3c              kernel/main.o
idt                 0x800             kernel/global.o
super_block         0x1e0             kernel/global.o
PARTITION_ENTRY     0x10              kernel/hd.o
ticks               0x4               kernel/global.o
console_table       0x3c              kernel/global.o
irq_table           0x40              kernel/global.o
p_proc_ready        0x4               kernel/global.o
proc_table          0x3af8            kernel/global.o

Discarded input sections

 .note.GNU-stack
                0x0000000000000000        0x0 kernel/start.o
 .note.GNU-stack
                0x0000000000000000        0x0 kernel/main.o
 .note.GNU-stack
                0x0000000000000000        0x0 kernel/clock.o
 .note.GNU-stack
                0x0000000000000000        0x0 kernel/keyboard.o
 .note.GNU-stack
                0x0000000000000000        0x0 kernel/tty.o
 .note.GNU-stack
                0x0000000000000000        0x0 kernel/console.o
 .note.GNU-stack
                0x0000000000000000        0x0 kernel/i8259.o
 .note.GNU-stack
                0x0000000000000000        0x0 kernel/global.o
 .note.GNU-stack
                0x0000000000000000        0x0 kernel/protect.o
 .note.GNU-stack
                0x0000000000000000        0x0 kernel/proc.o
 .note.GNU-stack
                0x0000000000000000        0x0 kernel/systask.o
 .note.GNU-stack
                0x0000000000000000        0x0 kernel/hd.o
 .note.GNU-stack
                0x0000000000000000        0x0 kernel/klib.o
 .note.GNU-stack
                0x0000000000000000        0x0 kernel/boot_animation.o
 .note.GNU-stack
                0x0000000000000000        0x0 lib/syslog.o
 .note.GNU-stack
                0x0000000000000000        0x0 mm/main.o
 .note.GNU-stack
                0x0000000000000000        0x0 mm/forkexit.o
 .note.GNU-stack
                0x0000000000000000        0x0 mm/exec.o
 .note.GNU-stack
                0x0000000000000000        0x0 fs/main.o
 .note.GNU-stack
                0x0000000000000000        0x0 fs/open.o
 .note.GNU-stack
                0x0000000000000000        0x0 fs/misc.o
 .note.GNU-stack
                0x0000000000000000        0x0 fs/read_write.o
 .note.GNU-stack
                0x0000000000000000        0x0 fs/link.o
 .note.GNU-stack
                0x0000000000000000        0x0 fs/disklog.o
 .note.GNU-stack
                0x0000000000000000        0x0 lib/orangescrt.a(printf.o)
 .note.GNU-stack
                0x0000000000000000        0x0 lib/orangescrt.a(vsprintf.o)
 .note.GNU-stack
                0x0000000000000000        0x0 lib/orangescrt.a(misc.o)
 .note.GNU-stack
                0x0000000000000000        0x0 lib/orangescrt.a(open.o)
 .note.GNU-stack
                0x0000000000000000        0x0 lib/orangescrt.a(read.o)
 .note.GNU-stack
                0x0000000000000000        0x0 lib/orangescrt.a(write.o)
 .note.GNU-stack
                0x0000000000000000        0x0 lib/orangescrt.a(close.o)
 .note.GNU-stack
                0x0000000000000000        0x0 lib/orangescrt.a(getpid.o)
 .note.GNU-stack
                0x0000000000000000        0x0 lib/orangescrt.a(stat.o)
 .note.GNU-stack
                0x0000000000000000        0x0 lib/orangescrt.a(fork.o)
 .note.GNU-stack
                0x0000000000000000        0x0 lib/orangescrt.a(wait.o)
 .note.GNU-stack
                0x0000000000000000        0x0 lib/orangescrt.a(exec.o)

Memory Configuration

Name             Origin             Length             Attributes
*default*        0x0000000000000000 0xffffffffffffffff

Linker script and memory map

Address of section .text set to 0x1000
LOAD kernel/kernel.o
LOAD kernel/start.o
LOAD kernel/main.o
LOAD kernel/clock.o
LOAD kernel/keyboard.o
LOAD kernel/tty.o
LOAD kernel/console.o
LOAD kernel/i8259.o
LOAD kernel/global.o
LOAD kernel/protect.o
LOAD kernel/proc.o
LOAD kernel/systask.o
LOAD kernel/hd.o
LOAD kernel/kliba.o
LOAD kernel/klib.o
LOAD kernel/boot_animation.o
LOAD lib/syslog.o
LOAD mm/main.o
LOAD mm/forkexit.o
LOAD mm/exec.o
LOAD fs/main.o
LOAD fs/open.o
LOAD fs/misc.o
LOAD fs/read_write.o
LOAD fs/link.o
LOAD fs/disklog.o
LOAD lib/orangescrt.a
                [!provide]                        PROVIDE (__executable_start, 0x8048000)
                0x0000000008048094                . = (0x8048000 + SIZEOF_HEADERS)

.interp
 *(.interp)

.note.gnu.build-id
 *(.note.gnu.build-id)

.hash
 *(.hash)

.gnu.hash
 *(.gnu.hash)

.dynsym
 *(.dynsym)

.dynstr
 *(.dynstr)

.gnu.version
 *(.gnu.version)

.gnu.version_d
 *(.gnu.version_d)

.gnu.version_r
 *(.gnu.version_r)

.rel.dyn        0x0000000008048094        0x0
 *(.rel.init)
 *(.rel.text .rel.text.* .rel.gnu.linkonce.t.*)
 .rel.text      0x0000000008048094        0x0 kernel/kernel.o
 *(.rel.fini)
 *(.rel.rodata .rel.rodata.* .rel.gnu.linkonce.r.*)
 *(.rel.data.rel.ro .rel.data.rel.ro.* .rel.gnu.linkonce.d.rel.ro.*)
 *(.rel.data .rel.data.* .rel.gnu.linkonce.d.*)
 .rel.data      0x0000000008048094        0x0 kernel/kernel.o
 *(.rel.tdata .rel.tdata.* .rel.gnu.linkonce.td.*)
 *(.rel.tbss .rel.tbss.* .rel.gnu.linkonce.tb.*)
 *(.rel.ctors)
 *(.rel.dtors)
 *(.rel.got)
 *(.rel.bss .rel.bss.* .rel.gnu.linkonce.b.*)
 *(.rel.ifunc)

.rel.plt        0x0000000008048094        0x0
 *(.rel.plt)
                [!provide]                        PROVIDE (__rel_iplt_start, .)
 *(.rel.iplt)
 .rel.iplt      0x0000000008048094        0x0 kernel/kernel.o
                [!provide]                        PROVIDE (__rel_iplt_end, .)

.init
 *(SORT(.init))

.plt            0x00000000080480a0        0x0
 *(.plt)
 *(.iplt)
 .iplt          0x00000000080480a0        0x0 kernel/kernel.o

.plt.got
 *(.plt.got)

.text           0x0000000000001000     0xd3c8
 *(.text.unlikely .text.*_unlikely .text.unlikely.*)
 *(.text.exit .text.exit.*)
 *(.text.startup .text.startup.*)
 *(.text.hot .text.hot.*)
 *(.text .stub .text.* .gnu.linkonce.t.*)
 .text          0x0000000000001000      0x410 kernel/kernel.o
                0x0000000000001000                _start
                0x0000000000001040                hwint00
                0x0000000000001070                hwint01
                0x00000000000010a0                hwint02
                0x00000000000010d0                hwint03
                0x0000000000001100                hwint04
                0x0000000000001130                hwint05
                0x0000000000001160                hwint06
                0x0000000000001190                hwint07
                0x00000000000011c0                hwint08
                0x00000000000011f0                hwint09
                0x0000000000001220                hwint10
                0x0000000000001250                hwint11
                0x0000000000001280                hwint12
                0x00000000000012b0                hwint13
                0x00000000000012e0                hwint14
                0x0000000000001310                hwint15
                0x0000000000001334                divide_error
                0x000000000000133a                single_step_exception
                0x0000000000001340                nmi
                0x0000000000001346                breakpoint_exception
                0x000000000000134c                overflow
                0x0000000000001352                bounds_check
                0x0000000000001358                inval_opcode
                0x000000000000135e                copr_not_available
                0x0000000000001364                double_fault
                0x0000000000001368                copr_seg_overrun
                0x000000000000136e                inval_tss
                0x0000000000001372                segment_not_present
                0x0000000000001376                stack_exception
                0x000000000000137a                general_protection
                0x000000000000137e                page_fault
                0x0000000000001382                copr_error
                0x00000000000013cb                sys_call
                0x00000000000013eb                restart
 .text          0x0000000000001410       0x95 kernel/start.o
                0x0000000000001410                cstart
 .text          0x00000000000014a5      0xdd6 kernel/main.o
                0x00000000000014a5                kernel_main
                0x00000000000017c0                get_ticks
                0x00000000000017f4                untar
                0x00000000000019b2                shabby_shell
                0x0000000000001cb2                Init
                0x0000000000001dd4                TestA
                0x0000000000001dd9                TestB
                0x0000000000001dde                TestC
                0x0000000000001de3                panic
                0x0000000000001e2c                clear
                0x0000000000001e5f                addTwoString
                0x0000000000001ef6                createFile
                0x0000000000001f3a                writeFile
                0x0000000000001fb9                openFile
                0x0000000000002028                listFile
                0x000000000000202e                userRegister
                0x00000000000021ab                userLogin
 .text          0x000000000000227b      0x10d kernel/clock.o
                0x000000000000227b                clock_handler
                0x00000000000022f6                milli_delay
                0x0000000000002330                init_clock
 .text          0x0000000000002388      0x6da kernel/keyboard.o
                0x0000000000002388                keyboard_handler
                0x00000000000023f2                init_keyboard
                0x00000000000024a1                keyboard_read
 .text          0x0000000000002a62      0xa4a kernel/tty.o
                0x0000000000002a62                task_tty
                0x0000000000002c53                in_process
                0x00000000000031ac                sys_printx
                0x000000000000334b                dump_tty_buf
 .text          0x00000000000034ac      0x7d7 kernel/console.o
                0x00000000000034ac                init_screen
                0x0000000000003620                out_char
                0x00000000000038fd                is_current_console
                0x00000000000039f0                select_console
                0x0000000000003a30                scroll_screen
 .text          0x0000000000003c83      0x130 kernel/i8259.o
                0x0000000000003c83                init_8259A
                0x0000000000003d58                spurious_irq
                0x0000000000003d8f                put_irq_handler
 .text          0x0000000000003db3        0x0 kernel/global.o
 .text          0x0000000000003db3      0x65f kernel/protect.o
                0x0000000000003db3                init_prot
                0x000000000000421b                seg2linear
                0x000000000000426a                init_desc
                0x00000000000042d7                exception_handler
 .text          0x0000000000004412     0x15f5 kernel/proc.o
                0x0000000000004412                schedule
                0x000000000000449e                sys_sendrec
                0x00000000000045be                ldt_seg_linear
                0x0000000000004608                va2la
                0x0000000000004669                reset_msg
                0x000000000000544e                inform_int
                0x00000000000055be                dump_proc
                0x00000000000058fa                dump_msg
 .text          0x0000000000005a07      0x2bc kernel/systask.o
                0x0000000000005a07                task_sys
 .text          0x0000000000005cc3      0xe1f kernel/hd.o
                0x0000000000005cc3                task_hd
                0x0000000000006ab7                hd_handler
 *fill*         0x0000000000006ae2        0xe 
 .text          0x0000000000006af0      0x19a kernel/kliba.o
                0x0000000000006af0                disp_str
                0x0000000000006b2e                disp_color_str
                0x0000000000006b6d                out_byte
                0x0000000000006b79                in_byte
                0x0000000000006b83                port_read
                0x0000000000006b96                port_write
                0x0000000000006ba9                disable_irq
                0x0000000000006bde                enable_irq
                0x0000000000006bfd                disable_int
                0x0000000000006bff                enable_int
                0x0000000000006c01                glitter
 .text          0x0000000000006c8a      0x2af kernel/klib.o
                0x0000000000006c8a                get_boot_params
                0x0000000000006d10                get_kernel_map
                0x0000000000006e20                itoa
                0x0000000000006ecb                disp_int
                0x0000000000006ef2                delay
 .text          0x0000000000006f39     0x12d0 kernel/boot_animation.o
                0x0000000000006f39                boot_animation
 .text          0x0000000000008209       0x6f lib/syslog.o
                0x0000000000008209                syslog
 .text          0x0000000000008278      0x1bc mm/main.o
                0x0000000000008278                task_mm
                0x00000000000083af                alloc_mem
                0x000000000000842a                free_mem
 .text          0x0000000000008434      0x5c0 mm/forkexit.o
                0x0000000000008434                do_fork
                0x0000000000008775                do_exit
                0x000000000000893e                do_wait
 .text          0x00000000000089f4      0x356 mm/exec.o
                0x00000000000089f4                do_exec
 .text          0x0000000000008d4a     0x109c fs/main.o
                0x0000000000008d4a                task_fs
                0x00000000000097cb                rw_sector
                0x00000000000099ee                get_super_block
                0x0000000000009a34                get_inode
                0x0000000000009b97                put_inode
                0x0000000000009bd5                sync_inode
 .text          0x0000000000009de6      0xaa6 fs/open.o
                0x0000000000009de6                do_open
                0x000000000000a228                do_close
                0x000000000000a2a3                do_lseek
 .text          0x000000000000a88c      0x3b2 fs/misc.o
                0x000000000000a88c                do_stat
                0x000000000000aa5d                search_file
                0x000000000000abb3                strip_path
 .text          0x000000000000ac3e      0x49a fs/read_write.o
                0x000000000000ac3e                do_rdwt
 .text          0x000000000000b0d8      0x808 fs/link.o
                0x000000000000b0d8                do_unlink
 .text          0x000000000000b8e0     0x1fb8 fs/disklog.o
                0x000000000000b8e0                disklog
                0x000000000000be4d                dump_fd_graph
 .text          0x000000000000d898       0xad lib/orangescrt.a(printf.o)
                0x000000000000d898                printf
                0x000000000000d903                printl
 .text          0x000000000000d945      0x305 lib/orangescrt.a(vsprintf.o)
                0x000000000000d9a3                vsprintf
                0x000000000000dc24                sprintf
 *fill*         0x000000000000dc4a        0x6 
 .text          0x000000000000dc50       0x78 lib/orangescrt.a(string.o)
                0x000000000000dc50                memcpy
                0x000000000000dc79                memset
                0x000000000000dc9a                strcpy
                0x000000000000dcb2                strlen
 .text          0x000000000000dcc8      0x256 lib/orangescrt.a(misc.o)
                0x000000000000dcc8                send_recv
                0x000000000000dd82                memcmp
                0x000000000000ddf8                strcmp
                0x000000000000de6b                strcat
                0x000000000000deca                spin
                0x000000000000dee5                assertion_failure
 .text          0x000000000000df1e       0x63 lib/orangescrt.a(open.o)
                0x000000000000df1e                open
 .text          0x000000000000df81       0x37 lib/orangescrt.a(read.o)
                0x000000000000df81                read
 .text          0x000000000000dfb8       0x37 lib/orangescrt.a(write.o)
                0x000000000000dfb8                write
 .text          0x000000000000dfef       0x2b lib/orangescrt.a(close.o)
                0x000000000000dfef                close
 .text          0x000000000000e01a       0x46 lib/orangescrt.a(getpid.o)
                0x000000000000e01a                getpid
 .text          0x000000000000e060       0x63 lib/orangescrt.a(stat.o)
                0x000000000000e060                stat
 .text          0x000000000000e0c3       0x66 lib/orangescrt.a(fork.o)
                0x000000000000e0c3                fork
 .text          0x000000000000e129       0x3c lib/orangescrt.a(wait.o)
                0x000000000000e129                wait
 .text          0x000000000000e165      0x237 lib/orangescrt.a(exec.o)
                0x000000000000e165                exec
                0x000000000000e1d0                execl
                0x000000000000e1f5                execv
 *fill*         0x000000000000e39c        0x4 
 .text          0x000000000000e3a0       0x28 lib/orangescrt.a(syscall.o)
                0x000000000000e3a0                sendrec
                0x000000000000e3ba                printx
 *(.gnu.warning)

.fini
 *(SORT(.fini))
                [!provide]                        PROVIDE (__etext, .)
                [!provide]                        PROVIDE (_etext, .)
                [!provide]                        PROVIDE (etext, .)

.rodata         0x000000000000e3e0     0x3e1f
 *(.rodata .rodata.* .gnu.linkonce.r.*)
 .rodata        0x000000000000e3e0       0x47 kernel/start.o
 *fill*         0x000000000000e427        0x1 
 .rodata        0x000000000000e428      0x1e3 kernel/main.o
 *fill*         0x000000000000e60b        0x1 
 .rodata        0x000000000000e60c       0x64 kernel/keyboard.o
 .rodata        0x000000000000e670      0x168 kernel/tty.o
 .rodata        0x000000000000e7d8       0x5b kernel/console.o
 .rodata        0x000000000000e833       0x11 kernel/i8259.o
 .rodata        0x000000000000e844       0x10 kernel/global.o
                0x000000000000e844                FSBUF_SIZE
                0x000000000000e848                MMBUF_SIZE
                0x000000000000e84c                LOGBUF_SIZE
                0x000000000000e850                LOGDISKBUF_SIZE
 *fill*         0x000000000000e854        0xc 
 .rodata        0x000000000000e860      0x580 kernel/protect.o
 .rodata        0x000000000000ede0      0x5da kernel/proc.o
 .rodata        0x000000000000f3ba       0x11 kernel/systask.o
 *fill*         0x000000000000f3cb        0x1 
 .rodata        0x000000000000f3cc      0x1df kernel/hd.o
 *fill*         0x000000000000f5ab        0x1 
 .rodata        0x000000000000f5ac       0x6a kernel/klib.o
 *fill*         0x000000000000f616        0x2 
 .rodata        0x000000000000f618     0x182f kernel/boot_animation.o
 .rodata        0x0000000000010e47       0x1e lib/syslog.o
 *fill*         0x0000000000010e65        0x3 
 .rodata        0x0000000000010e68       0xb1 mm/main.o
 *fill*         0x0000000000010f19        0x3 
 .rodata        0x0000000000010f1c       0xe7 mm/forkexit.o
 *fill*         0x0000000000011003        0x1 
 .rodata        0x0000000000011004       0xa4 mm/exec.o
 .rodata        0x00000000000110a8      0x2b6 fs/main.o
 *fill*         0x000000000001135e        0x2 
 .rodata        0x0000000000011360      0x13c fs/open.o
 .rodata        0x000000000001149c       0x60 fs/misc.o
 .rodata        0x00000000000114fc      0x164 fs/read_write.o
 .rodata        0x0000000000011660      0x1ad fs/link.o
 *fill*         0x000000000001180d        0x3 
 .rodata        0x0000000000011810      0x806 fs/disklog.o
 .rodata        0x0000000000012016       0x14 lib/orangescrt.a(printf.o)
 *fill*         0x000000000001202a        0x2 
 .rodata        0x000000000001202c       0xad lib/orangescrt.a(misc.o)
 .rodata        0x00000000000120d9       0x23 lib/orangescrt.a(open.o)
 .rodata        0x00000000000120fc       0x25 lib/orangescrt.a(getpid.o)
 .rodata        0x0000000000012121       0x23 lib/orangescrt.a(stat.o)
 .rodata        0x0000000000012144       0x33 lib/orangescrt.a(fork.o)
 *fill*         0x0000000000012177        0x1 
 .rodata        0x0000000000012178       0x87 lib/orangescrt.a(exec.o)

.rodata1
 *(.rodata1)

.eh_frame_hdr
 *(.eh_frame_hdr)
 *(.eh_frame_entry .eh_frame_entry.*)

.eh_frame       0x0000000000012200     0x1398
 *(.eh_frame)
 .eh_frame      0x0000000000012200       0x38 kernel/start.o
 .eh_frame      0x0000000000012238      0x208 kernel/main.o
                                        0x220 (size before relaxing)
 .eh_frame      0x0000000000012440       0x60 kernel/clock.o
                                         0x78 (size before relaxing)
 .eh_frame      0x00000000000124a0       0xe0 kernel/keyboard.o
                                         0xf8 (size before relaxing)
 .eh_frame      0x0000000000012580      0x13c kernel/tty.o
                                        0x154 (size before relaxing)
 .eh_frame      0x00000000000126bc      0x144 kernel/console.o
                                        0x15c (size before relaxing)
 .eh_frame      0x0000000000012800       0x60 kernel/i8259.o
                                         0x78 (size before relaxing)
 .eh_frame      0x0000000000012860       0xb0 kernel/protect.o
                                         0xc8 (size before relaxing)
 .eh_frame      0x0000000000012910      0x1b8 kernel/proc.o
                                        0x1d0 (size before relaxing)
 .eh_frame      0x0000000000012ac8       0x5c kernel/systask.o
                                         0x74 (size before relaxing)
 .eh_frame      0x0000000000012b24      0x1f0 kernel/hd.o
                                        0x208 (size before relaxing)
 .eh_frame      0x0000000000012d14       0xa0 kernel/klib.o
                                         0xb8 (size before relaxing)
 .eh_frame      0x0000000000012db4       0x20 kernel/boot_animation.o
                                         0x38 (size before relaxing)
 .eh_frame      0x0000000000012dd4       0x20 lib/syslog.o
                                         0x38 (size before relaxing)
 .eh_frame      0x0000000000012df4       0x7c mm/main.o
                                         0x94 (size before relaxing)
 .eh_frame      0x0000000000012e70       0x90 mm/forkexit.o
                                         0xa8 (size before relaxing)
 .eh_frame      0x0000000000012f00       0x2c mm/exec.o
                                         0x44 (size before relaxing)
 .eh_frame      0x0000000000012f2c      0x170 fs/main.o
                                        0x188 (size before relaxing)
 .eh_frame      0x000000000001309c      0x120 fs/open.o
                                        0x138 (size before relaxing)
 .eh_frame      0x00000000000131bc       0x68 fs/misc.o
                                         0x80 (size before relaxing)
 .eh_frame      0x0000000000013224       0x2c fs/read_write.o
                                         0x44 (size before relaxing)
 .eh_frame      0x0000000000013250       0x2c fs/link.o
                                         0x44 (size before relaxing)
 .eh_frame      0x000000000001327c       0x60 fs/disklog.o
                                         0x78 (size before relaxing)
 .eh_frame      0x00000000000132dc       0x40 lib/orangescrt.a(printf.o)
                                         0x58 (size before relaxing)
 .eh_frame      0x000000000001331c       0x60 lib/orangescrt.a(vsprintf.o)
                                         0x78 (size before relaxing)
 .eh_frame      0x000000000001337c       0xbc lib/orangescrt.a(misc.o)
                                         0xd4 (size before relaxing)
 .eh_frame      0x0000000000013438       0x20 lib/orangescrt.a(open.o)
                                         0x38 (size before relaxing)
 .eh_frame      0x0000000000013458       0x20 lib/orangescrt.a(read.o)
                                         0x38 (size before relaxing)
 .eh_frame      0x0000000000013478       0x20 lib/orangescrt.a(write.o)
                                         0x38 (size before relaxing)
 .eh_frame      0x0000000000013498       0x20 lib/orangescrt.a(close.o)
                                         0x38 (size before relaxing)
 .eh_frame      0x00000000000134b8       0x20 lib/orangescrt.a(getpid.o)
                                         0x38 (size before relaxing)
 .eh_frame      0x00000000000134d8       0x20 lib/orangescrt.a(stat.o)
                                         0x38 (size before relaxing)
 .eh_frame      0x00000000000134f8       0x20 lib/orangescrt.a(fork.o)
                                         0x38 (size before relaxing)
 .eh_frame      0x0000000000013518       0x20 lib/orangescrt.a(wait.o)
                                         0x38 (size before relaxing)
 .eh_frame      0x0000000000013538       0x60 lib/orangescrt.a(exec.o)
                                         0x78 (size before relaxing)
 *(.eh_frame.*)

.gcc_except_table
 *(.gcc_except_table .gcc_except_table.*)

.gnu_extab
 *(.gnu_extab*)

.exception_ranges
 *(.exception_ranges .exception_ranges*)
                0x0000000000014000                . = DATA_SEGMENT_ALIGN (0x1000, 0x1000)

.eh_frame
 *(.eh_frame)
 *(.eh_frame.*)

.gnu_extab
 *(.gnu_extab)

.gcc_except_table
 *(.gcc_except_table .gcc_except_table.*)

.exception_ranges
 *(.exception_ranges .exception_ranges*)

.tdata
 *(.tdata .tdata.* .gnu.linkonce.td.*)

.tbss
 *(.tbss .tbss.* .gnu.linkonce.tb.*)
 *(.tcommon)

.preinit_array  0x0000000000014000        0x0
                [!provide]                        PROVIDE (__preinit_array_start, .)
 *(.preinit_array)
                [!provide]                        PROVIDE (__preinit_array_end, .)

.init_array     0x0000000000014000        0x0
                [!provide]                        PROVIDE (__init_array_start, .)
 *(SORT(.init_array.*) SORT(.ctors.*))
 *(.init_array EXCLUDE_FILE(*crtend?.o *crtend.o *crtbegin?.o *crtbegin.o) .ctors)
                [!provide]                        PROVIDE (__init_array_end, .)

.fini_array     0x0000000000014000        0x0
                [!provide]                        PROVIDE (__fini_array_start, .)
 *(SORT(.fini_array.*) SORT(.dtors.*))
 *(.fini_array EXCLUDE_FILE(*crtend?.o *crtend.o *crtbegin?.o *crtbegin.o) .dtors)
                [!provide]                        PROVIDE (__fini_array_end, .)

.ctors
 *crtbegin.o(.ctors)
 *crtbegin?.o(.ctors)
 *(EXCLUDE_FILE(*crtend?.o *crtend.o) .ctors)
 *(SORT(.ctors.*))
 *(.ctors)

.dtors
 *crtbegin.o(.dtors)
 *crtbegin?.o(.dtors)
 *(EXCLUDE_FILE(*crtend?.o *crtend.o) .dtors)
 *(SORT(.dtors.*))
 *(.dtors)

.jcr
 *(.jcr)

.data.rel.ro
 *(.data.rel.ro.local* .gnu.linkonce.d.rel.ro.local.*)
 *(.data.rel.ro .data.rel.ro.* .gnu.linkonce.d.rel.ro.*)

.dynamic
 *(.dynamic)

.got
 *(.got)
 *(.igot)
                0x0000000000014000                . = DATA_SEGMENT_RELRO_END (., (SIZEOF (.got.plt) >= 0xc)?0xc:0x0)

.got.plt        0x0000000000014000        0x0
 *(.got.plt)
 *(.igot.plt)
 .igot.plt      0x0000000000014000        0x0 kernel/kernel.o

.data           0x0000000000014000      0x814
 *(.data .data.* .gnu.linkonce.d.*)
 .data          0x0000000000014000        0x2 kernel/kernel.o
 .data          0x0000000000014002        0x0 kernel/start.o
 .data          0x0000000000014002        0x0 kernel/main.o
 .data          0x0000000000014002        0x0 kernel/clock.o
 *fill*         0x0000000000014002       0x1e 
 .data          0x0000000000014020      0x600 kernel/keyboard.o
                0x0000000000014020                keymap
 .data          0x0000000000014620       0x22 kernel/tty.o
 .data          0x0000000000014642        0x0 kernel/console.o
 .data          0x0000000000014642        0x0 kernel/i8259.o
 *fill*         0x0000000000014642       0x1e 
 .data          0x0000000000014660      0x1b4 kernel/global.o
                0x0000000000014660                task_table
                0x0000000000014740                user_proc_table
                0x00000000000147e0                sys_call_table
                0x00000000000147ec                dd_map
                0x0000000000014804                fsbuf
                0x0000000000014808                mmbuf
                0x000000000001480c                logbuf
                0x0000000000014810                logdiskbuf
 .data          0x0000000000014814        0x0 kernel/protect.o
 .data          0x0000000000014814        0x0 kernel/proc.o
 .data          0x0000000000014814        0x0 kernel/systask.o
 .data          0x0000000000014814        0x0 kernel/hd.o
 .data          0x0000000000014814        0x0 kernel/klib.o
 .data          0x0000000000014814        0x0 kernel/boot_animation.o
 .data          0x0000000000014814        0x0 lib/syslog.o
 .data          0x0000000000014814        0x0 mm/main.o
 .data          0x0000000000014814        0x0 mm/forkexit.o
 .data          0x0000000000014814        0x0 mm/exec.o
 .data          0x0000000000014814        0x0 fs/main.o
 .data          0x0000000000014814        0x0 fs/open.o
 .data          0x0000000000014814        0x0 fs/misc.o
 .data          0x0000000000014814        0x0 fs/read_write.o
 .data          0x0000000000014814        0x0 fs/link.o
 .data          0x0000000000014814        0x0 fs/disklog.o
 .data          0x0000000000014814        0x0 lib/orangescrt.a(printf.o)
 .data          0x0000000000014814        0x0 lib/orangescrt.a(vsprintf.o)
 .data          0x0000000000014814        0x0 lib/orangescrt.a(misc.o)
 .data          0x0000000000014814        0x0 lib/orangescrt.a(open.o)
 .data          0x0000000000014814        0x0 lib/orangescrt.a(read.o)
 .data          0x0000000000014814        0x0 lib/orangescrt.a(write.o)
 .data          0x0000000000014814        0x0 lib/orangescrt.a(close.o)
 .data          0x0000000000014814        0x0 lib/orangescrt.a(getpid.o)
 .data          0x0000000000014814        0x0 lib/orangescrt.a(stat.o)
 .data          0x0000000000014814        0x0 lib/orangescrt.a(fork.o)
 .data          0x0000000000014814        0x0 lib/orangescrt.a(wait.o)
 .data          0x0000000000014814        0x0 lib/orangescrt.a(exec.o)

.data1
 *(.data1)
                0x0000000000014814                _edata = .
                [!provide]                        PROVIDE (edata, .)
                0x0000000000014814                . = .
                0x0000000000014814                __bss_start = .

.bss            0x0000000000014820    0x2b7c8
 *(.dynbss)
 *(.bss .bss.* .gnu.linkonce.b.*)
 .bss           0x0000000000014820      0x800 kernel/kernel.o
 .bss           0x0000000000015020        0x0 kernel/start.o
 .bss           0x0000000000015020        0x0 kernel/main.o
 .bss           0x0000000000015020        0x0 kernel/clock.o
 .bss           0x0000000000015020       0x58 kernel/keyboard.o
 .bss           0x0000000000015078        0x0 kernel/tty.o
 .bss           0x0000000000015078        0x0 kernel/console.o
 .bss           0x0000000000015078        0x0 kernel/i8259.o
 .bss           0x0000000000015078        0x0 kernel/global.o
 .bss           0x0000000000015078        0x0 kernel/protect.o
 .bss           0x0000000000015078        0x0 kernel/proc.o
 .bss           0x0000000000015078        0x0 kernel/systask.o
 *fill*         0x0000000000015078        0x8 
 .bss           0x0000000000015080      0x64c kernel/hd.o
 .bss           0x00000000000156cc        0x0 kernel/klib.o
 .bss           0x00000000000156cc        0x0 kernel/boot_animation.o
 .bss           0x00000000000156cc        0x0 lib/syslog.o
 .bss           0x00000000000156cc        0x0 mm/main.o
 .bss           0x00000000000156cc        0x0 mm/forkexit.o
 .bss           0x00000000000156cc        0x0 mm/exec.o
 .bss           0x00000000000156cc        0x0 fs/main.o
 .bss           0x00000000000156cc        0x0 fs/open.o
 .bss           0x00000000000156cc        0x0 fs/misc.o
 .bss           0x00000000000156cc        0x0 fs/read_write.o
 .bss           0x00000000000156cc        0x0 fs/link.o
 *fill*         0x00000000000156cc       0x14 
 .bss           0x00000000000156e0      0x208 fs/disklog.o
 .bss           0x00000000000158e8        0x0 lib/orangescrt.a(printf.o)
 .bss           0x00000000000158e8        0x0 lib/orangescrt.a(vsprintf.o)
 .bss           0x00000000000158e8        0x0 lib/orangescrt.a(misc.o)
 .bss           0x00000000000158e8        0x0 lib/orangescrt.a(open.o)
 .bss           0x00000000000158e8        0x0 lib/orangescrt.a(read.o)
 .bss           0x00000000000158e8        0x0 lib/orangescrt.a(write.o)
 .bss           0x00000000000158e8        0x0 lib/orangescrt.a(close.o)
 .bss           0x00000000000158e8        0x0 lib/orangescrt.a(getpid.o)
 .bss           0x00000000000158e8        0x0 lib/orangescrt.a(stat.o)
 .bss           0x00000000000158e8        0x0 lib/orangescrt.a(fork.o)
 .bss           0x00000000000158e8        0x0 lib/orangescrt.a(wait.o)
 .bss           0x00000000000158e8        0x0 lib/orangescrt.a(exec.o)
 *(COMMON)
 *fill*         0x00000000000158e8       0x18 
 COMMON         0x0000000000015900       0x3c kernel/main.o
                0x0000000000015900                users
 *fill*         0x000000000001593c        0x4 
 COMMON         0x0000000000015940    0x2a698 kernel/global.o
                0x0000000000015940                idt_ptr
                0x0000000000015960                inode_table
                0x0000000000016460                task_stack
                0x000000000003a460                k_reenter
                0x000000000003a480                gdt
                0x000000000003a880                current_console
                0x000000000003a884                pcaller
                0x000000000003a8a0                tty_table
                0x000000000003b520                tss
                0x000000000003b5a0                fs_msg
                0x000000000003b5d0                memory_size
                0x000000000003b5e0                f_desc_table
                0x000000000003b9e0                root_inode
                0x000000000003b9e4                disp_pos
                0x000000000003ba00                mm_msg
                0x000000000003ba30                key_pressed
                0x000000000003ba34                gdt_ptr
                0x000000000003ba40                idt
                0x000000000003c240                super_block
                0x000000000003c420                ticks
                0x000000000003c440                console_table
                0x000000000003c480                irq_table
                0x000000000003c4c0                p_proc_ready
                0x000000000003c4e0                proc_table
 COMMON         0x000000000003ffd8       0x10 kernel/hd.o
                0x000000000003ffd8                PARTITION_ENTRY
                0x000000000003ffe8                . = ALIGN ((. != 0x0)?0x4:0x1)
                0x000000000003ffe8                . = ALIGN (0x4)
                0x000000000003ffe8                . = SEGMENT_START ("ldata-segment", .)
                0x000000000003ffe8                . = ALIGN (0x4)
                0x000000000003ffe8                _end = .
                [!provide]                        PROVIDE (end, .)
                0x000000000003ffe8                . = DATA_SEGMENT_END (.)

.stab
 *(.stab)

.stabstr
 *(.stabstr)

.stab.excl
 *(.stab.excl)

.stab.exclstr
 *(.stab.exclstr)

.stab.index
 *(.stab.index)

.stab.indexstr
 *(.stab.indexstr)

.comment        0x0000000000000000       0x34
 *(.comment)
 .comment       0x0000000000000000       0x34 kernel/start.o
                                         0x35 (size before relaxing)
 .comment       0x0000000000000034       0x35 kernel/main.o
 .comment       0x0000000000000034       0x35 kernel/clock.o
 .comment       0x0000000000000034       0x35 kernel/keyboard.o
 .comment       0x0000000000000034       0x35 kernel/tty.o
 .comment       0x0000000000000034       0x35 kernel/console.o
 .comment       0x0000000000000034       0x35 kernel/i8259.o
 .comment       0x0000000000000034       0x35 kernel/global.o
 .comment       0x0000000000000034       0x35 kernel/protect.o
 .comment       0x0000000000000034       0x35 kernel/proc.o
 .comment       0x0000000000000034       0x35 kernel/systask.o
 .comment       0x0000000000000034       0x35 kernel/hd.o
 .comment       0x0000000000000034       0x35 kernel/klib.o
 .comment       0x0000000000000034       0x35 kernel/boot_animation.o
 .comment       0x0000000000000034       0x35 lib/syslog.o
 .comment       0x0000000000000034       0x35 mm/main.o
 .comment       0x0000000000000034       0x35 mm/forkexit.o
 .comment       0x0000000000000034       0x35 mm/exec.o
 .comment       0x0000000000000034       0x35 fs/main.o
 .comment       0x0000000000000034       0x35 fs/open.o
 .comment       0x0000000000000034       0x35 fs/misc.o
 .comment       0x0000000000000034       0x35 fs/read_write.o
 .comment       0x0000000000000034       0x35 fs/link.o
 .comment       0x0000000000000034       0x35 fs/disklog.o
 .comment       0x0000000000000034       0x35 lib/orangescrt.a(printf.o)
 .comment       0x0000000000000034       0x35 lib/orangescrt.a(vsprintf.o)
 .comment       0x0000000000000034       0x35 lib/orangescrt.a(misc.o)
 .comment       0x0000000000000034       0x35 lib/orangescrt.a(open.o)
 .comment       0x0000000000000034       0x35 lib/orangescrt.a(read.o)
 .comment       0x0000000000000034       0x35 lib/orangescrt.a(write.o)
 .comment       0x0000000000000034       0x35 lib/orangescrt.a(close.o)
 .comment       0x0000000000000034       0x35 lib/orangescrt.a(getpid.o)
 .comment       0x0000000000000034       0x35 lib/orangescrt.a(stat.o)
 .comment       0x0000000000000034       0x35 lib/orangescrt.a(fork.o)
 .comment       0x0000000000000034       0x35 lib/orangescrt.a(wait.o)
 .comment       0x0000000000000034       0x35 lib/orangescrt.a(exec.o)

.debug
 *(.debug)

.line
 *(.line)

.debug_srcinfo
 *(.debug_srcinfo)

.debug_sfnames
 *(.debug_sfnames)

.debug_aranges
 *(.debug_aranges)

.debug_pubnames
 *(.debug_pubnames)

.debug_info
 *(.debug_info .gnu.linkonce.wi.*)

.debug_abbrev
 *(.debug_abbrev)

.debug_line
 *(.debug_line .debug_line.* .debug_line_end)

.debug_frame
 *(.debug_frame)

.debug_str
 *(.debug_str)

.debug_loc
 *(.debug_loc)

.debug_macinfo
 *(.debug_macinfo)

.debug_weaknames
 *(.debug_weaknames)

.debug_funcnames
 *(.debug_funcnames)

.debug_typenames
 *(.debug_typenames)

.debug_varnames
 *(.debug_varnames)

.debug_pubtypes
 *(.debug_pubtypes)

.debug_ranges
 *(.debug_ranges)

.debug_macro
 *(.debug_macro)

.gnu.attributes
 *(.gnu.attributes)

/DISCARD/
 *(.note.GNU-stack)
 *(.gnu_debuglink)
 *(.gnu.lto_*)
OUTPUT(kernel.bin elf32-i386)
