Archive member included to satisfy reference by file (symbol)

lib/orangescrt.a(printf.o)    kernel/main.o (printf)
lib/orangescrt.a(vsprintf.o)  kernel/main.o (vsprintf)
lib/orangescrt.a(string.o)    kernel/start.o (memcpy)
lib/orangescrt.a(misc.o)      kernel/main.o (send_recv)
lib/orangescrt.a(ls.o)        kernel/main.o (ls)
lib/orangescrt.a(mkdir.o)     kernel/main.o (mkdir)
lib/orangescrt.a(open.o)      kernel/main.o (open)
lib/orangescrt.a(read.o)      kernel/main.o (read)
lib/orangescrt.a(write.o)     kernel/main.o (write)
lib/orangescrt.a(close.o)     kernel/main.o (close)
lib/orangescrt.a(unlink.o)    kernel/main.o (unlink)
lib/orangescrt.a(getpid.o)    fs/disklog.o (getpid)
lib/orangescrt.a(stat.o)      mm/exec.o (stat)
lib/orangescrt.a(fork.o)      kernel/main.o (fork)
lib/orangescrt.a(exit.o)      kernel/main.o (exit)
lib/orangescrt.a(wait.o)      kernel/main.o (wait)
lib/orangescrt.a(exec.o)      kernel/main.o (execv)
lib/orangescrt.a(syscall.o)   lib/orangescrt.a(misc.o) (sendrec)

Allocating common symbols
Common symbol       size              file

idt_ptr             0x6               kernel/global.o
inode_table         0xb00             kernel/global.o
task_stack          0x24000           kernel/global.o
k_reenter           0x4               kernel/global.o
gdt                 0x400             kernel/global.o
current_console     0x4               kernel/global.o
pcaller             0x4               kernel/global.o
tty_table           0xc6c             kernel/global.o
tss                 0x68              kernel/global.o
fs_msg              0x30              kernel/global.o
memory_size         0x4               kernel/global.o
f_desc_table        0x400             kernel/global.o
root_inode          0x4               kernel/global.o
disp_pos            0x4               kernel/global.o
mm_msg              0x30              kernel/global.o
key_pressed         0x4               kernel/global.o
gdt_ptr             0x6               kernel/global.o
users               0x3c              kernel/main.o
idt                 0x800             kernel/global.o
super_block         0x1e0             kernel/global.o
PARTITION_ENTRY     0x10              kernel/hd.o
ticks               0x4               kernel/global.o
console_table       0x3c              kernel/global.o
irq_table           0x40              kernel/global.o
p_proc_ready        0x4               kernel/global.o
proc_table          0x3cb4            kernel/global.o

Discarded input sections

 .note.GNU-stack
                0x0000000000000000        0x0 kernel/start.o
 .note.GNU-stack
                0x0000000000000000        0x0 kernel/main.o
 .note.GNU-stack
                0x0000000000000000        0x0 kernel/clock.o
 .note.GNU-stack
                0x0000000000000000        0x0 kernel/keyboard.o
 .note.GNU-stack
                0x0000000000000000        0x0 kernel/tty.o
 .note.GNU-stack
                0x0000000000000000        0x0 kernel/console.o
 .note.GNU-stack
                0x0000000000000000        0x0 kernel/i8259.o
 .note.GNU-stack
                0x0000000000000000        0x0 kernel/global.o
 .note.GNU-stack
                0x0000000000000000        0x0 kernel/protect.o
 .note.GNU-stack
                0x0000000000000000        0x0 kernel/proc.o
 .note.GNU-stack
                0x0000000000000000        0x0 kernel/systask.o
 .note.GNU-stack
                0x0000000000000000        0x0 kernel/hd.o
 .note.GNU-stack
                0x0000000000000000        0x0 kernel/klib.o
 .note.GNU-stack
                0x0000000000000000        0x0 kernel/boot_animation.o
 .note.GNU-stack
                0x0000000000000000        0x0 lib/syslog.o
 .note.GNU-stack
                0x0000000000000000        0x0 mm/main.o
 .note.GNU-stack
                0x0000000000000000        0x0 mm/forkexit.o
 .note.GNU-stack
                0x0000000000000000        0x0 mm/exec.o
 .note.GNU-stack
                0x0000000000000000        0x0 fs/main.o
 .note.GNU-stack
                0x0000000000000000        0x0 fs/open.o
 .note.GNU-stack
                0x0000000000000000        0x0 fs/misc.o
 .note.GNU-stack
                0x0000000000000000        0x0 fs/read_write.o
 .note.GNU-stack
                0x0000000000000000        0x0 fs/link.o
 .note.GNU-stack
                0x0000000000000000        0x0 fs/disklog.o
 .note.GNU-stack
                0x0000000000000000        0x0 lib/orangescrt.a(printf.o)
 .note.GNU-stack
                0x0000000000000000        0x0 lib/orangescrt.a(vsprintf.o)
 .note.GNU-stack
                0x0000000000000000        0x0 lib/orangescrt.a(misc.o)
 .note.GNU-stack
                0x0000000000000000        0x0 lib/orangescrt.a(ls.o)
 .note.GNU-stack
                0x0000000000000000        0x0 lib/orangescrt.a(mkdir.o)
 .note.GNU-stack
                0x0000000000000000        0x0 lib/orangescrt.a(open.o)
 .note.GNU-stack
                0x0000000000000000        0x0 lib/orangescrt.a(read.o)
 .note.GNU-stack
                0x0000000000000000        0x0 lib/orangescrt.a(write.o)
 .note.GNU-stack
                0x0000000000000000        0x0 lib/orangescrt.a(close.o)
 .note.GNU-stack
                0x0000000000000000        0x0 lib/orangescrt.a(unlink.o)
 .note.GNU-stack
                0x0000000000000000        0x0 lib/orangescrt.a(getpid.o)
 .note.GNU-stack
                0x0000000000000000        0x0 lib/orangescrt.a(stat.o)
 .note.GNU-stack
                0x0000000000000000        0x0 lib/orangescrt.a(fork.o)
 .note.GNU-stack
                0x0000000000000000        0x0 lib/orangescrt.a(exit.o)
 .note.GNU-stack
                0x0000000000000000        0x0 lib/orangescrt.a(wait.o)
 .note.GNU-stack
                0x0000000000000000        0x0 lib/orangescrt.a(exec.o)

Memory Configuration

Name             Origin             Length             Attributes
*default*        0x0000000000000000 0xffffffffffffffff

Linker script and memory map

Address of section .text set to 0x1000
LOAD kernel/kernel.o
LOAD kernel/start.o
LOAD kernel/main.o
LOAD kernel/clock.o
LOAD kernel/keyboard.o
LOAD kernel/tty.o
LOAD kernel/console.o
LOAD kernel/i8259.o
LOAD kernel/global.o
LOAD kernel/protect.o
LOAD kernel/proc.o
LOAD kernel/systask.o
LOAD kernel/hd.o
LOAD kernel/kliba.o
LOAD kernel/klib.o
LOAD kernel/boot_animation.o
LOAD lib/syslog.o
LOAD mm/main.o
LOAD mm/forkexit.o
LOAD mm/exec.o
LOAD fs/main.o
LOAD fs/open.o
LOAD fs/misc.o
LOAD fs/read_write.o
LOAD fs/link.o
LOAD fs/disklog.o
LOAD lib/orangescrt.a
                [!provide]                        PROVIDE (__executable_start, 0x8048000)
                0x0000000008048094                . = (0x8048000 + SIZEOF_HEADERS)

.interp
 *(.interp)

.note.gnu.build-id
 *(.note.gnu.build-id)

.hash
 *(.hash)

.gnu.hash
 *(.gnu.hash)

.dynsym
 *(.dynsym)

.dynstr
 *(.dynstr)

.gnu.version
 *(.gnu.version)

.gnu.version_d
 *(.gnu.version_d)

.gnu.version_r
 *(.gnu.version_r)

.rel.dyn        0x0000000008048094        0x0
 *(.rel.init)
 *(.rel.text .rel.text.* .rel.gnu.linkonce.t.*)
 .rel.text      0x0000000008048094        0x0 kernel/kernel.o
 *(.rel.fini)
 *(.rel.rodata .rel.rodata.* .rel.gnu.linkonce.r.*)
 *(.rel.data.rel.ro .rel.data.rel.ro.* .rel.gnu.linkonce.d.rel.ro.*)
 *(.rel.data .rel.data.* .rel.gnu.linkonce.d.*)
 .rel.data      0x0000000008048094        0x0 kernel/kernel.o
 *(.rel.tdata .rel.tdata.* .rel.gnu.linkonce.td.*)
 *(.rel.tbss .rel.tbss.* .rel.gnu.linkonce.tb.*)
 *(.rel.ctors)
 *(.rel.dtors)
 *(.rel.got)
 *(.rel.bss .rel.bss.* .rel.gnu.linkonce.b.*)
 *(.rel.ifunc)

.rel.plt        0x0000000008048094        0x0
 *(.rel.plt)
                [!provide]                        PROVIDE (__rel_iplt_start, .)
 *(.rel.iplt)
 .rel.iplt      0x0000000008048094        0x0 kernel/kernel.o
                [!provide]                        PROVIDE (__rel_iplt_end, .)

.init
 *(SORT(.init))

.plt            0x00000000080480a0        0x0
 *(.plt)
 *(.iplt)
 .iplt          0x00000000080480a0        0x0 kernel/kernel.o

.plt.got
 *(.plt.got)

.text           0x0000000000001000     0xf0a8
 *(.text.unlikely .text.*_unlikely .text.unlikely.*)
 *(.text.exit .text.exit.*)
 *(.text.startup .text.startup.*)
 *(.text.hot .text.hot.*)
 *(.text .stub .text.* .gnu.linkonce.t.*)
 .text          0x0000000000001000      0x410 kernel/kernel.o
                0x0000000000001000                _start
                0x0000000000001040                hwint00
                0x0000000000001070                hwint01
                0x00000000000010a0                hwint02
                0x00000000000010d0                hwint03
                0x0000000000001100                hwint04
                0x0000000000001130                hwint05
                0x0000000000001160                hwint06
                0x0000000000001190                hwint07
                0x00000000000011c0                hwint08
                0x00000000000011f0                hwint09
                0x0000000000001220                hwint10
                0x0000000000001250                hwint11
                0x0000000000001280                hwint12
                0x00000000000012b0                hwint13
                0x00000000000012e0                hwint14
                0x0000000000001310                hwint15
                0x0000000000001334                divide_error
                0x000000000000133a                single_step_exception
                0x0000000000001340                nmi
                0x0000000000001346                breakpoint_exception
                0x000000000000134c                overflow
                0x0000000000001352                bounds_check
                0x0000000000001358                inval_opcode
                0x000000000000135e                copr_not_available
                0x0000000000001364                double_fault
                0x0000000000001368                copr_seg_overrun
                0x000000000000136e                inval_tss
                0x0000000000001372                segment_not_present
                0x0000000000001376                stack_exception
                0x000000000000137a                general_protection
                0x000000000000137e                page_fault
                0x0000000000001382                copr_error
                0x00000000000013cb                sys_call
                0x00000000000013eb                restart
 .text          0x0000000000001410       0x95 kernel/start.o
                0x0000000000001410                cstart
 .text          0x00000000000014a5     0x22c1 kernel/main.o
                0x00000000000014a5                kernel_main
                0x00000000000017eb                get_ticks
                0x000000000000181f                untar
                0x00000000000019dd                shabby_shell
                0x0000000000001b3d                eval
                0x0000000000001c2a                builtin_command
                0x0000000000002734                parseline
                0x000000000000286d                Init
                0x000000000000298f                TestA
                0x0000000000002994                TestB
                0x0000000000002999                TestC
                0x000000000000299e                panic
                0x00000000000029e7                clear
                0x0000000000002a1a                createFile
                0x0000000000002a82                writeFile
                0x0000000000002ba6                openFile
                0x0000000000002ca7                userRegister
                0x0000000000002e24                userLogin
                0x0000000000002f0b                help
                0x0000000000003094                CaclSimilarity
                0x0000000000003104                ShowComplete
                0x00000000000032f7                ShowAllProcess
                0x00000000000033d9                OpenPM
                0x00000000000035eb                ShowProcABC
                0x00000000000036ed                ShowPMHelp
 .text          0x0000000000003766      0x182 kernel/clock.o
                0x0000000000003766                clock_handler
                0x0000000000003856                milli_delay
                0x0000000000003890                init_clock
 .text          0x00000000000038e8      0x6da kernel/keyboard.o
                0x00000000000038e8                keyboard_handler
                0x0000000000003952                init_keyboard
                0x0000000000003a01                keyboard_read
 .text          0x0000000000003fc2      0xa44 kernel/tty.o
                0x0000000000003fc2                task_tty
                0x00000000000041b3                in_process
                0x000000000000470c                sys_printx
                0x00000000000048ab                dump_tty_buf
 .text          0x0000000000004a06      0x7d7 kernel/console.o
                0x0000000000004a06                init_screen
                0x0000000000004b7a                out_char
                0x0000000000004e57                is_current_console
                0x0000000000004f4a                select_console
                0x0000000000004f8a                scroll_screen
 .text          0x00000000000051dd      0x130 kernel/i8259.o
                0x00000000000051dd                init_8259A
                0x00000000000052b2                spurious_irq
                0x00000000000052e9                put_irq_handler
 .text          0x000000000000530d        0x0 kernel/global.o
 .text          0x000000000000530d      0x65f kernel/protect.o
                0x000000000000530d                init_prot
                0x0000000000005775                seg2linear
                0x00000000000057c4                init_desc
                0x0000000000005831                exception_handler
 .text          0x000000000000596c     0x16c8 kernel/proc.o
                0x000000000000596c                schedule
                0x00000000000059fe                sys_sendrec
                0x0000000000005b1e                ldt_seg_linear
                0x0000000000005b68                va2la
                0x0000000000005bc9                reset_msg
                0x0000000000006a50                inform_int
                0x0000000000006be7                dump_proc
                0x0000000000006f29                dump_msg
 .text          0x0000000000007034      0x2bc kernel/systask.o
                0x0000000000007034                task_sys
 .text          0x00000000000072f0      0xe1f kernel/hd.o
                0x00000000000072f0                task_hd
                0x00000000000080e4                hd_handler
 *fill*         0x000000000000810f        0x1 
 .text          0x0000000000008110      0x19a kernel/kliba.o
                0x0000000000008110                disp_str
                0x000000000000814e                disp_color_str
                0x000000000000818d                out_byte
                0x0000000000008199                in_byte
                0x00000000000081a3                port_read
                0x00000000000081b6                port_write
                0x00000000000081c9                disable_irq
                0x00000000000081fe                enable_irq
                0x000000000000821d                disable_int
                0x000000000000821f                enable_int
                0x0000000000008221                glitter
 .text          0x00000000000082aa      0x2af kernel/klib.o
                0x00000000000082aa                get_boot_params
                0x0000000000008330                get_kernel_map
                0x0000000000008440                itoa
                0x00000000000084eb                disp_int
                0x0000000000008512                delay
 .text          0x0000000000008559     0x12d0 kernel/boot_animation.o
                0x0000000000008559                boot_animation
 .text          0x0000000000009829       0x6f lib/syslog.o
                0x0000000000009829                syslog
 .text          0x0000000000009898      0x1bc mm/main.o
                0x0000000000009898                task_mm
                0x00000000000099cf                alloc_mem
                0x0000000000009a4a                free_mem
 .text          0x0000000000009a54      0x5c7 mm/forkexit.o
                0x0000000000009a54                do_fork
                0x0000000000009d96                do_exit
                0x0000000000009f62                do_wait
 .text          0x000000000000a01b      0x354 mm/exec.o
                0x000000000000a01b                do_exec
 .text          0x000000000000a36f     0x10b5 fs/main.o
                0x000000000000a36f                task_fs
                0x000000000000ae09                rw_sector
                0x000000000000b02c                get_super_block
                0x000000000000b072                get_inode
                0x000000000000b1d5                put_inode
                0x000000000000b213                sync_inode
 .text          0x000000000000b424      0xdb9 fs/open.o
                0x000000000000b424                do_open
                0x000000000000b8f3                do_ls
                0x000000000000bac2                do_mkdir
                0x000000000000bb7a                do_close
                0x000000000000bbf5                do_lseek
 .text          0x000000000000c1dd      0x48c fs/misc.o
                0x000000000000c1dd                find_entry
                0x000000000000c32e                search_file
                0x000000000000c484                strip_path
 .text          0x000000000000c669      0x49a fs/read_write.o
                0x000000000000c669                do_rdwt
 .text          0x000000000000cb03      0x808 fs/link.o
                0x000000000000cb03                do_unlink
 .text          0x000000000000d30b     0x1fd0 fs/disklog.o
                0x000000000000d30b                disklog
                0x000000000000d878                dump_fd_graph
 .text          0x000000000000f2db       0xad lib/orangescrt.a(printf.o)
                0x000000000000f2db                printf
                0x000000000000f346                printl
 .text          0x000000000000f388      0x305 lib/orangescrt.a(vsprintf.o)
                0x000000000000f3e6                vsprintf
                0x000000000000f667                sprintf
 *fill*         0x000000000000f68d        0x3 
 .text          0x000000000000f690       0x78 lib/orangescrt.a(string.o)
                0x000000000000f690                memcpy
                0x000000000000f6b9                memset
                0x000000000000f6da                strcpy
                0x000000000000f6f2                strlen
 .text          0x000000000000f708      0x3c0 lib/orangescrt.a(misc.o)
                0x000000000000f708                send_recv
                0x000000000000f7c2                memcmp
                0x000000000000f838                strcmp
                0x000000000000f8ab                strcat
                0x000000000000f90a                spin
                0x000000000000f925                assertion_failure
                0x000000000000f95e                strcmp_length
                0x000000000000f9f3                strchr
                0x000000000000fa31                addTwoString
 .text          0x000000000000fac8       0x43 lib/orangescrt.a(ls.o)
                0x000000000000fac8                ls
 .text          0x000000000000fb0b       0x64 lib/orangescrt.a(mkdir.o)
                0x000000000000fb0b                mkdir
 .text          0x000000000000fb6f       0x63 lib/orangescrt.a(open.o)
                0x000000000000fb6f                open
 .text          0x000000000000fbd2       0x37 lib/orangescrt.a(read.o)
                0x000000000000fbd2                read
 .text          0x000000000000fc09       0x37 lib/orangescrt.a(write.o)
                0x000000000000fc09                write
 .text          0x000000000000fc40       0x2b lib/orangescrt.a(close.o)
                0x000000000000fc40                close
 .text          0x000000000000fc6b       0x3c lib/orangescrt.a(unlink.o)
                0x000000000000fc6b                unlink
 .text          0x000000000000fca7       0x46 lib/orangescrt.a(getpid.o)
                0x000000000000fca7                getpid
 .text          0x000000000000fced       0x63 lib/orangescrt.a(stat.o)
                0x000000000000fced                stat
 .text          0x000000000000fd50       0x66 lib/orangescrt.a(fork.o)
                0x000000000000fd50                fork
 .text          0x000000000000fdb6       0x4a lib/orangescrt.a(exit.o)
                0x000000000000fdb6                exit
 .text          0x000000000000fe00       0x3c lib/orangescrt.a(wait.o)
                0x000000000000fe00                wait
 .text          0x000000000000fe3c      0x237 lib/orangescrt.a(exec.o)
                0x000000000000fe3c                exec
                0x000000000000fea7                execl
                0x000000000000fecc                execv
 *fill*         0x0000000000010073        0xd 
 .text          0x0000000000010080       0x28 lib/orangescrt.a(syscall.o)
                0x0000000000010080                sendrec
                0x000000000001009a                printx
 *(.gnu.warning)

.fini
 *(SORT(.fini))
                [!provide]                        PROVIDE (__etext, .)
                [!provide]                        PROVIDE (_etext, .)
                [!provide]                        PROVIDE (etext, .)

.rodata         0x00000000000100c0     0x4ce3
 *(.rodata .rodata.* .gnu.linkonce.r.*)
 .rodata        0x00000000000100c0       0x47 kernel/start.o
 *fill*         0x0000000000010107       0x19 
 .rodata        0x0000000000010120      0xd10 kernel/main.o
 .rodata        0x0000000000010e30       0x64 kernel/keyboard.o
 .rodata        0x0000000000010e94      0x168 kernel/tty.o
 .rodata        0x0000000000010ffc       0x5b kernel/console.o
 .rodata        0x0000000000011057       0x11 kernel/i8259.o
 .rodata        0x0000000000011068       0x10 kernel/global.o
                0x0000000000011068                FSBUF_SIZE
                0x000000000001106c                MMBUF_SIZE
                0x0000000000011070                LOGBUF_SIZE
                0x0000000000011074                LOGDISKBUF_SIZE
 *fill*         0x0000000000011078        0x8 
 .rodata        0x0000000000011080      0x580 kernel/protect.o
 .rodata        0x0000000000011600      0x5da kernel/proc.o
 .rodata        0x0000000000011bda       0x11 kernel/systask.o
 *fill*         0x0000000000011beb        0x1 
 .rodata        0x0000000000011bec      0x1df kernel/hd.o
 *fill*         0x0000000000011dcb        0x1 
 .rodata        0x0000000000011dcc       0x6a kernel/klib.o
 *fill*         0x0000000000011e36        0x2 
 .rodata        0x0000000000011e38     0x1b95 kernel/boot_animation.o
 .rodata        0x00000000000139cd       0x1e lib/syslog.o
 *fill*         0x00000000000139eb        0x1 
 .rodata        0x00000000000139ec       0xb1 mm/main.o
 *fill*         0x0000000000013a9d        0x3 
 .rodata        0x0000000000013aa0       0xe7 mm/forkexit.o
 *fill*         0x0000000000013b87        0x1 
 .rodata        0x0000000000013b88       0xa4 mm/exec.o
 .rodata        0x0000000000013c2c      0x2c6 fs/main.o
 *fill*         0x0000000000013ef2        0x2 
 .rodata        0x0000000000013ef4      0x161 fs/open.o
 *fill*         0x0000000000014055        0x3 
 .rodata        0x0000000000014058      0x164 fs/read_write.o
 .rodata        0x00000000000141bc      0x1ad fs/link.o
 *fill*         0x0000000000014369        0x3 
 .rodata        0x000000000001436c      0x806 fs/disklog.o
 .rodata        0x0000000000014b72       0x14 lib/orangescrt.a(printf.o)
 *fill*         0x0000000000014b86        0x2 
 .rodata        0x0000000000014b88       0xad lib/orangescrt.a(misc.o)
 .rodata        0x0000000000014c35       0x24 lib/orangescrt.a(mkdir.o)
 .rodata        0x0000000000014c59       0x23 lib/orangescrt.a(open.o)
 .rodata        0x0000000000014c7c       0x25 lib/orangescrt.a(getpid.o)
 .rodata        0x0000000000014ca1       0x23 lib/orangescrt.a(stat.o)
 .rodata        0x0000000000014cc4       0x33 lib/orangescrt.a(fork.o)
 .rodata        0x0000000000014cf7       0x23 lib/orangescrt.a(exit.o)
 *fill*         0x0000000000014d1a        0x2 
 .rodata        0x0000000000014d1c       0x87 lib/orangescrt.a(exec.o)

.rodata1
 *(.rodata1)

.eh_frame_hdr
 *(.eh_frame_hdr)
 *(.eh_frame_entry .eh_frame_entry.*)

.eh_frame       0x0000000000014da4     0x1600
 *(.eh_frame)
 .eh_frame      0x0000000000014da4       0x38 kernel/start.o
 .eh_frame      0x0000000000014ddc      0x328 kernel/main.o
                                        0x340 (size before relaxing)
 .eh_frame      0x0000000000015104       0x60 kernel/clock.o
                                         0x78 (size before relaxing)
 .eh_frame      0x0000000000015164       0xe0 kernel/keyboard.o
                                         0xf8 (size before relaxing)
 .eh_frame      0x0000000000015244      0x13c kernel/tty.o
                                        0x154 (size before relaxing)
 .eh_frame      0x0000000000015380      0x144 kernel/console.o
                                        0x15c (size before relaxing)
 .eh_frame      0x00000000000154c4       0x60 kernel/i8259.o
                                         0x78 (size before relaxing)
 .eh_frame      0x0000000000015524       0xb0 kernel/protect.o
                                         0xc8 (size before relaxing)
 .eh_frame      0x00000000000155d4      0x1b4 kernel/proc.o
                                        0x1cc (size before relaxing)
 .eh_frame      0x0000000000015788       0x5c kernel/systask.o
                                         0x74 (size before relaxing)
 .eh_frame      0x00000000000157e4      0x1f0 kernel/hd.o
                                        0x208 (size before relaxing)
 .eh_frame      0x00000000000159d4       0xa0 kernel/klib.o
                                         0xb8 (size before relaxing)
 .eh_frame      0x0000000000015a74       0x20 kernel/boot_animation.o
                                         0x38 (size before relaxing)
 .eh_frame      0x0000000000015a94       0x20 lib/syslog.o
                                         0x38 (size before relaxing)
 .eh_frame      0x0000000000015ab4       0x7c mm/main.o
                                         0x94 (size before relaxing)
 .eh_frame      0x0000000000015b30       0x90 mm/forkexit.o
                                         0xa8 (size before relaxing)
 .eh_frame      0x0000000000015bc0       0x2c mm/exec.o
                                         0x44 (size before relaxing)
 .eh_frame      0x0000000000015bec      0x170 fs/main.o
                                        0x188 (size before relaxing)
 .eh_frame      0x0000000000015d5c      0x188 fs/open.o
                                        0x1a0 (size before relaxing)
 .eh_frame      0x0000000000015ee4       0x6c fs/misc.o
                                         0x84 (size before relaxing)
 .eh_frame      0x0000000000015f50       0x2c fs/read_write.o
                                         0x44 (size before relaxing)
 .eh_frame      0x0000000000015f7c       0x2c fs/link.o
                                         0x44 (size before relaxing)
 .eh_frame      0x0000000000015fa8       0x60 fs/disklog.o
                                         0x78 (size before relaxing)
 .eh_frame      0x0000000000016008       0x40 lib/orangescrt.a(printf.o)
                                         0x58 (size before relaxing)
 .eh_frame      0x0000000000016048       0x60 lib/orangescrt.a(vsprintf.o)
                                         0x78 (size before relaxing)
 .eh_frame      0x00000000000160a8      0x11c lib/orangescrt.a(misc.o)
                                        0x134 (size before relaxing)
 .eh_frame      0x00000000000161c4       0x20 lib/orangescrt.a(ls.o)
                                         0x38 (size before relaxing)
 .eh_frame      0x00000000000161e4       0x20 lib/orangescrt.a(mkdir.o)
                                         0x38 (size before relaxing)
 .eh_frame      0x0000000000016204       0x20 lib/orangescrt.a(open.o)
                                         0x38 (size before relaxing)
 .eh_frame      0x0000000000016224       0x20 lib/orangescrt.a(read.o)
                                         0x38 (size before relaxing)
 .eh_frame      0x0000000000016244       0x20 lib/orangescrt.a(write.o)
                                         0x38 (size before relaxing)
 .eh_frame      0x0000000000016264       0x20 lib/orangescrt.a(close.o)
                                         0x38 (size before relaxing)
 .eh_frame      0x0000000000016284       0x20 lib/orangescrt.a(unlink.o)
                                         0x38 (size before relaxing)
 .eh_frame      0x00000000000162a4       0x20 lib/orangescrt.a(getpid.o)
                                         0x38 (size before relaxing)
 .eh_frame      0x00000000000162c4       0x20 lib/orangescrt.a(stat.o)
                                         0x38 (size before relaxing)
 .eh_frame      0x00000000000162e4       0x20 lib/orangescrt.a(fork.o)
                                         0x38 (size before relaxing)
 .eh_frame      0x0000000000016304       0x20 lib/orangescrt.a(exit.o)
                                         0x38 (size before relaxing)
 .eh_frame      0x0000000000016324       0x20 lib/orangescrt.a(wait.o)
                                         0x38 (size before relaxing)
 .eh_frame      0x0000000000016344       0x60 lib/orangescrt.a(exec.o)
                                         0x78 (size before relaxing)
 *(.eh_frame.*)

.gcc_except_table
 *(.gcc_except_table .gcc_except_table.*)

.gnu_extab
 *(.gnu_extab*)

.exception_ranges
 *(.exception_ranges .exception_ranges*)
                0x00000000000173a4                . = DATA_SEGMENT_ALIGN (0x1000, 0x1000)

.eh_frame
 *(.eh_frame)
 *(.eh_frame.*)

.gnu_extab
 *(.gnu_extab)

.gcc_except_table
 *(.gcc_except_table .gcc_except_table.*)

.exception_ranges
 *(.exception_ranges .exception_ranges*)

.tdata
 *(.tdata .tdata.* .gnu.linkonce.td.*)

.tbss
 *(.tbss .tbss.* .gnu.linkonce.tb.*)
 *(.tcommon)

.preinit_array  0x00000000000173a4        0x0
                [!provide]                        PROVIDE (__preinit_array_start, .)
 *(.preinit_array)
                [!provide]                        PROVIDE (__preinit_array_end, .)

.init_array     0x00000000000173a4        0x0
                [!provide]                        PROVIDE (__init_array_start, .)
 *(SORT(.init_array.*) SORT(.ctors.*))
 *(.init_array EXCLUDE_FILE(*crtend?.o *crtend.o *crtbegin?.o *crtbegin.o) .ctors)
                [!provide]                        PROVIDE (__init_array_end, .)

.fini_array     0x00000000000173a4        0x0
                [!provide]                        PROVIDE (__fini_array_start, .)
 *(SORT(.fini_array.*) SORT(.dtors.*))
 *(.fini_array EXCLUDE_FILE(*crtend?.o *crtend.o *crtbegin?.o *crtbegin.o) .dtors)
                [!provide]                        PROVIDE (__fini_array_end, .)

.ctors
 *crtbegin.o(.ctors)
 *crtbegin?.o(.ctors)
 *(EXCLUDE_FILE(*crtend?.o *crtend.o) .ctors)
 *(SORT(.ctors.*))
 *(.ctors)

.dtors
 *crtbegin.o(.dtors)
 *crtbegin?.o(.dtors)
 *(EXCLUDE_FILE(*crtend?.o *crtend.o) .dtors)
 *(SORT(.dtors.*))
 *(.dtors)

.jcr
 *(.jcr)

.data.rel.ro
 *(.data.rel.ro.local* .gnu.linkonce.d.rel.ro.local.*)
 *(.data.rel.ro .data.rel.ro.* .gnu.linkonce.d.rel.ro.*)

.dynamic
 *(.dynamic)

.got
 *(.got)
 *(.igot)
                0x00000000000173a4                . = DATA_SEGMENT_RELRO_END (., (SIZEOF (.got.plt) >= 0xc)?0xc:0x0)

.got.plt        0x00000000000173a4        0x0
 *(.got.plt)
 *(.igot.plt)
 .igot.plt      0x00000000000173a4        0x0 kernel/kernel.o

.data           0x00000000000173c0      0x874
 *(.data .data.* .gnu.linkonce.d.*)
 .data          0x00000000000173c0        0x2 kernel/kernel.o
 .data          0x00000000000173c2        0x0 kernel/start.o
 *fill*         0x00000000000173c2       0x1e 
 .data          0x00000000000173e0       0x50 kernel/main.o
                0x00000000000173e0                current_dir
                0x0000000000017420                current_user
 .data          0x0000000000017430        0x0 kernel/clock.o
 *fill*         0x0000000000017430       0x10 
 .data          0x0000000000017440      0x600 kernel/keyboard.o
                0x0000000000017440                keymap
 .data          0x0000000000017a40       0x22 kernel/tty.o
 .data          0x0000000000017a62        0x0 kernel/console.o
 .data          0x0000000000017a62        0x0 kernel/i8259.o
 *fill*         0x0000000000017a62       0x1e 
 .data          0x0000000000017a80      0x1b4 kernel/global.o
                0x0000000000017a80                task_table
                0x0000000000017b60                user_proc_table
                0x0000000000017c00                sys_call_table
                0x0000000000017c0c                dd_map
                0x0000000000017c24                fsbuf
                0x0000000000017c28                mmbuf
                0x0000000000017c2c                logbuf
                0x0000000000017c30                logdiskbuf
 .data          0x0000000000017c34        0x0 kernel/protect.o
 .data          0x0000000000017c34        0x0 kernel/proc.o
 .data          0x0000000000017c34        0x0 kernel/systask.o
 .data          0x0000000000017c34        0x0 kernel/hd.o
 .data          0x0000000000017c34        0x0 kernel/klib.o
 .data          0x0000000000017c34        0x0 kernel/boot_animation.o
 .data          0x0000000000017c34        0x0 lib/syslog.o
 .data          0x0000000000017c34        0x0 mm/main.o
 .data          0x0000000000017c34        0x0 mm/forkexit.o
 .data          0x0000000000017c34        0x0 mm/exec.o
 .data          0x0000000000017c34        0x0 fs/main.o
 .data          0x0000000000017c34        0x0 fs/open.o
 .data          0x0000000000017c34        0x0 fs/misc.o
 .data          0x0000000000017c34        0x0 fs/read_write.o
 .data          0x0000000000017c34        0x0 fs/link.o
 .data          0x0000000000017c34        0x0 fs/disklog.o
 .data          0x0000000000017c34        0x0 lib/orangescrt.a(printf.o)
 .data          0x0000000000017c34        0x0 lib/orangescrt.a(vsprintf.o)
 .data          0x0000000000017c34        0x0 lib/orangescrt.a(misc.o)
 .data          0x0000000000017c34        0x0 lib/orangescrt.a(ls.o)
 .data          0x0000000000017c34        0x0 lib/orangescrt.a(mkdir.o)
 .data          0x0000000000017c34        0x0 lib/orangescrt.a(open.o)
 .data          0x0000000000017c34        0x0 lib/orangescrt.a(read.o)
 .data          0x0000000000017c34        0x0 lib/orangescrt.a(write.o)
 .data          0x0000000000017c34        0x0 lib/orangescrt.a(close.o)
 .data          0x0000000000017c34        0x0 lib/orangescrt.a(unlink.o)
 .data          0x0000000000017c34        0x0 lib/orangescrt.a(getpid.o)
 .data          0x0000000000017c34        0x0 lib/orangescrt.a(stat.o)
 .data          0x0000000000017c34        0x0 lib/orangescrt.a(fork.o)
 .data          0x0000000000017c34        0x0 lib/orangescrt.a(exit.o)
 .data          0x0000000000017c34        0x0 lib/orangescrt.a(wait.o)
 .data          0x0000000000017c34        0x0 lib/orangescrt.a(exec.o)

.data1
 *(.data1)
                0x0000000000017c34                _edata = .
                [!provide]                        PROVIDE (edata, .)
                0x0000000000017c34                . = .
                0x0000000000017c34                __bss_start = .

.bss            0x0000000000017c40    0x2b984
 *(.dynbss)
 *(.bss .bss.* .gnu.linkonce.b.*)
 .bss           0x0000000000017c40      0x800 kernel/kernel.o
 .bss           0x0000000000018440        0x0 kernel/start.o
 .bss           0x0000000000018440        0x0 kernel/main.o
 .bss           0x0000000000018440        0x0 kernel/clock.o
 .bss           0x0000000000018440       0x58 kernel/keyboard.o
 .bss           0x0000000000018498        0x0 kernel/tty.o
 .bss           0x0000000000018498        0x0 kernel/console.o
 .bss           0x0000000000018498        0x0 kernel/i8259.o
 .bss           0x0000000000018498        0x0 kernel/global.o
 .bss           0x0000000000018498        0x0 kernel/protect.o
 .bss           0x0000000000018498        0x0 kernel/proc.o
 .bss           0x0000000000018498        0x0 kernel/systask.o
 *fill*         0x0000000000018498        0x8 
 .bss           0x00000000000184a0      0x64c kernel/hd.o
 .bss           0x0000000000018aec        0x0 kernel/klib.o
 .bss           0x0000000000018aec        0x0 kernel/boot_animation.o
 .bss           0x0000000000018aec        0x0 lib/syslog.o
 .bss           0x0000000000018aec        0x0 mm/main.o
 .bss           0x0000000000018aec        0x0 mm/forkexit.o
 .bss           0x0000000000018aec        0x0 mm/exec.o
 .bss           0x0000000000018aec        0x0 fs/main.o
 .bss           0x0000000000018aec        0x0 fs/open.o
 .bss           0x0000000000018aec        0x0 fs/misc.o
 .bss           0x0000000000018aec        0x0 fs/read_write.o
 .bss           0x0000000000018aec        0x0 fs/link.o
 *fill*         0x0000000000018aec       0x14 
 .bss           0x0000000000018b00      0x208 fs/disklog.o
 .bss           0x0000000000018d08        0x0 lib/orangescrt.a(printf.o)
 .bss           0x0000000000018d08        0x0 lib/orangescrt.a(vsprintf.o)
 .bss           0x0000000000018d08        0x0 lib/orangescrt.a(misc.o)
 .bss           0x0000000000018d08        0x0 lib/orangescrt.a(ls.o)
 .bss           0x0000000000018d08        0x0 lib/orangescrt.a(mkdir.o)
 .bss           0x0000000000018d08        0x0 lib/orangescrt.a(open.o)
 .bss           0x0000000000018d08        0x0 lib/orangescrt.a(read.o)
 .bss           0x0000000000018d08        0x0 lib/orangescrt.a(write.o)
 .bss           0x0000000000018d08        0x0 lib/orangescrt.a(close.o)
 .bss           0x0000000000018d08        0x0 lib/orangescrt.a(unlink.o)
 .bss           0x0000000000018d08        0x0 lib/orangescrt.a(getpid.o)
 .bss           0x0000000000018d08        0x0 lib/orangescrt.a(stat.o)
 .bss           0x0000000000018d08        0x0 lib/orangescrt.a(fork.o)
 .bss           0x0000000000018d08        0x0 lib/orangescrt.a(exit.o)
 .bss           0x0000000000018d08        0x0 lib/orangescrt.a(wait.o)
 .bss           0x0000000000018d08        0x0 lib/orangescrt.a(exec.o)
 *(COMMON)
 *fill*         0x0000000000018d08       0x18 
 COMMON         0x0000000000018d20       0x3c kernel/main.o
                0x0000000000018d20                users
 *fill*         0x0000000000018d5c        0x4 
 COMMON         0x0000000000018d60    0x2a854 kernel/global.o
                0x0000000000018d60                idt_ptr
                0x0000000000018d80                inode_table
                0x0000000000019880                task_stack
                0x000000000003d880                k_reenter
                0x000000000003d8a0                gdt
                0x000000000003dca0                current_console
                0x000000000003dca4                pcaller
                0x000000000003dcc0                tty_table
                0x000000000003e940                tss
                0x000000000003e9c0                fs_msg
                0x000000000003e9f0                memory_size
                0x000000000003ea00                f_desc_table
                0x000000000003ee00                root_inode
                0x000000000003ee04                disp_pos
                0x000000000003ee20                mm_msg
                0x000000000003ee50                key_pressed
                0x000000000003ee54                gdt_ptr
                0x000000000003ee60                idt
                0x000000000003f660                super_block
                0x000000000003f840                ticks
                0x000000000003f860                console_table
                0x000000000003f8a0                irq_table
                0x000000000003f8e0                p_proc_ready
                0x000000000003f900                proc_table
 COMMON         0x00000000000435b4       0x10 kernel/hd.o
                0x00000000000435b4                PARTITION_ENTRY
                0x00000000000435c4                . = ALIGN ((. != 0x0)?0x4:0x1)
                0x00000000000435c4                . = ALIGN (0x4)
                0x00000000000435c4                . = SEGMENT_START ("ldata-segment", .)
                0x00000000000435c4                . = ALIGN (0x4)
                0x00000000000435c4                _end = .
                [!provide]                        PROVIDE (end, .)
                0x00000000000435c4                . = DATA_SEGMENT_END (.)

.stab
 *(.stab)

.stabstr
 *(.stabstr)

.stab.excl
 *(.stab.excl)

.stab.exclstr
 *(.stab.exclstr)

.stab.index
 *(.stab.index)

.stab.indexstr
 *(.stab.indexstr)

.comment        0x0000000000000000       0x34
 *(.comment)
 .comment       0x0000000000000000       0x34 kernel/start.o
                                         0x35 (size before relaxing)
 .comment       0x0000000000000034       0x35 kernel/main.o
 .comment       0x0000000000000034       0x35 kernel/clock.o
 .comment       0x0000000000000034       0x35 kernel/keyboard.o
 .comment       0x0000000000000034       0x35 kernel/tty.o
 .comment       0x0000000000000034       0x35 kernel/console.o
 .comment       0x0000000000000034       0x35 kernel/i8259.o
 .comment       0x0000000000000034       0x35 kernel/global.o
 .comment       0x0000000000000034       0x35 kernel/protect.o
 .comment       0x0000000000000034       0x35 kernel/proc.o
 .comment       0x0000000000000034       0x35 kernel/systask.o
 .comment       0x0000000000000034       0x35 kernel/hd.o
 .comment       0x0000000000000034       0x35 kernel/klib.o
 .comment       0x0000000000000034       0x35 kernel/boot_animation.o
 .comment       0x0000000000000034       0x35 lib/syslog.o
 .comment       0x0000000000000034       0x35 mm/main.o
 .comment       0x0000000000000034       0x35 mm/forkexit.o
 .comment       0x0000000000000034       0x35 mm/exec.o
 .comment       0x0000000000000034       0x35 fs/main.o
 .comment       0x0000000000000034       0x35 fs/open.o
 .comment       0x0000000000000034       0x35 fs/misc.o
 .comment       0x0000000000000034       0x35 fs/read_write.o
 .comment       0x0000000000000034       0x35 fs/link.o
 .comment       0x0000000000000034       0x35 fs/disklog.o
 .comment       0x0000000000000034       0x35 lib/orangescrt.a(printf.o)
 .comment       0x0000000000000034       0x35 lib/orangescrt.a(vsprintf.o)
 .comment       0x0000000000000034       0x35 lib/orangescrt.a(misc.o)
 .comment       0x0000000000000034       0x35 lib/orangescrt.a(ls.o)
 .comment       0x0000000000000034       0x35 lib/orangescrt.a(mkdir.o)
 .comment       0x0000000000000034       0x35 lib/orangescrt.a(open.o)
 .comment       0x0000000000000034       0x35 lib/orangescrt.a(read.o)
 .comment       0x0000000000000034       0x35 lib/orangescrt.a(write.o)
 .comment       0x0000000000000034       0x35 lib/orangescrt.a(close.o)
 .comment       0x0000000000000034       0x35 lib/orangescrt.a(unlink.o)
 .comment       0x0000000000000034       0x35 lib/orangescrt.a(getpid.o)
 .comment       0x0000000000000034       0x35 lib/orangescrt.a(stat.o)
 .comment       0x0000000000000034       0x35 lib/orangescrt.a(fork.o)
 .comment       0x0000000000000034       0x35 lib/orangescrt.a(exit.o)
 .comment       0x0000000000000034       0x35 lib/orangescrt.a(wait.o)
 .comment       0x0000000000000034       0x35 lib/orangescrt.a(exec.o)

.debug
 *(.debug)

.line
 *(.line)

.debug_srcinfo
 *(.debug_srcinfo)

.debug_sfnames
 *(.debug_sfnames)

.debug_aranges
 *(.debug_aranges)

.debug_pubnames
 *(.debug_pubnames)

.debug_info
 *(.debug_info .gnu.linkonce.wi.*)

.debug_abbrev
 *(.debug_abbrev)

.debug_line
 *(.debug_line .debug_line.* .debug_line_end)

.debug_frame
 *(.debug_frame)

.debug_str
 *(.debug_str)

.debug_loc
 *(.debug_loc)

.debug_macinfo
 *(.debug_macinfo)

.debug_weaknames
 *(.debug_weaknames)

.debug_funcnames
 *(.debug_funcnames)

.debug_typenames
 *(.debug_typenames)

.debug_varnames
 *(.debug_varnames)

.debug_pubtypes
 *(.debug_pubtypes)

.debug_ranges
 *(.debug_ranges)

.debug_macro
 *(.debug_macro)

.gnu.attributes
 *(.gnu.attributes)

/DISCARD/
 *(.note.GNU-stack)
 *(.gnu_debuglink)
 *(.gnu.lto_*)
OUTPUT(kernel.bin elf32-i386)
