Archive member included to satisfy reference by file (symbol)

lib/orangescrt.a(printf.o)    kernel/main.o (printf)
lib/orangescrt.a(vsprintf.o)  kernel/main.o (vsprintf)
lib/orangescrt.a(string.o)    kernel/start.o (memcpy)
lib/orangescrt.a(misc.o)      kernel/main.o (send_recv)
lib/orangescrt.a(ls.o)        kernel/main.o (ls)
lib/orangescrt.a(mkdir.o)     kernel/main.o (mkdir)
lib/orangescrt.a(open.o)      kernel/main.o (open)
lib/orangescrt.a(read.o)      kernel/main.o (read)
lib/orangescrt.a(write.o)     kernel/main.o (write)
lib/orangescrt.a(close.o)     kernel/main.o (close)
lib/orangescrt.a(unlink.o)    kernel/main.o (unlink)
lib/orangescrt.a(getpid.o)    fs/disklog.o (getpid)
lib/orangescrt.a(stat.o)      mm/exec.o (stat)
lib/orangescrt.a(fork.o)      kernel/main.o (fork)
lib/orangescrt.a(exit.o)      kernel/main.o (exit)
lib/orangescrt.a(wait.o)      kernel/main.o (wait)
lib/orangescrt.a(exec.o)      kernel/main.o (execv)
lib/orangescrt.a(syscall.o)   lib/orangescrt.a(misc.o) (sendrec)

Allocating common symbols
Common symbol       size              file

idt_ptr             0x6               kernel/global.o
inode_table         0xb00             kernel/global.o
task_stack          0x24000           kernel/global.o
k_reenter           0x4               kernel/global.o
gdt                 0x400             kernel/global.o
current_console     0x4               kernel/global.o
pcaller             0x4               kernel/global.o
tty_table           0xc6c             kernel/global.o
tss                 0x68              kernel/global.o
fs_msg              0x30              kernel/global.o
memory_size         0x4               kernel/global.o
f_desc_table        0x400             kernel/global.o
root_inode          0x4               kernel/global.o
disp_pos            0x4               kernel/global.o
mm_msg              0x30              kernel/global.o
key_pressed         0x4               kernel/global.o
gdt_ptr             0x6               kernel/global.o
users               0x3c              kernel/main.o
idt                 0x800             kernel/global.o
super_block         0x1e0             kernel/global.o
PARTITION_ENTRY     0x10              kernel/hd.o
ticks               0x4               kernel/global.o
console_table       0x3c              kernel/global.o
irq_table           0x40              kernel/global.o
p_proc_ready        0x4               kernel/global.o
proc_table          0x3cb4            kernel/global.o

Discarded input sections

 .note.GNU-stack
                0x0000000000000000        0x0 kernel/start.o
 .note.GNU-stack
                0x0000000000000000        0x0 kernel/main.o
 .note.GNU-stack
                0x0000000000000000        0x0 kernel/clock.o
 .note.GNU-stack
                0x0000000000000000        0x0 kernel/keyboard.o
 .note.GNU-stack
                0x0000000000000000        0x0 kernel/tty.o
 .note.GNU-stack
                0x0000000000000000        0x0 kernel/console.o
 .note.GNU-stack
                0x0000000000000000        0x0 kernel/i8259.o
 .note.GNU-stack
                0x0000000000000000        0x0 kernel/global.o
 .note.GNU-stack
                0x0000000000000000        0x0 kernel/protect.o
 .note.GNU-stack
                0x0000000000000000        0x0 kernel/proc.o
 .note.GNU-stack
                0x0000000000000000        0x0 kernel/systask.o
 .note.GNU-stack
                0x0000000000000000        0x0 kernel/hd.o
 .note.GNU-stack
                0x0000000000000000        0x0 kernel/klib.o
 .note.GNU-stack
                0x0000000000000000        0x0 kernel/boot_animation.o
 .note.GNU-stack
                0x0000000000000000        0x0 lib/syslog.o
 .note.GNU-stack
                0x0000000000000000        0x0 mm/main.o
 .note.GNU-stack
                0x0000000000000000        0x0 mm/forkexit.o
 .note.GNU-stack
                0x0000000000000000        0x0 mm/exec.o
 .note.GNU-stack
                0x0000000000000000        0x0 fs/main.o
 .note.GNU-stack
                0x0000000000000000        0x0 fs/open.o
 .note.GNU-stack
                0x0000000000000000        0x0 fs/misc.o
 .note.GNU-stack
                0x0000000000000000        0x0 fs/read_write.o
 .note.GNU-stack
                0x0000000000000000        0x0 fs/link.o
 .note.GNU-stack
                0x0000000000000000        0x0 fs/disklog.o
 .note.GNU-stack
                0x0000000000000000        0x0 lib/orangescrt.a(printf.o)
 .note.GNU-stack
                0x0000000000000000        0x0 lib/orangescrt.a(vsprintf.o)
 .note.GNU-stack
                0x0000000000000000        0x0 lib/orangescrt.a(misc.o)
 .note.GNU-stack
                0x0000000000000000        0x0 lib/orangescrt.a(ls.o)
 .note.GNU-stack
                0x0000000000000000        0x0 lib/orangescrt.a(mkdir.o)
 .note.GNU-stack
                0x0000000000000000        0x0 lib/orangescrt.a(open.o)
 .note.GNU-stack
                0x0000000000000000        0x0 lib/orangescrt.a(read.o)
 .note.GNU-stack
                0x0000000000000000        0x0 lib/orangescrt.a(write.o)
 .note.GNU-stack
                0x0000000000000000        0x0 lib/orangescrt.a(close.o)
 .note.GNU-stack
                0x0000000000000000        0x0 lib/orangescrt.a(unlink.o)
 .note.GNU-stack
                0x0000000000000000        0x0 lib/orangescrt.a(getpid.o)
 .note.GNU-stack
                0x0000000000000000        0x0 lib/orangescrt.a(stat.o)
 .note.GNU-stack
                0x0000000000000000        0x0 lib/orangescrt.a(fork.o)
 .note.GNU-stack
                0x0000000000000000        0x0 lib/orangescrt.a(exit.o)
 .note.GNU-stack
                0x0000000000000000        0x0 lib/orangescrt.a(wait.o)
 .note.GNU-stack
                0x0000000000000000        0x0 lib/orangescrt.a(exec.o)

Memory Configuration

Name             Origin             Length             Attributes
*default*        0x0000000000000000 0xffffffffffffffff

Linker script and memory map

Address of section .text set to 0x1000
LOAD kernel/kernel.o
LOAD kernel/start.o
LOAD kernel/main.o
LOAD kernel/clock.o
LOAD kernel/keyboard.o
LOAD kernel/tty.o
LOAD kernel/console.o
LOAD kernel/i8259.o
LOAD kernel/global.o
LOAD kernel/protect.o
LOAD kernel/proc.o
LOAD kernel/systask.o
LOAD kernel/hd.o
LOAD kernel/kliba.o
LOAD kernel/klib.o
LOAD kernel/boot_animation.o
LOAD lib/syslog.o
LOAD mm/main.o
LOAD mm/forkexit.o
LOAD mm/exec.o
LOAD fs/main.o
LOAD fs/open.o
LOAD fs/misc.o
LOAD fs/read_write.o
LOAD fs/link.o
LOAD fs/disklog.o
LOAD lib/orangescrt.a
                [!provide]                        PROVIDE (__executable_start, 0x8048000)
                0x0000000008048094                . = (0x8048000 + SIZEOF_HEADERS)

.interp
 *(.interp)

.note.gnu.build-id
 *(.note.gnu.build-id)

.hash
 *(.hash)

.gnu.hash
 *(.gnu.hash)

.dynsym
 *(.dynsym)

.dynstr
 *(.dynstr)

.gnu.version
 *(.gnu.version)

.gnu.version_d
 *(.gnu.version_d)

.gnu.version_r
 *(.gnu.version_r)

.rel.dyn        0x0000000008048094        0x0
 *(.rel.init)
 *(.rel.text .rel.text.* .rel.gnu.linkonce.t.*)
 .rel.text      0x0000000008048094        0x0 kernel/kernel.o
 *(.rel.fini)
 *(.rel.rodata .rel.rodata.* .rel.gnu.linkonce.r.*)
 *(.rel.data.rel.ro .rel.data.rel.ro.* .rel.gnu.linkonce.d.rel.ro.*)
 *(.rel.data .rel.data.* .rel.gnu.linkonce.d.*)
 .rel.data      0x0000000008048094        0x0 kernel/kernel.o
 *(.rel.tdata .rel.tdata.* .rel.gnu.linkonce.td.*)
 *(.rel.tbss .rel.tbss.* .rel.gnu.linkonce.tb.*)
 *(.rel.ctors)
 *(.rel.dtors)
 *(.rel.got)
 *(.rel.bss .rel.bss.* .rel.gnu.linkonce.b.*)
 *(.rel.ifunc)

.rel.plt        0x0000000008048094        0x0
 *(.rel.plt)
                [!provide]                        PROVIDE (__rel_iplt_start, .)
 *(.rel.iplt)
 .rel.iplt      0x0000000008048094        0x0 kernel/kernel.o
                [!provide]                        PROVIDE (__rel_iplt_end, .)

.init
 *(SORT(.init))

.plt            0x00000000080480a0        0x0
 *(.plt)
 *(.iplt)
 .iplt          0x00000000080480a0        0x0 kernel/kernel.o

.plt.got
 *(.plt.got)

.text           0x0000000000001000     0xf038
 *(.text.unlikely .text.*_unlikely .text.unlikely.*)
 *(.text.exit .text.exit.*)
 *(.text.startup .text.startup.*)
 *(.text.hot .text.hot.*)
 *(.text .stub .text.* .gnu.linkonce.t.*)
 .text          0x0000000000001000      0x410 kernel/kernel.o
                0x0000000000001000                _start
                0x0000000000001040                hwint00
                0x0000000000001070                hwint01
                0x00000000000010a0                hwint02
                0x00000000000010d0                hwint03
                0x0000000000001100                hwint04
                0x0000000000001130                hwint05
                0x0000000000001160                hwint06
                0x0000000000001190                hwint07
                0x00000000000011c0                hwint08
                0x00000000000011f0                hwint09
                0x0000000000001220                hwint10
                0x0000000000001250                hwint11
                0x0000000000001280                hwint12
                0x00000000000012b0                hwint13
                0x00000000000012e0                hwint14
                0x0000000000001310                hwint15
                0x0000000000001334                divide_error
                0x000000000000133a                single_step_exception
                0x0000000000001340                nmi
                0x0000000000001346                breakpoint_exception
                0x000000000000134c                overflow
                0x0000000000001352                bounds_check
                0x0000000000001358                inval_opcode
                0x000000000000135e                copr_not_available
                0x0000000000001364                double_fault
                0x0000000000001368                copr_seg_overrun
                0x000000000000136e                inval_tss
                0x0000000000001372                segment_not_present
                0x0000000000001376                stack_exception
                0x000000000000137a                general_protection
                0x000000000000137e                page_fault
                0x0000000000001382                copr_error
                0x00000000000013cb                sys_call
                0x00000000000013eb                restart
 .text          0x0000000000001410       0x95 kernel/start.o
                0x0000000000001410                cstart
 .text          0x00000000000014a5     0x224e kernel/main.o
                0x00000000000014a5                kernel_main
                0x00000000000017eb                get_ticks
                0x000000000000181f                untar
                0x00000000000019dd                shabby_shell
                0x0000000000001ada                eval
                0x0000000000001bc7                builtin_command
                0x00000000000026d1                parseline
                0x000000000000280a                Init
                0x000000000000292c                TestA
                0x0000000000002931                TestB
                0x0000000000002936                TestC
                0x000000000000293b                panic
                0x0000000000002984                clear
                0x00000000000029b7                createFile
                0x0000000000002a1f                writeFile
                0x0000000000002b43                openFile
                0x0000000000002c44                userRegister
                0x0000000000002dc1                userLogin
                0x0000000000002ea8                help
                0x0000000000003021                CaclSimilarity
                0x0000000000003091                ShowComplete
                0x0000000000003284                ShowAllProcess
                0x0000000000003366                OpenPM
                0x0000000000003578                ShowProcABC
                0x000000000000367a                ShowPMHelp
 .text          0x00000000000036f3      0x182 kernel/clock.o
                0x00000000000036f3                clock_handler
                0x00000000000037e3                milli_delay
                0x000000000000381d                init_clock
 .text          0x0000000000003875      0x6da kernel/keyboard.o
                0x0000000000003875                keyboard_handler
                0x00000000000038df                init_keyboard
                0x000000000000398e                keyboard_read
 .text          0x0000000000003f4f      0xa44 kernel/tty.o
                0x0000000000003f4f                task_tty
                0x0000000000004140                in_process
                0x0000000000004699                sys_printx
                0x0000000000004838                dump_tty_buf
 .text          0x0000000000004993      0x7d7 kernel/console.o
                0x0000000000004993                init_screen
                0x0000000000004b07                out_char
                0x0000000000004de4                is_current_console
                0x0000000000004ed7                select_console
                0x0000000000004f17                scroll_screen
 .text          0x000000000000516a      0x130 kernel/i8259.o
                0x000000000000516a                init_8259A
                0x000000000000523f                spurious_irq
                0x0000000000005276                put_irq_handler
 .text          0x000000000000529a        0x0 kernel/global.o
 .text          0x000000000000529a      0x65f kernel/protect.o
                0x000000000000529a                init_prot
                0x0000000000005702                seg2linear
                0x0000000000005751                init_desc
                0x00000000000057be                exception_handler
 .text          0x00000000000058f9     0x16c8 kernel/proc.o
                0x00000000000058f9                schedule
                0x000000000000598b                sys_sendrec
                0x0000000000005aab                ldt_seg_linear
                0x0000000000005af5                va2la
                0x0000000000005b56                reset_msg
                0x00000000000069dd                inform_int
                0x0000000000006b74                dump_proc
                0x0000000000006eb6                dump_msg
 .text          0x0000000000006fc1      0x2bc kernel/systask.o
                0x0000000000006fc1                task_sys
 .text          0x000000000000727d      0xe1f kernel/hd.o
                0x000000000000727d                task_hd
                0x0000000000008071                hd_handler
 *fill*         0x000000000000809c        0x4 
 .text          0x00000000000080a0      0x19a kernel/kliba.o
                0x00000000000080a0                disp_str
                0x00000000000080de                disp_color_str
                0x000000000000811d                out_byte
                0x0000000000008129                in_byte
                0x0000000000008133                port_read
                0x0000000000008146                port_write
                0x0000000000008159                disable_irq
                0x000000000000818e                enable_irq
                0x00000000000081ad                disable_int
                0x00000000000081af                enable_int
                0x00000000000081b1                glitter
 .text          0x000000000000823a      0x2af kernel/klib.o
                0x000000000000823a                get_boot_params
                0x00000000000082c0                get_kernel_map
                0x00000000000083d0                itoa
                0x000000000000847b                disp_int
                0x00000000000084a2                delay
 .text          0x00000000000084e9     0x12d0 kernel/boot_animation.o
                0x00000000000084e9                boot_animation
 .text          0x00000000000097b9       0x6f lib/syslog.o
                0x00000000000097b9                syslog
 .text          0x0000000000009828      0x1bc mm/main.o
                0x0000000000009828                task_mm
                0x000000000000995f                alloc_mem
                0x00000000000099da                free_mem
 .text          0x00000000000099e4      0x5c7 mm/forkexit.o
                0x00000000000099e4                do_fork
                0x0000000000009d26                do_exit
                0x0000000000009ef2                do_wait
 .text          0x0000000000009fab      0x354 mm/exec.o
                0x0000000000009fab                do_exec
 .text          0x000000000000a2ff     0x10b5 fs/main.o
                0x000000000000a2ff                task_fs
                0x000000000000ad99                rw_sector
                0x000000000000afbc                get_super_block
                0x000000000000b002                get_inode
                0x000000000000b165                put_inode
                0x000000000000b1a3                sync_inode
 .text          0x000000000000b3b4      0xdb9 fs/open.o
                0x000000000000b3b4                do_open
                0x000000000000b883                do_ls
                0x000000000000ba52                do_mkdir
                0x000000000000bb0a                do_close
                0x000000000000bb85                do_lseek
 .text          0x000000000000c16d      0x48c fs/misc.o
                0x000000000000c16d                find_entry
                0x000000000000c2be                search_file
                0x000000000000c414                strip_path
 .text          0x000000000000c5f9      0x49a fs/read_write.o
                0x000000000000c5f9                do_rdwt
 .text          0x000000000000ca93      0x808 fs/link.o
                0x000000000000ca93                do_unlink
 .text          0x000000000000d29b     0x1fd0 fs/disklog.o
                0x000000000000d29b                disklog
                0x000000000000d808                dump_fd_graph
 .text          0x000000000000f26b       0xad lib/orangescrt.a(printf.o)
                0x000000000000f26b                printf
                0x000000000000f2d6                printl
 .text          0x000000000000f318      0x305 lib/orangescrt.a(vsprintf.o)
                0x000000000000f376                vsprintf
                0x000000000000f5f7                sprintf
 *fill*         0x000000000000f61d        0x3 
 .text          0x000000000000f620       0x78 lib/orangescrt.a(string.o)
                0x000000000000f620                memcpy
                0x000000000000f649                memset
                0x000000000000f66a                strcpy
                0x000000000000f682                strlen
 .text          0x000000000000f698      0x3c0 lib/orangescrt.a(misc.o)
                0x000000000000f698                send_recv
                0x000000000000f752                memcmp
                0x000000000000f7c8                strcmp
                0x000000000000f83b                strcat
                0x000000000000f89a                spin
                0x000000000000f8b5                assertion_failure
                0x000000000000f8ee                strcmp_length
                0x000000000000f983                strchr
                0x000000000000f9c1                addTwoString
 .text          0x000000000000fa58       0x43 lib/orangescrt.a(ls.o)
                0x000000000000fa58                ls
 .text          0x000000000000fa9b       0x64 lib/orangescrt.a(mkdir.o)
                0x000000000000fa9b                mkdir
 .text          0x000000000000faff       0x63 lib/orangescrt.a(open.o)
                0x000000000000faff                open
 .text          0x000000000000fb62       0x37 lib/orangescrt.a(read.o)
                0x000000000000fb62                read
 .text          0x000000000000fb99       0x37 lib/orangescrt.a(write.o)
                0x000000000000fb99                write
 .text          0x000000000000fbd0       0x2b lib/orangescrt.a(close.o)
                0x000000000000fbd0                close
 .text          0x000000000000fbfb       0x3c lib/orangescrt.a(unlink.o)
                0x000000000000fbfb                unlink
 .text          0x000000000000fc37       0x46 lib/orangescrt.a(getpid.o)
                0x000000000000fc37                getpid
 .text          0x000000000000fc7d       0x63 lib/orangescrt.a(stat.o)
                0x000000000000fc7d                stat
 .text          0x000000000000fce0       0x66 lib/orangescrt.a(fork.o)
                0x000000000000fce0                fork
 .text          0x000000000000fd46       0x4a lib/orangescrt.a(exit.o)
                0x000000000000fd46                exit
 .text          0x000000000000fd90       0x3c lib/orangescrt.a(wait.o)
                0x000000000000fd90                wait
 .text          0x000000000000fdcc      0x237 lib/orangescrt.a(exec.o)
                0x000000000000fdcc                exec
                0x000000000000fe37                execl
                0x000000000000fe5c                execv
 *fill*         0x0000000000010003        0xd 
 .text          0x0000000000010010       0x28 lib/orangescrt.a(syscall.o)
                0x0000000000010010                sendrec
                0x000000000001002a                printx
 *(.gnu.warning)

.fini
 *(SORT(.fini))
                [!provide]                        PROVIDE (__etext, .)
                [!provide]                        PROVIDE (_etext, .)
                [!provide]                        PROVIDE (etext, .)

.rodata         0x0000000000010040     0x4c83
 *(.rodata .rodata.* .gnu.linkonce.r.*)
 .rodata        0x0000000000010040       0x47 kernel/start.o
 *fill*         0x0000000000010087       0x19 
 .rodata        0x00000000000100a0      0xcb0 kernel/main.o
 .rodata        0x0000000000010d50       0x64 kernel/keyboard.o
 .rodata        0x0000000000010db4      0x168 kernel/tty.o
 .rodata        0x0000000000010f1c       0x5b kernel/console.o
 .rodata        0x0000000000010f77       0x11 kernel/i8259.o
 .rodata        0x0000000000010f88       0x10 kernel/global.o
                0x0000000000010f88                FSBUF_SIZE
                0x0000000000010f8c                MMBUF_SIZE
                0x0000000000010f90                LOGBUF_SIZE
                0x0000000000010f94                LOGDISKBUF_SIZE
 *fill*         0x0000000000010f98        0x8 
 .rodata        0x0000000000010fa0      0x580 kernel/protect.o
 .rodata        0x0000000000011520      0x5da kernel/proc.o
 .rodata        0x0000000000011afa       0x11 kernel/systask.o
 *fill*         0x0000000000011b0b        0x1 
 .rodata        0x0000000000011b0c      0x1df kernel/hd.o
 *fill*         0x0000000000011ceb        0x1 
 .rodata        0x0000000000011cec       0x6a kernel/klib.o
 *fill*         0x0000000000011d56        0x2 
 .rodata        0x0000000000011d58     0x1b95 kernel/boot_animation.o
 .rodata        0x00000000000138ed       0x1e lib/syslog.o
 *fill*         0x000000000001390b        0x1 
 .rodata        0x000000000001390c       0xb1 mm/main.o
 *fill*         0x00000000000139bd        0x3 
 .rodata        0x00000000000139c0       0xe7 mm/forkexit.o
 *fill*         0x0000000000013aa7        0x1 
 .rodata        0x0000000000013aa8       0xa4 mm/exec.o
 .rodata        0x0000000000013b4c      0x2c6 fs/main.o
 *fill*         0x0000000000013e12        0x2 
 .rodata        0x0000000000013e14      0x161 fs/open.o
 *fill*         0x0000000000013f75        0x3 
 .rodata        0x0000000000013f78      0x164 fs/read_write.o
 .rodata        0x00000000000140dc      0x1ad fs/link.o
 *fill*         0x0000000000014289        0x3 
 .rodata        0x000000000001428c      0x806 fs/disklog.o
 .rodata        0x0000000000014a92       0x14 lib/orangescrt.a(printf.o)
 *fill*         0x0000000000014aa6        0x2 
 .rodata        0x0000000000014aa8       0xad lib/orangescrt.a(misc.o)
 .rodata        0x0000000000014b55       0x24 lib/orangescrt.a(mkdir.o)
 .rodata        0x0000000000014b79       0x23 lib/orangescrt.a(open.o)
 .rodata        0x0000000000014b9c       0x25 lib/orangescrt.a(getpid.o)
 .rodata        0x0000000000014bc1       0x23 lib/orangescrt.a(stat.o)
 .rodata        0x0000000000014be4       0x33 lib/orangescrt.a(fork.o)
 .rodata        0x0000000000014c17       0x23 lib/orangescrt.a(exit.o)
 *fill*         0x0000000000014c3a        0x2 
 .rodata        0x0000000000014c3c       0x87 lib/orangescrt.a(exec.o)

.rodata1
 *(.rodata1)

.eh_frame_hdr
 *(.eh_frame_hdr)
 *(.eh_frame_entry .eh_frame_entry.*)

.eh_frame       0x0000000000014cc4     0x1600
 *(.eh_frame)
 .eh_frame      0x0000000000014cc4       0x38 kernel/start.o
 .eh_frame      0x0000000000014cfc      0x328 kernel/main.o
                                        0x340 (size before relaxing)
 .eh_frame      0x0000000000015024       0x60 kernel/clock.o
                                         0x78 (size before relaxing)
 .eh_frame      0x0000000000015084       0xe0 kernel/keyboard.o
                                         0xf8 (size before relaxing)
 .eh_frame      0x0000000000015164      0x13c kernel/tty.o
                                        0x154 (size before relaxing)
 .eh_frame      0x00000000000152a0      0x144 kernel/console.o
                                        0x15c (size before relaxing)
 .eh_frame      0x00000000000153e4       0x60 kernel/i8259.o
                                         0x78 (size before relaxing)
 .eh_frame      0x0000000000015444       0xb0 kernel/protect.o
                                         0xc8 (size before relaxing)
 .eh_frame      0x00000000000154f4      0x1b4 kernel/proc.o
                                        0x1cc (size before relaxing)
 .eh_frame      0x00000000000156a8       0x5c kernel/systask.o
                                         0x74 (size before relaxing)
 .eh_frame      0x0000000000015704      0x1f0 kernel/hd.o
                                        0x208 (size before relaxing)
 .eh_frame      0x00000000000158f4       0xa0 kernel/klib.o
                                         0xb8 (size before relaxing)
 .eh_frame      0x0000000000015994       0x20 kernel/boot_animation.o
                                         0x38 (size before relaxing)
 .eh_frame      0x00000000000159b4       0x20 lib/syslog.o
                                         0x38 (size before relaxing)
 .eh_frame      0x00000000000159d4       0x7c mm/main.o
                                         0x94 (size before relaxing)
 .eh_frame      0x0000000000015a50       0x90 mm/forkexit.o
                                         0xa8 (size before relaxing)
 .eh_frame      0x0000000000015ae0       0x2c mm/exec.o
                                         0x44 (size before relaxing)
 .eh_frame      0x0000000000015b0c      0x170 fs/main.o
                                        0x188 (size before relaxing)
 .eh_frame      0x0000000000015c7c      0x188 fs/open.o
                                        0x1a0 (size before relaxing)
 .eh_frame      0x0000000000015e04       0x6c fs/misc.o
                                         0x84 (size before relaxing)
 .eh_frame      0x0000000000015e70       0x2c fs/read_write.o
                                         0x44 (size before relaxing)
 .eh_frame      0x0000000000015e9c       0x2c fs/link.o
                                         0x44 (size before relaxing)
 .eh_frame      0x0000000000015ec8       0x60 fs/disklog.o
                                         0x78 (size before relaxing)
 .eh_frame      0x0000000000015f28       0x40 lib/orangescrt.a(printf.o)
                                         0x58 (size before relaxing)
 .eh_frame      0x0000000000015f68       0x60 lib/orangescrt.a(vsprintf.o)
                                         0x78 (size before relaxing)
 .eh_frame      0x0000000000015fc8      0x11c lib/orangescrt.a(misc.o)
                                        0x134 (size before relaxing)
 .eh_frame      0x00000000000160e4       0x20 lib/orangescrt.a(ls.o)
                                         0x38 (size before relaxing)
 .eh_frame      0x0000000000016104       0x20 lib/orangescrt.a(mkdir.o)
                                         0x38 (size before relaxing)
 .eh_frame      0x0000000000016124       0x20 lib/orangescrt.a(open.o)
                                         0x38 (size before relaxing)
 .eh_frame      0x0000000000016144       0x20 lib/orangescrt.a(read.o)
                                         0x38 (size before relaxing)
 .eh_frame      0x0000000000016164       0x20 lib/orangescrt.a(write.o)
                                         0x38 (size before relaxing)
 .eh_frame      0x0000000000016184       0x20 lib/orangescrt.a(close.o)
                                         0x38 (size before relaxing)
 .eh_frame      0x00000000000161a4       0x20 lib/orangescrt.a(unlink.o)
                                         0x38 (size before relaxing)
 .eh_frame      0x00000000000161c4       0x20 lib/orangescrt.a(getpid.o)
                                         0x38 (size before relaxing)
 .eh_frame      0x00000000000161e4       0x20 lib/orangescrt.a(stat.o)
                                         0x38 (size before relaxing)
 .eh_frame      0x0000000000016204       0x20 lib/orangescrt.a(fork.o)
                                         0x38 (size before relaxing)
 .eh_frame      0x0000000000016224       0x20 lib/orangescrt.a(exit.o)
                                         0x38 (size before relaxing)
 .eh_frame      0x0000000000016244       0x20 lib/orangescrt.a(wait.o)
                                         0x38 (size before relaxing)
 .eh_frame      0x0000000000016264       0x60 lib/orangescrt.a(exec.o)
                                         0x78 (size before relaxing)
 *(.eh_frame.*)

.gcc_except_table
 *(.gcc_except_table .gcc_except_table.*)

.gnu_extab
 *(.gnu_extab*)

.exception_ranges
 *(.exception_ranges .exception_ranges*)
                0x00000000000172c4                . = DATA_SEGMENT_ALIGN (0x1000, 0x1000)

.eh_frame
 *(.eh_frame)
 *(.eh_frame.*)

.gnu_extab
 *(.gnu_extab)

.gcc_except_table
 *(.gcc_except_table .gcc_except_table.*)

.exception_ranges
 *(.exception_ranges .exception_ranges*)

.tdata
 *(.tdata .tdata.* .gnu.linkonce.td.*)

.tbss
 *(.tbss .tbss.* .gnu.linkonce.tb.*)
 *(.tcommon)

.preinit_array  0x00000000000172c4        0x0
                [!provide]                        PROVIDE (__preinit_array_start, .)
 *(.preinit_array)
                [!provide]                        PROVIDE (__preinit_array_end, .)

.init_array     0x00000000000172c4        0x0
                [!provide]                        PROVIDE (__init_array_start, .)
 *(SORT(.init_array.*) SORT(.ctors.*))
 *(.init_array EXCLUDE_FILE(*crtend?.o *crtend.o *crtbegin?.o *crtbegin.o) .ctors)
                [!provide]                        PROVIDE (__init_array_end, .)

.fini_array     0x00000000000172c4        0x0
                [!provide]                        PROVIDE (__fini_array_start, .)
 *(SORT(.fini_array.*) SORT(.dtors.*))
 *(.fini_array EXCLUDE_FILE(*crtend?.o *crtend.o *crtbegin?.o *crtbegin.o) .dtors)
                [!provide]                        PROVIDE (__fini_array_end, .)

.ctors
 *crtbegin.o(.ctors)
 *crtbegin?.o(.ctors)
 *(EXCLUDE_FILE(*crtend?.o *crtend.o) .ctors)
 *(SORT(.ctors.*))
 *(.ctors)

.dtors
 *crtbegin.o(.dtors)
 *crtbegin?.o(.dtors)
 *(EXCLUDE_FILE(*crtend?.o *crtend.o) .dtors)
 *(SORT(.dtors.*))
 *(.dtors)

.jcr
 *(.jcr)

.data.rel.ro
 *(.data.rel.ro.local* .gnu.linkonce.d.rel.ro.local.*)
 *(.data.rel.ro .data.rel.ro.* .gnu.linkonce.d.rel.ro.*)

.dynamic
 *(.dynamic)

.got
 *(.got)
 *(.igot)
                0x00000000000172c4                . = DATA_SEGMENT_RELRO_END (., (SIZEOF (.got.plt) >= 0xc)?0xc:0x0)

.got.plt        0x00000000000172c4        0x0
 *(.got.plt)
 *(.igot.plt)
 .igot.plt      0x00000000000172c4        0x0 kernel/kernel.o

.data           0x00000000000172e0      0x874
 *(.data .data.* .gnu.linkonce.d.*)
 .data          0x00000000000172e0        0x2 kernel/kernel.o
 .data          0x00000000000172e2        0x0 kernel/start.o
 *fill*         0x00000000000172e2       0x1e 
 .data          0x0000000000017300       0x50 kernel/main.o
                0x0000000000017300                current_dir
                0x0000000000017340                current_user
 .data          0x0000000000017350        0x0 kernel/clock.o
 *fill*         0x0000000000017350       0x10 
 .data          0x0000000000017360      0x600 kernel/keyboard.o
                0x0000000000017360                keymap
 .data          0x0000000000017960       0x22 kernel/tty.o
 .data          0x0000000000017982        0x0 kernel/console.o
 .data          0x0000000000017982        0x0 kernel/i8259.o
 *fill*         0x0000000000017982       0x1e 
 .data          0x00000000000179a0      0x1b4 kernel/global.o
                0x00000000000179a0                task_table
                0x0000000000017a80                user_proc_table
                0x0000000000017b20                sys_call_table
                0x0000000000017b2c                dd_map
                0x0000000000017b44                fsbuf
                0x0000000000017b48                mmbuf
                0x0000000000017b4c                logbuf
                0x0000000000017b50                logdiskbuf
 .data          0x0000000000017b54        0x0 kernel/protect.o
 .data          0x0000000000017b54        0x0 kernel/proc.o
 .data          0x0000000000017b54        0x0 kernel/systask.o
 .data          0x0000000000017b54        0x0 kernel/hd.o
 .data          0x0000000000017b54        0x0 kernel/klib.o
 .data          0x0000000000017b54        0x0 kernel/boot_animation.o
 .data          0x0000000000017b54        0x0 lib/syslog.o
 .data          0x0000000000017b54        0x0 mm/main.o
 .data          0x0000000000017b54        0x0 mm/forkexit.o
 .data          0x0000000000017b54        0x0 mm/exec.o
 .data          0x0000000000017b54        0x0 fs/main.o
 .data          0x0000000000017b54        0x0 fs/open.o
 .data          0x0000000000017b54        0x0 fs/misc.o
 .data          0x0000000000017b54        0x0 fs/read_write.o
 .data          0x0000000000017b54        0x0 fs/link.o
 .data          0x0000000000017b54        0x0 fs/disklog.o
 .data          0x0000000000017b54        0x0 lib/orangescrt.a(printf.o)
 .data          0x0000000000017b54        0x0 lib/orangescrt.a(vsprintf.o)
 .data          0x0000000000017b54        0x0 lib/orangescrt.a(misc.o)
 .data          0x0000000000017b54        0x0 lib/orangescrt.a(ls.o)
 .data          0x0000000000017b54        0x0 lib/orangescrt.a(mkdir.o)
 .data          0x0000000000017b54        0x0 lib/orangescrt.a(open.o)
 .data          0x0000000000017b54        0x0 lib/orangescrt.a(read.o)
 .data          0x0000000000017b54        0x0 lib/orangescrt.a(write.o)
 .data          0x0000000000017b54        0x0 lib/orangescrt.a(close.o)
 .data          0x0000000000017b54        0x0 lib/orangescrt.a(unlink.o)
 .data          0x0000000000017b54        0x0 lib/orangescrt.a(getpid.o)
 .data          0x0000000000017b54        0x0 lib/orangescrt.a(stat.o)
 .data          0x0000000000017b54        0x0 lib/orangescrt.a(fork.o)
 .data          0x0000000000017b54        0x0 lib/orangescrt.a(exit.o)
 .data          0x0000000000017b54        0x0 lib/orangescrt.a(wait.o)
 .data          0x0000000000017b54        0x0 lib/orangescrt.a(exec.o)

.data1
 *(.data1)
                0x0000000000017b54                _edata = .
                [!provide]                        PROVIDE (edata, .)
                0x0000000000017b54                . = .
                0x0000000000017b54                __bss_start = .

.bss            0x0000000000017b60    0x2b984
 *(.dynbss)
 *(.bss .bss.* .gnu.linkonce.b.*)
 .bss           0x0000000000017b60      0x800 kernel/kernel.o
 .bss           0x0000000000018360        0x0 kernel/start.o
 .bss           0x0000000000018360        0x0 kernel/main.o
 .bss           0x0000000000018360        0x0 kernel/clock.o
 .bss           0x0000000000018360       0x58 kernel/keyboard.o
 .bss           0x00000000000183b8        0x0 kernel/tty.o
 .bss           0x00000000000183b8        0x0 kernel/console.o
 .bss           0x00000000000183b8        0x0 kernel/i8259.o
 .bss           0x00000000000183b8        0x0 kernel/global.o
 .bss           0x00000000000183b8        0x0 kernel/protect.o
 .bss           0x00000000000183b8        0x0 kernel/proc.o
 .bss           0x00000000000183b8        0x0 kernel/systask.o
 *fill*         0x00000000000183b8        0x8 
 .bss           0x00000000000183c0      0x64c kernel/hd.o
 .bss           0x0000000000018a0c        0x0 kernel/klib.o
 .bss           0x0000000000018a0c        0x0 kernel/boot_animation.o
 .bss           0x0000000000018a0c        0x0 lib/syslog.o
 .bss           0x0000000000018a0c        0x0 mm/main.o
 .bss           0x0000000000018a0c        0x0 mm/forkexit.o
 .bss           0x0000000000018a0c        0x0 mm/exec.o
 .bss           0x0000000000018a0c        0x0 fs/main.o
 .bss           0x0000000000018a0c        0x0 fs/open.o
 .bss           0x0000000000018a0c        0x0 fs/misc.o
 .bss           0x0000000000018a0c        0x0 fs/read_write.o
 .bss           0x0000000000018a0c        0x0 fs/link.o
 *fill*         0x0000000000018a0c       0x14 
 .bss           0x0000000000018a20      0x208 fs/disklog.o
 .bss           0x0000000000018c28        0x0 lib/orangescrt.a(printf.o)
 .bss           0x0000000000018c28        0x0 lib/orangescrt.a(vsprintf.o)
 .bss           0x0000000000018c28        0x0 lib/orangescrt.a(misc.o)
 .bss           0x0000000000018c28        0x0 lib/orangescrt.a(ls.o)
 .bss           0x0000000000018c28        0x0 lib/orangescrt.a(mkdir.o)
 .bss           0x0000000000018c28        0x0 lib/orangescrt.a(open.o)
 .bss           0x0000000000018c28        0x0 lib/orangescrt.a(read.o)
 .bss           0x0000000000018c28        0x0 lib/orangescrt.a(write.o)
 .bss           0x0000000000018c28        0x0 lib/orangescrt.a(close.o)
 .bss           0x0000000000018c28        0x0 lib/orangescrt.a(unlink.o)
 .bss           0x0000000000018c28        0x0 lib/orangescrt.a(getpid.o)
 .bss           0x0000000000018c28        0x0 lib/orangescrt.a(stat.o)
 .bss           0x0000000000018c28        0x0 lib/orangescrt.a(fork.o)
 .bss           0x0000000000018c28        0x0 lib/orangescrt.a(exit.o)
 .bss           0x0000000000018c28        0x0 lib/orangescrt.a(wait.o)
 .bss           0x0000000000018c28        0x0 lib/orangescrt.a(exec.o)
 *(COMMON)
 *fill*         0x0000000000018c28       0x18 
 COMMON         0x0000000000018c40       0x3c kernel/main.o
                0x0000000000018c40                users
 *fill*         0x0000000000018c7c        0x4 
 COMMON         0x0000000000018c80    0x2a854 kernel/global.o
                0x0000000000018c80                idt_ptr
                0x0000000000018ca0                inode_table
                0x00000000000197a0                task_stack
                0x000000000003d7a0                k_reenter
                0x000000000003d7c0                gdt
                0x000000000003dbc0                current_console
                0x000000000003dbc4                pcaller
                0x000000000003dbe0                tty_table
                0x000000000003e860                tss
                0x000000000003e8e0                fs_msg
                0x000000000003e910                memory_size
                0x000000000003e920                f_desc_table
                0x000000000003ed20                root_inode
                0x000000000003ed24                disp_pos
                0x000000000003ed40                mm_msg
                0x000000000003ed70                key_pressed
                0x000000000003ed74                gdt_ptr
                0x000000000003ed80                idt
                0x000000000003f580                super_block
                0x000000000003f760                ticks
                0x000000000003f780                console_table
                0x000000000003f7c0                irq_table
                0x000000000003f800                p_proc_ready
                0x000000000003f820                proc_table
 COMMON         0x00000000000434d4       0x10 kernel/hd.o
                0x00000000000434d4                PARTITION_ENTRY
                0x00000000000434e4                . = ALIGN ((. != 0x0)?0x4:0x1)
                0x00000000000434e4                . = ALIGN (0x4)
                0x00000000000434e4                . = SEGMENT_START ("ldata-segment", .)
                0x00000000000434e4                . = ALIGN (0x4)
                0x00000000000434e4                _end = .
                [!provide]                        PROVIDE (end, .)
                0x00000000000434e4                . = DATA_SEGMENT_END (.)

.stab
 *(.stab)

.stabstr
 *(.stabstr)

.stab.excl
 *(.stab.excl)

.stab.exclstr
 *(.stab.exclstr)

.stab.index
 *(.stab.index)

.stab.indexstr
 *(.stab.indexstr)

.comment        0x0000000000000000       0x34
 *(.comment)
 .comment       0x0000000000000000       0x34 kernel/start.o
                                         0x35 (size before relaxing)
 .comment       0x0000000000000034       0x35 kernel/main.o
 .comment       0x0000000000000034       0x35 kernel/clock.o
 .comment       0x0000000000000034       0x35 kernel/keyboard.o
 .comment       0x0000000000000034       0x35 kernel/tty.o
 .comment       0x0000000000000034       0x35 kernel/console.o
 .comment       0x0000000000000034       0x35 kernel/i8259.o
 .comment       0x0000000000000034       0x35 kernel/global.o
 .comment       0x0000000000000034       0x35 kernel/protect.o
 .comment       0x0000000000000034       0x35 kernel/proc.o
 .comment       0x0000000000000034       0x35 kernel/systask.o
 .comment       0x0000000000000034       0x35 kernel/hd.o
 .comment       0x0000000000000034       0x35 kernel/klib.o
 .comment       0x0000000000000034       0x35 kernel/boot_animation.o
 .comment       0x0000000000000034       0x35 lib/syslog.o
 .comment       0x0000000000000034       0x35 mm/main.o
 .comment       0x0000000000000034       0x35 mm/forkexit.o
 .comment       0x0000000000000034       0x35 mm/exec.o
 .comment       0x0000000000000034       0x35 fs/main.o
 .comment       0x0000000000000034       0x35 fs/open.o
 .comment       0x0000000000000034       0x35 fs/misc.o
 .comment       0x0000000000000034       0x35 fs/read_write.o
 .comment       0x0000000000000034       0x35 fs/link.o
 .comment       0x0000000000000034       0x35 fs/disklog.o
 .comment       0x0000000000000034       0x35 lib/orangescrt.a(printf.o)
 .comment       0x0000000000000034       0x35 lib/orangescrt.a(vsprintf.o)
 .comment       0x0000000000000034       0x35 lib/orangescrt.a(misc.o)
 .comment       0x0000000000000034       0x35 lib/orangescrt.a(ls.o)
 .comment       0x0000000000000034       0x35 lib/orangescrt.a(mkdir.o)
 .comment       0x0000000000000034       0x35 lib/orangescrt.a(open.o)
 .comment       0x0000000000000034       0x35 lib/orangescrt.a(read.o)
 .comment       0x0000000000000034       0x35 lib/orangescrt.a(write.o)
 .comment       0x0000000000000034       0x35 lib/orangescrt.a(close.o)
 .comment       0x0000000000000034       0x35 lib/orangescrt.a(unlink.o)
 .comment       0x0000000000000034       0x35 lib/orangescrt.a(getpid.o)
 .comment       0x0000000000000034       0x35 lib/orangescrt.a(stat.o)
 .comment       0x0000000000000034       0x35 lib/orangescrt.a(fork.o)
 .comment       0x0000000000000034       0x35 lib/orangescrt.a(exit.o)
 .comment       0x0000000000000034       0x35 lib/orangescrt.a(wait.o)
 .comment       0x0000000000000034       0x35 lib/orangescrt.a(exec.o)

.debug
 *(.debug)

.line
 *(.line)

.debug_srcinfo
 *(.debug_srcinfo)

.debug_sfnames
 *(.debug_sfnames)

.debug_aranges
 *(.debug_aranges)

.debug_pubnames
 *(.debug_pubnames)

.debug_info
 *(.debug_info .gnu.linkonce.wi.*)

.debug_abbrev
 *(.debug_abbrev)

.debug_line
 *(.debug_line .debug_line.* .debug_line_end)

.debug_frame
 *(.debug_frame)

.debug_str
 *(.debug_str)

.debug_loc
 *(.debug_loc)

.debug_macinfo
 *(.debug_macinfo)

.debug_weaknames
 *(.debug_weaknames)

.debug_funcnames
 *(.debug_funcnames)

.debug_typenames
 *(.debug_typenames)

.debug_varnames
 *(.debug_varnames)

.debug_pubtypes
 *(.debug_pubtypes)

.debug_ranges
 *(.debug_ranges)

.debug_macro
 *(.debug_macro)

.gnu.attributes
 *(.gnu.attributes)

/DISCARD/
 *(.note.GNU-stack)
 *(.gnu_debuglink)
 *(.gnu.lto_*)
OUTPUT(kernel.bin elf32-i386)
