Archive member included to satisfy reference by file (symbol)

lib/orangescrt.a(printf.o)    kernel/main.o (printf)
lib/orangescrt.a(vsprintf.o)  kernel/main.o (vsprintf)
lib/orangescrt.a(string.o)    kernel/start.o (memcpy)
lib/orangescrt.a(misc.o)      kernel/main.o (send_recv)
lib/orangescrt.a(ls.o)        kernel/main.o (ls)
lib/orangescrt.a(mkdir.o)     kernel/main.o (mkdir)
lib/orangescrt.a(open.o)      kernel/main.o (open)
lib/orangescrt.a(read.o)      kernel/main.o (read)
lib/orangescrt.a(write.o)     kernel/main.o (write)
lib/orangescrt.a(close.o)     kernel/main.o (close)
lib/orangescrt.a(unlink.o)    kernel/main.o (unlink)
lib/orangescrt.a(getpid.o)    fs/disklog.o (getpid)
lib/orangescrt.a(stat.o)      mm/exec.o (stat)
lib/orangescrt.a(fork.o)      kernel/main.o (fork)
lib/orangescrt.a(exit.o)      kernel/main.o (exit)
lib/orangescrt.a(wait.o)      kernel/main.o (wait)
lib/orangescrt.a(exec.o)      kernel/main.o (execv)
lib/orangescrt.a(syscall.o)   lib/orangescrt.a(misc.o) (sendrec)

Allocating common symbols
Common symbol       size              file

idt_ptr             0x6               kernel/global.o
inode_table         0xb00             kernel/global.o
task_stack          0x24000           kernel/global.o
k_reenter           0x4               kernel/global.o
gdt                 0x400             kernel/global.o
current_console     0x4               kernel/global.o
pcaller             0x4               kernel/global.o
tty_table           0xc6c             kernel/global.o
tss                 0x68              kernel/global.o
fs_msg              0x30              kernel/global.o
memory_size         0x4               kernel/global.o
f_desc_table        0x400             kernel/global.o
root_inode          0x4               kernel/global.o
disp_pos            0x4               kernel/global.o
mm_msg              0x30              kernel/global.o
key_pressed         0x4               kernel/global.o
gdt_ptr             0x6               kernel/global.o
users               0x3c              kernel/main.o
idt                 0x800             kernel/global.o
super_block         0x1e0             kernel/global.o
PARTITION_ENTRY     0x10              kernel/hd.o
ticks               0x4               kernel/global.o
console_table       0x3c              kernel/global.o
irq_table           0x40              kernel/global.o
p_proc_ready        0x4               kernel/global.o
proc_table          0x3cb4            kernel/global.o

Discarded input sections

 .note.GNU-stack
                0x0000000000000000        0x0 kernel/start.o
 .note.GNU-stack
                0x0000000000000000        0x0 kernel/main.o
 .note.GNU-stack
                0x0000000000000000        0x0 kernel/clock.o
 .note.GNU-stack
                0x0000000000000000        0x0 kernel/keyboard.o
 .note.GNU-stack
                0x0000000000000000        0x0 kernel/tty.o
 .note.GNU-stack
                0x0000000000000000        0x0 kernel/console.o
 .note.GNU-stack
                0x0000000000000000        0x0 kernel/i8259.o
 .note.GNU-stack
                0x0000000000000000        0x0 kernel/global.o
 .note.GNU-stack
                0x0000000000000000        0x0 kernel/protect.o
 .note.GNU-stack
                0x0000000000000000        0x0 kernel/proc.o
 .note.GNU-stack
                0x0000000000000000        0x0 kernel/systask.o
 .note.GNU-stack
                0x0000000000000000        0x0 kernel/hd.o
 .note.GNU-stack
                0x0000000000000000        0x0 kernel/klib.o
 .note.GNU-stack
                0x0000000000000000        0x0 kernel/boot_animation.o
 .note.GNU-stack
                0x0000000000000000        0x0 lib/syslog.o
 .note.GNU-stack
                0x0000000000000000        0x0 mm/main.o
 .note.GNU-stack
                0x0000000000000000        0x0 mm/forkexit.o
 .note.GNU-stack
                0x0000000000000000        0x0 mm/exec.o
 .note.GNU-stack
                0x0000000000000000        0x0 fs/main.o
 .note.GNU-stack
                0x0000000000000000        0x0 fs/open.o
 .note.GNU-stack
                0x0000000000000000        0x0 fs/misc.o
 .note.GNU-stack
                0x0000000000000000        0x0 fs/read_write.o
 .note.GNU-stack
                0x0000000000000000        0x0 fs/link.o
 .note.GNU-stack
                0x0000000000000000        0x0 fs/disklog.o
 .note.GNU-stack
                0x0000000000000000        0x0 lib/orangescrt.a(printf.o)
 .note.GNU-stack
                0x0000000000000000        0x0 lib/orangescrt.a(vsprintf.o)
 .note.GNU-stack
                0x0000000000000000        0x0 lib/orangescrt.a(misc.o)
 .note.GNU-stack
                0x0000000000000000        0x0 lib/orangescrt.a(ls.o)
 .note.GNU-stack
                0x0000000000000000        0x0 lib/orangescrt.a(mkdir.o)
 .note.GNU-stack
                0x0000000000000000        0x0 lib/orangescrt.a(open.o)
 .note.GNU-stack
                0x0000000000000000        0x0 lib/orangescrt.a(read.o)
 .note.GNU-stack
                0x0000000000000000        0x0 lib/orangescrt.a(write.o)
 .note.GNU-stack
                0x0000000000000000        0x0 lib/orangescrt.a(close.o)
 .note.GNU-stack
                0x0000000000000000        0x0 lib/orangescrt.a(unlink.o)
 .note.GNU-stack
                0x0000000000000000        0x0 lib/orangescrt.a(getpid.o)
 .note.GNU-stack
                0x0000000000000000        0x0 lib/orangescrt.a(stat.o)
 .note.GNU-stack
                0x0000000000000000        0x0 lib/orangescrt.a(fork.o)
 .note.GNU-stack
                0x0000000000000000        0x0 lib/orangescrt.a(exit.o)
 .note.GNU-stack
                0x0000000000000000        0x0 lib/orangescrt.a(wait.o)
 .note.GNU-stack
                0x0000000000000000        0x0 lib/orangescrt.a(exec.o)

Memory Configuration

Name             Origin             Length             Attributes
*default*        0x0000000000000000 0xffffffffffffffff

Linker script and memory map

Address of section .text set to 0x1000
LOAD kernel/kernel.o
LOAD kernel/start.o
LOAD kernel/main.o
LOAD kernel/clock.o
LOAD kernel/keyboard.o
LOAD kernel/tty.o
LOAD kernel/console.o
LOAD kernel/i8259.o
LOAD kernel/global.o
LOAD kernel/protect.o
LOAD kernel/proc.o
LOAD kernel/systask.o
LOAD kernel/hd.o
LOAD kernel/kliba.o
LOAD kernel/klib.o
LOAD kernel/boot_animation.o
LOAD lib/syslog.o
LOAD mm/main.o
LOAD mm/forkexit.o
LOAD mm/exec.o
LOAD fs/main.o
LOAD fs/open.o
LOAD fs/misc.o
LOAD fs/read_write.o
LOAD fs/link.o
LOAD fs/disklog.o
LOAD lib/orangescrt.a
                [!provide]                        PROVIDE (__executable_start, 0x8048000)
                0x0000000008048094                . = (0x8048000 + SIZEOF_HEADERS)

.interp
 *(.interp)

.note.gnu.build-id
 *(.note.gnu.build-id)

.hash
 *(.hash)

.gnu.hash
 *(.gnu.hash)

.dynsym
 *(.dynsym)

.dynstr
 *(.dynstr)

.gnu.version
 *(.gnu.version)

.gnu.version_d
 *(.gnu.version_d)

.gnu.version_r
 *(.gnu.version_r)

.rel.dyn        0x0000000008048094        0x0
 *(.rel.init)
 *(.rel.text .rel.text.* .rel.gnu.linkonce.t.*)
 .rel.text      0x0000000008048094        0x0 kernel/kernel.o
 *(.rel.fini)
 *(.rel.rodata .rel.rodata.* .rel.gnu.linkonce.r.*)
 *(.rel.data.rel.ro .rel.data.rel.ro.* .rel.gnu.linkonce.d.rel.ro.*)
 *(.rel.data .rel.data.* .rel.gnu.linkonce.d.*)
 .rel.data      0x0000000008048094        0x0 kernel/kernel.o
 *(.rel.tdata .rel.tdata.* .rel.gnu.linkonce.td.*)
 *(.rel.tbss .rel.tbss.* .rel.gnu.linkonce.tb.*)
 *(.rel.ctors)
 *(.rel.dtors)
 *(.rel.got)
 *(.rel.bss .rel.bss.* .rel.gnu.linkonce.b.*)
 *(.rel.ifunc)

.rel.plt        0x0000000008048094        0x0
 *(.rel.plt)
                [!provide]                        PROVIDE (__rel_iplt_start, .)
 *(.rel.iplt)
 .rel.iplt      0x0000000008048094        0x0 kernel/kernel.o
                [!provide]                        PROVIDE (__rel_iplt_end, .)

.init
 *(SORT(.init))

.plt            0x00000000080480a0        0x0
 *(.plt)
 *(.iplt)
 .iplt          0x00000000080480a0        0x0 kernel/kernel.o

.plt.got
 *(.plt.got)

.text           0x0000000000001000     0xf2e8
 *(.text.unlikely .text.*_unlikely .text.unlikely.*)
 *(.text.exit .text.exit.*)
 *(.text.startup .text.startup.*)
 *(.text.hot .text.hot.*)
 *(.text .stub .text.* .gnu.linkonce.t.*)
 .text          0x0000000000001000      0x410 kernel/kernel.o
                0x0000000000001000                _start
                0x0000000000001040                hwint00
                0x0000000000001070                hwint01
                0x00000000000010a0                hwint02
                0x00000000000010d0                hwint03
                0x0000000000001100                hwint04
                0x0000000000001130                hwint05
                0x0000000000001160                hwint06
                0x0000000000001190                hwint07
                0x00000000000011c0                hwint08
                0x00000000000011f0                hwint09
                0x0000000000001220                hwint10
                0x0000000000001250                hwint11
                0x0000000000001280                hwint12
                0x00000000000012b0                hwint13
                0x00000000000012e0                hwint14
                0x0000000000001310                hwint15
                0x0000000000001334                divide_error
                0x000000000000133a                single_step_exception
                0x0000000000001340                nmi
                0x0000000000001346                breakpoint_exception
                0x000000000000134c                overflow
                0x0000000000001352                bounds_check
                0x0000000000001358                inval_opcode
                0x000000000000135e                copr_not_available
                0x0000000000001364                double_fault
                0x0000000000001368                copr_seg_overrun
                0x000000000000136e                inval_tss
                0x0000000000001372                segment_not_present
                0x0000000000001376                stack_exception
                0x000000000000137a                general_protection
                0x000000000000137e                page_fault
                0x0000000000001382                copr_error
                0x00000000000013cb                sys_call
                0x00000000000013eb                restart
 .text          0x0000000000001410       0x95 kernel/start.o
                0x0000000000001410                cstart
 .text          0x00000000000014a5     0x2311 kernel/main.o
                0x00000000000014a5                kernel_main
                0x00000000000017eb                get_ticks
                0x000000000000181f                untar
                0x00000000000019dd                shabby_shell
                0x0000000000001b3d                eval
                0x0000000000001c2a                builtin_command
                0x000000000000277d                parseline
                0x00000000000028b6                Init
                0x00000000000029d8                TestA
                0x00000000000029dd                TestB
                0x00000000000029e2                TestC
                0x00000000000029e7                panic
                0x0000000000002a30                clear
                0x0000000000002a63                createFile
                0x0000000000002acb                writeFile
                0x0000000000002bf3                openFile
                0x0000000000002cf4                userRegister
                0x0000000000002e71                userLogin
                0x0000000000002f58                help
                0x00000000000030e1                CaclSimilarity
                0x0000000000003151                ShowComplete
                0x0000000000003344                ShowAllProcess
                0x0000000000003426                OpenPM
                0x000000000000363b                ShowProcABC
                0x000000000000373d                ShowPMHelp
 .text          0x00000000000037b6      0x182 kernel/clock.o
                0x00000000000037b6                clock_handler
                0x00000000000038a6                milli_delay
                0x00000000000038e0                init_clock
 .text          0x0000000000003938      0x6da kernel/keyboard.o
                0x0000000000003938                keyboard_handler
                0x00000000000039a2                init_keyboard
                0x0000000000003a51                keyboard_read
 .text          0x0000000000004012      0xa44 kernel/tty.o
                0x0000000000004012                task_tty
                0x0000000000004203                in_process
                0x000000000000475c                sys_printx
                0x00000000000048fb                dump_tty_buf
 .text          0x0000000000004a56      0x7d7 kernel/console.o
                0x0000000000004a56                init_screen
                0x0000000000004bca                out_char
                0x0000000000004ea7                is_current_console
                0x0000000000004f9a                select_console
                0x0000000000004fda                scroll_screen
 .text          0x000000000000522d      0x130 kernel/i8259.o
                0x000000000000522d                init_8259A
                0x0000000000005302                spurious_irq
                0x0000000000005339                put_irq_handler
 .text          0x000000000000535d        0x0 kernel/global.o
 .text          0x000000000000535d      0x65f kernel/protect.o
                0x000000000000535d                init_prot
                0x00000000000057c5                seg2linear
                0x0000000000005814                init_desc
                0x0000000000005881                exception_handler
 .text          0x00000000000059bc     0x16c8 kernel/proc.o
                0x00000000000059bc                schedule
                0x0000000000005a4e                sys_sendrec
                0x0000000000005b6e                ldt_seg_linear
                0x0000000000005bb8                va2la
                0x0000000000005c19                reset_msg
                0x0000000000006aa0                inform_int
                0x0000000000006c37                dump_proc
                0x0000000000006f79                dump_msg
 .text          0x0000000000007084      0x2bc kernel/systask.o
                0x0000000000007084                task_sys
 .text          0x0000000000007340      0xe1f kernel/hd.o
                0x0000000000007340                task_hd
                0x0000000000008134                hd_handler
 *fill*         0x000000000000815f        0x1 
 .text          0x0000000000008160      0x19a kernel/kliba.o
                0x0000000000008160                disp_str
                0x000000000000819e                disp_color_str
                0x00000000000081dd                out_byte
                0x00000000000081e9                in_byte
                0x00000000000081f3                port_read
                0x0000000000008206                port_write
                0x0000000000008219                disable_irq
                0x000000000000824e                enable_irq
                0x000000000000826d                disable_int
                0x000000000000826f                enable_int
                0x0000000000008271                glitter
 .text          0x00000000000082fa      0x2af kernel/klib.o
                0x00000000000082fa                get_boot_params
                0x0000000000008380                get_kernel_map
                0x0000000000008490                itoa
                0x000000000000853b                disp_int
                0x0000000000008562                delay
 .text          0x00000000000085a9     0x12d0 kernel/boot_animation.o
                0x00000000000085a9                boot_animation
 .text          0x0000000000009879       0x6f lib/syslog.o
                0x0000000000009879                syslog
 .text          0x00000000000098e8      0x1bc mm/main.o
                0x00000000000098e8                task_mm
                0x0000000000009a1f                alloc_mem
                0x0000000000009a9a                free_mem
 .text          0x0000000000009aa4      0x5c7 mm/forkexit.o
                0x0000000000009aa4                do_fork
                0x0000000000009de6                do_exit
                0x0000000000009fb2                do_wait
 .text          0x000000000000a06b      0x354 mm/exec.o
                0x000000000000a06b                do_exec
 .text          0x000000000000a3bf     0x10c8 fs/main.o
                0x000000000000a3bf                task_fs
                0x000000000000ae6c                rw_sector
                0x000000000000b08f                get_super_block
                0x000000000000b0d5                get_inode
                0x000000000000b238                put_inode
                0x000000000000b276                sync_inode
 .text          0x000000000000b487      0xdb9 fs/open.o
                0x000000000000b487                do_open
                0x000000000000b956                do_ls
                0x000000000000bb25                do_mkdir
                0x000000000000bbdd                do_close
                0x000000000000bc58                do_lseek
 .text          0x000000000000c240      0x65d fs/misc.o
                0x000000000000c240                do_stat
                0x000000000000c411                find_entry
                0x000000000000c562                search_file
                0x000000000000c6b8                strip_path
 .text          0x000000000000c89d      0x49a fs/read_write.o
                0x000000000000c89d                do_rdwt
 .text          0x000000000000cd37      0x808 fs/link.o
                0x000000000000cd37                do_unlink
 .text          0x000000000000d53f     0x1fd0 fs/disklog.o
                0x000000000000d53f                disklog
                0x000000000000daac                dump_fd_graph
 .text          0x000000000000f50f       0xad lib/orangescrt.a(printf.o)
                0x000000000000f50f                printf
                0x000000000000f57a                printl
 .text          0x000000000000f5bc      0x305 lib/orangescrt.a(vsprintf.o)
                0x000000000000f61a                vsprintf
                0x000000000000f89b                sprintf
 *fill*         0x000000000000f8c1        0xf 
 .text          0x000000000000f8d0       0x78 lib/orangescrt.a(string.o)
                0x000000000000f8d0                memcpy
                0x000000000000f8f9                memset
                0x000000000000f91a                strcpy
                0x000000000000f932                strlen
 .text          0x000000000000f948      0x3c0 lib/orangescrt.a(misc.o)
                0x000000000000f948                send_recv
                0x000000000000fa02                memcmp
                0x000000000000fa78                strcmp
                0x000000000000faeb                strcat
                0x000000000000fb4a                spin
                0x000000000000fb65                assertion_failure
                0x000000000000fb9e                strcmp_length
                0x000000000000fc33                strchr
                0x000000000000fc71                addTwoString
 .text          0x000000000000fd08       0x43 lib/orangescrt.a(ls.o)
                0x000000000000fd08                ls
 .text          0x000000000000fd4b       0x64 lib/orangescrt.a(mkdir.o)
                0x000000000000fd4b                mkdir
 .text          0x000000000000fdaf       0x63 lib/orangescrt.a(open.o)
                0x000000000000fdaf                open
 .text          0x000000000000fe12       0x37 lib/orangescrt.a(read.o)
                0x000000000000fe12                read
 .text          0x000000000000fe49       0x37 lib/orangescrt.a(write.o)
                0x000000000000fe49                write
 .text          0x000000000000fe80       0x2b lib/orangescrt.a(close.o)
                0x000000000000fe80                close
 .text          0x000000000000feab       0x3c lib/orangescrt.a(unlink.o)
                0x000000000000feab                unlink
 .text          0x000000000000fee7       0x46 lib/orangescrt.a(getpid.o)
                0x000000000000fee7                getpid
 .text          0x000000000000ff2d       0x63 lib/orangescrt.a(stat.o)
                0x000000000000ff2d                stat
 .text          0x000000000000ff90       0x66 lib/orangescrt.a(fork.o)
                0x000000000000ff90                fork
 .text          0x000000000000fff6       0x4a lib/orangescrt.a(exit.o)
                0x000000000000fff6                exit
 .text          0x0000000000010040       0x3c lib/orangescrt.a(wait.o)
                0x0000000000010040                wait
 .text          0x000000000001007c      0x237 lib/orangescrt.a(exec.o)
                0x000000000001007c                exec
                0x00000000000100e7                execl
                0x000000000001010c                execv
 *fill*         0x00000000000102b3        0xd 
 .text          0x00000000000102c0       0x28 lib/orangescrt.a(syscall.o)
                0x00000000000102c0                sendrec
                0x00000000000102da                printx
 *(.gnu.warning)

.fini
 *(SORT(.fini))
                [!provide]                        PROVIDE (__etext, .)
                [!provide]                        PROVIDE (_etext, .)
                [!provide]                        PROVIDE (etext, .)

.rodata         0x0000000000010300     0x4d23
 *(.rodata .rodata.* .gnu.linkonce.r.*)
 .rodata        0x0000000000010300       0x47 kernel/start.o
 *fill*         0x0000000000010347       0x19 
 .rodata        0x0000000000010360      0xcf0 kernel/main.o
 .rodata        0x0000000000011050       0x64 kernel/keyboard.o
 .rodata        0x00000000000110b4      0x168 kernel/tty.o
 .rodata        0x000000000001121c       0x5b kernel/console.o
 .rodata        0x0000000000011277       0x11 kernel/i8259.o
 .rodata        0x0000000000011288       0x10 kernel/global.o
                0x0000000000011288                FSBUF_SIZE
                0x000000000001128c                MMBUF_SIZE
                0x0000000000011290                LOGBUF_SIZE
                0x0000000000011294                LOGDISKBUF_SIZE
 *fill*         0x0000000000011298        0x8 
 .rodata        0x00000000000112a0      0x580 kernel/protect.o
 .rodata        0x0000000000011820      0x5da kernel/proc.o
 .rodata        0x0000000000011dfa       0x11 kernel/systask.o
 *fill*         0x0000000000011e0b        0x1 
 .rodata        0x0000000000011e0c      0x1df kernel/hd.o
 *fill*         0x0000000000011feb        0x1 
 .rodata        0x0000000000011fec       0x6a kernel/klib.o
 *fill*         0x0000000000012056        0x2 
 .rodata        0x0000000000012058     0x1b96 kernel/boot_animation.o
 .rodata        0x0000000000013bee       0x1e lib/syslog.o
 .rodata        0x0000000000013c0c       0xb1 mm/main.o
 *fill*         0x0000000000013cbd        0x3 
 .rodata        0x0000000000013cc0       0xe7 mm/forkexit.o
 *fill*         0x0000000000013da7        0x1 
 .rodata        0x0000000000013da8       0xa4 mm/exec.o
 .rodata        0x0000000000013e4c      0x2c6 fs/main.o
 *fill*         0x0000000000014112        0x2 
 .rodata        0x0000000000014114      0x161 fs/open.o
 *fill*         0x0000000000014275        0x3 
 .rodata        0x0000000000014278       0x60 fs/misc.o
 .rodata        0x00000000000142d8      0x164 fs/read_write.o
 .rodata        0x000000000001443c      0x1ad fs/link.o
 *fill*         0x00000000000145e9        0x3 
 .rodata        0x00000000000145ec      0x806 fs/disklog.o
 .rodata        0x0000000000014df2       0x14 lib/orangescrt.a(printf.o)
 *fill*         0x0000000000014e06        0x2 
 .rodata        0x0000000000014e08       0xad lib/orangescrt.a(misc.o)
 .rodata        0x0000000000014eb5       0x24 lib/orangescrt.a(mkdir.o)
 .rodata        0x0000000000014ed9       0x23 lib/orangescrt.a(open.o)
 .rodata        0x0000000000014efc       0x25 lib/orangescrt.a(getpid.o)
 .rodata        0x0000000000014f21       0x23 lib/orangescrt.a(stat.o)
 .rodata        0x0000000000014f44       0x33 lib/orangescrt.a(fork.o)
 .rodata        0x0000000000014f77       0x23 lib/orangescrt.a(exit.o)
 *fill*         0x0000000000014f9a        0x2 
 .rodata        0x0000000000014f9c       0x87 lib/orangescrt.a(exec.o)

.rodata1
 *(.rodata1)

.eh_frame_hdr
 *(.eh_frame_hdr)
 *(.eh_frame_entry .eh_frame_entry.*)

.eh_frame       0x0000000000015024     0x1624
 *(.eh_frame)
 .eh_frame      0x0000000000015024       0x38 kernel/start.o
 .eh_frame      0x000000000001505c      0x328 kernel/main.o
                                        0x340 (size before relaxing)
 .eh_frame      0x0000000000015384       0x60 kernel/clock.o
                                         0x78 (size before relaxing)
 .eh_frame      0x00000000000153e4       0xe0 kernel/keyboard.o
                                         0xf8 (size before relaxing)
 .eh_frame      0x00000000000154c4      0x13c kernel/tty.o
                                        0x154 (size before relaxing)
 .eh_frame      0x0000000000015600      0x144 kernel/console.o
                                        0x15c (size before relaxing)
 .eh_frame      0x0000000000015744       0x60 kernel/i8259.o
                                         0x78 (size before relaxing)
 .eh_frame      0x00000000000157a4       0xb0 kernel/protect.o
                                         0xc8 (size before relaxing)
 .eh_frame      0x0000000000015854      0x1b4 kernel/proc.o
                                        0x1cc (size before relaxing)
 .eh_frame      0x0000000000015a08       0x5c kernel/systask.o
                                         0x74 (size before relaxing)
 .eh_frame      0x0000000000015a64      0x1f0 kernel/hd.o
                                        0x208 (size before relaxing)
 .eh_frame      0x0000000000015c54       0xa0 kernel/klib.o
                                         0xb8 (size before relaxing)
 .eh_frame      0x0000000000015cf4       0x20 kernel/boot_animation.o
                                         0x38 (size before relaxing)
 .eh_frame      0x0000000000015d14       0x20 lib/syslog.o
                                         0x38 (size before relaxing)
 .eh_frame      0x0000000000015d34       0x7c mm/main.o
                                         0x94 (size before relaxing)
 .eh_frame      0x0000000000015db0       0x90 mm/forkexit.o
                                         0xa8 (size before relaxing)
 .eh_frame      0x0000000000015e40       0x2c mm/exec.o
                                         0x44 (size before relaxing)
 .eh_frame      0x0000000000015e6c      0x170 fs/main.o
                                        0x188 (size before relaxing)
 .eh_frame      0x0000000000015fdc      0x188 fs/open.o
                                        0x1a0 (size before relaxing)
 .eh_frame      0x0000000000016164       0x90 fs/misc.o
                                         0xa8 (size before relaxing)
 .eh_frame      0x00000000000161f4       0x2c fs/read_write.o
                                         0x44 (size before relaxing)
 .eh_frame      0x0000000000016220       0x2c fs/link.o
                                         0x44 (size before relaxing)
 .eh_frame      0x000000000001624c       0x60 fs/disklog.o
                                         0x78 (size before relaxing)
 .eh_frame      0x00000000000162ac       0x40 lib/orangescrt.a(printf.o)
                                         0x58 (size before relaxing)
 .eh_frame      0x00000000000162ec       0x60 lib/orangescrt.a(vsprintf.o)
                                         0x78 (size before relaxing)
 .eh_frame      0x000000000001634c      0x11c lib/orangescrt.a(misc.o)
                                        0x134 (size before relaxing)
 .eh_frame      0x0000000000016468       0x20 lib/orangescrt.a(ls.o)
                                         0x38 (size before relaxing)
 .eh_frame      0x0000000000016488       0x20 lib/orangescrt.a(mkdir.o)
                                         0x38 (size before relaxing)
 .eh_frame      0x00000000000164a8       0x20 lib/orangescrt.a(open.o)
                                         0x38 (size before relaxing)
 .eh_frame      0x00000000000164c8       0x20 lib/orangescrt.a(read.o)
                                         0x38 (size before relaxing)
 .eh_frame      0x00000000000164e8       0x20 lib/orangescrt.a(write.o)
                                         0x38 (size before relaxing)
 .eh_frame      0x0000000000016508       0x20 lib/orangescrt.a(close.o)
                                         0x38 (size before relaxing)
 .eh_frame      0x0000000000016528       0x20 lib/orangescrt.a(unlink.o)
                                         0x38 (size before relaxing)
 .eh_frame      0x0000000000016548       0x20 lib/orangescrt.a(getpid.o)
                                         0x38 (size before relaxing)
 .eh_frame      0x0000000000016568       0x20 lib/orangescrt.a(stat.o)
                                         0x38 (size before relaxing)
 .eh_frame      0x0000000000016588       0x20 lib/orangescrt.a(fork.o)
                                         0x38 (size before relaxing)
 .eh_frame      0x00000000000165a8       0x20 lib/orangescrt.a(exit.o)
                                         0x38 (size before relaxing)
 .eh_frame      0x00000000000165c8       0x20 lib/orangescrt.a(wait.o)
                                         0x38 (size before relaxing)
 .eh_frame      0x00000000000165e8       0x60 lib/orangescrt.a(exec.o)
                                         0x78 (size before relaxing)
 *(.eh_frame.*)

.gcc_except_table
 *(.gcc_except_table .gcc_except_table.*)

.gnu_extab
 *(.gnu_extab*)

.exception_ranges
 *(.exception_ranges .exception_ranges*)
                0x0000000000017648                . = DATA_SEGMENT_ALIGN (0x1000, 0x1000)

.eh_frame
 *(.eh_frame)
 *(.eh_frame.*)

.gnu_extab
 *(.gnu_extab)

.gcc_except_table
 *(.gcc_except_table .gcc_except_table.*)

.exception_ranges
 *(.exception_ranges .exception_ranges*)

.tdata
 *(.tdata .tdata.* .gnu.linkonce.td.*)

.tbss
 *(.tbss .tbss.* .gnu.linkonce.tb.*)
 *(.tcommon)

.preinit_array  0x0000000000017648        0x0
                [!provide]                        PROVIDE (__preinit_array_start, .)
 *(.preinit_array)
                [!provide]                        PROVIDE (__preinit_array_end, .)

.init_array     0x0000000000017648        0x0
                [!provide]                        PROVIDE (__init_array_start, .)
 *(SORT(.init_array.*) SORT(.ctors.*))
 *(.init_array EXCLUDE_FILE(*crtend?.o *crtend.o *crtbegin?.o *crtbegin.o) .ctors)
                [!provide]                        PROVIDE (__init_array_end, .)

.fini_array     0x0000000000017648        0x0
                [!provide]                        PROVIDE (__fini_array_start, .)
 *(SORT(.fini_array.*) SORT(.dtors.*))
 *(.fini_array EXCLUDE_FILE(*crtend?.o *crtend.o *crtbegin?.o *crtbegin.o) .dtors)
                [!provide]                        PROVIDE (__fini_array_end, .)

.ctors
 *crtbegin.o(.ctors)
 *crtbegin?.o(.ctors)
 *(EXCLUDE_FILE(*crtend?.o *crtend.o) .ctors)
 *(SORT(.ctors.*))
 *(.ctors)

.dtors
 *crtbegin.o(.dtors)
 *crtbegin?.o(.dtors)
 *(EXCLUDE_FILE(*crtend?.o *crtend.o) .dtors)
 *(SORT(.dtors.*))
 *(.dtors)

.jcr
 *(.jcr)

.data.rel.ro
 *(.data.rel.ro.local* .gnu.linkonce.d.rel.ro.local.*)
 *(.data.rel.ro .data.rel.ro.* .gnu.linkonce.d.rel.ro.*)

.dynamic
 *(.dynamic)

.got
 *(.got)
 *(.igot)
                0x0000000000017648                . = DATA_SEGMENT_RELRO_END (., (SIZEOF (.got.plt) >= 0xc)?0xc:0x0)

.got.plt        0x0000000000017648        0x0
 *(.got.plt)
 *(.igot.plt)
 .igot.plt      0x0000000000017648        0x0 kernel/kernel.o

.data           0x0000000000017660      0x874
 *(.data .data.* .gnu.linkonce.d.*)
 .data          0x0000000000017660        0x2 kernel/kernel.o
 .data          0x0000000000017662        0x0 kernel/start.o
 *fill*         0x0000000000017662       0x1e 
 .data          0x0000000000017680       0x50 kernel/main.o
                0x0000000000017680                current_dir
                0x00000000000176c0                current_user
 .data          0x00000000000176d0        0x0 kernel/clock.o
 *fill*         0x00000000000176d0       0x10 
 .data          0x00000000000176e0      0x600 kernel/keyboard.o
                0x00000000000176e0                keymap
 .data          0x0000000000017ce0       0x22 kernel/tty.o
 .data          0x0000000000017d02        0x0 kernel/console.o
 .data          0x0000000000017d02        0x0 kernel/i8259.o
 *fill*         0x0000000000017d02       0x1e 
 .data          0x0000000000017d20      0x1b4 kernel/global.o
                0x0000000000017d20                task_table
                0x0000000000017e00                user_proc_table
                0x0000000000017ea0                sys_call_table
                0x0000000000017eac                dd_map
                0x0000000000017ec4                fsbuf
                0x0000000000017ec8                mmbuf
                0x0000000000017ecc                logbuf
                0x0000000000017ed0                logdiskbuf
 .data          0x0000000000017ed4        0x0 kernel/protect.o
 .data          0x0000000000017ed4        0x0 kernel/proc.o
 .data          0x0000000000017ed4        0x0 kernel/systask.o
 .data          0x0000000000017ed4        0x0 kernel/hd.o
 .data          0x0000000000017ed4        0x0 kernel/klib.o
 .data          0x0000000000017ed4        0x0 kernel/boot_animation.o
 .data          0x0000000000017ed4        0x0 lib/syslog.o
 .data          0x0000000000017ed4        0x0 mm/main.o
 .data          0x0000000000017ed4        0x0 mm/forkexit.o
 .data          0x0000000000017ed4        0x0 mm/exec.o
 .data          0x0000000000017ed4        0x0 fs/main.o
 .data          0x0000000000017ed4        0x0 fs/open.o
 .data          0x0000000000017ed4        0x0 fs/misc.o
 .data          0x0000000000017ed4        0x0 fs/read_write.o
 .data          0x0000000000017ed4        0x0 fs/link.o
 .data          0x0000000000017ed4        0x0 fs/disklog.o
 .data          0x0000000000017ed4        0x0 lib/orangescrt.a(printf.o)
 .data          0x0000000000017ed4        0x0 lib/orangescrt.a(vsprintf.o)
 .data          0x0000000000017ed4        0x0 lib/orangescrt.a(misc.o)
 .data          0x0000000000017ed4        0x0 lib/orangescrt.a(ls.o)
 .data          0x0000000000017ed4        0x0 lib/orangescrt.a(mkdir.o)
 .data          0x0000000000017ed4        0x0 lib/orangescrt.a(open.o)
 .data          0x0000000000017ed4        0x0 lib/orangescrt.a(read.o)
 .data          0x0000000000017ed4        0x0 lib/orangescrt.a(write.o)
 .data          0x0000000000017ed4        0x0 lib/orangescrt.a(close.o)
 .data          0x0000000000017ed4        0x0 lib/orangescrt.a(unlink.o)
 .data          0x0000000000017ed4        0x0 lib/orangescrt.a(getpid.o)
 .data          0x0000000000017ed4        0x0 lib/orangescrt.a(stat.o)
 .data          0x0000000000017ed4        0x0 lib/orangescrt.a(fork.o)
 .data          0x0000000000017ed4        0x0 lib/orangescrt.a(exit.o)
 .data          0x0000000000017ed4        0x0 lib/orangescrt.a(wait.o)
 .data          0x0000000000017ed4        0x0 lib/orangescrt.a(exec.o)

.data1
 *(.data1)
                0x0000000000017ed4                _edata = .
                [!provide]                        PROVIDE (edata, .)
                0x0000000000017ed4                . = .
                0x0000000000017ed4                __bss_start = .

.bss            0x0000000000017ee0    0x2b984
 *(.dynbss)
 *(.bss .bss.* .gnu.linkonce.b.*)
 .bss           0x0000000000017ee0      0x800 kernel/kernel.o
 .bss           0x00000000000186e0        0x0 kernel/start.o
 .bss           0x00000000000186e0        0x0 kernel/main.o
 .bss           0x00000000000186e0        0x0 kernel/clock.o
 .bss           0x00000000000186e0       0x58 kernel/keyboard.o
 .bss           0x0000000000018738        0x0 kernel/tty.o
 .bss           0x0000000000018738        0x0 kernel/console.o
 .bss           0x0000000000018738        0x0 kernel/i8259.o
 .bss           0x0000000000018738        0x0 kernel/global.o
 .bss           0x0000000000018738        0x0 kernel/protect.o
 .bss           0x0000000000018738        0x0 kernel/proc.o
 .bss           0x0000000000018738        0x0 kernel/systask.o
 *fill*         0x0000000000018738        0x8 
 .bss           0x0000000000018740      0x64c kernel/hd.o
 .bss           0x0000000000018d8c        0x0 kernel/klib.o
 .bss           0x0000000000018d8c        0x0 kernel/boot_animation.o
 .bss           0x0000000000018d8c        0x0 lib/syslog.o
 .bss           0x0000000000018d8c        0x0 mm/main.o
 .bss           0x0000000000018d8c        0x0 mm/forkexit.o
 .bss           0x0000000000018d8c        0x0 mm/exec.o
 .bss           0x0000000000018d8c        0x0 fs/main.o
 .bss           0x0000000000018d8c        0x0 fs/open.o
 .bss           0x0000000000018d8c        0x0 fs/misc.o
 .bss           0x0000000000018d8c        0x0 fs/read_write.o
 .bss           0x0000000000018d8c        0x0 fs/link.o
 *fill*         0x0000000000018d8c       0x14 
 .bss           0x0000000000018da0      0x208 fs/disklog.o
 .bss           0x0000000000018fa8        0x0 lib/orangescrt.a(printf.o)
 .bss           0x0000000000018fa8        0x0 lib/orangescrt.a(vsprintf.o)
 .bss           0x0000000000018fa8        0x0 lib/orangescrt.a(misc.o)
 .bss           0x0000000000018fa8        0x0 lib/orangescrt.a(ls.o)
 .bss           0x0000000000018fa8        0x0 lib/orangescrt.a(mkdir.o)
 .bss           0x0000000000018fa8        0x0 lib/orangescrt.a(open.o)
 .bss           0x0000000000018fa8        0x0 lib/orangescrt.a(read.o)
 .bss           0x0000000000018fa8        0x0 lib/orangescrt.a(write.o)
 .bss           0x0000000000018fa8        0x0 lib/orangescrt.a(close.o)
 .bss           0x0000000000018fa8        0x0 lib/orangescrt.a(unlink.o)
 .bss           0x0000000000018fa8        0x0 lib/orangescrt.a(getpid.o)
 .bss           0x0000000000018fa8        0x0 lib/orangescrt.a(stat.o)
 .bss           0x0000000000018fa8        0x0 lib/orangescrt.a(fork.o)
 .bss           0x0000000000018fa8        0x0 lib/orangescrt.a(exit.o)
 .bss           0x0000000000018fa8        0x0 lib/orangescrt.a(wait.o)
 .bss           0x0000000000018fa8        0x0 lib/orangescrt.a(exec.o)
 *(COMMON)
 *fill*         0x0000000000018fa8       0x18 
 COMMON         0x0000000000018fc0       0x3c kernel/main.o
                0x0000000000018fc0                users
 *fill*         0x0000000000018ffc        0x4 
 COMMON         0x0000000000019000    0x2a854 kernel/global.o
                0x0000000000019000                idt_ptr
                0x0000000000019020                inode_table
                0x0000000000019b20                task_stack
                0x000000000003db20                k_reenter
                0x000000000003db40                gdt
                0x000000000003df40                current_console
                0x000000000003df44                pcaller
                0x000000000003df60                tty_table
                0x000000000003ebe0                tss
                0x000000000003ec60                fs_msg
                0x000000000003ec90                memory_size
                0x000000000003eca0                f_desc_table
                0x000000000003f0a0                root_inode
                0x000000000003f0a4                disp_pos
                0x000000000003f0c0                mm_msg
                0x000000000003f0f0                key_pressed
                0x000000000003f0f4                gdt_ptr
                0x000000000003f100                idt
                0x000000000003f900                super_block
                0x000000000003fae0                ticks
                0x000000000003fb00                console_table
                0x000000000003fb40                irq_table
                0x000000000003fb80                p_proc_ready
                0x000000000003fba0                proc_table
 COMMON         0x0000000000043854       0x10 kernel/hd.o
                0x0000000000043854                PARTITION_ENTRY
                0x0000000000043864                . = ALIGN ((. != 0x0)?0x4:0x1)
                0x0000000000043864                . = ALIGN (0x4)
                0x0000000000043864                . = SEGMENT_START ("ldata-segment", .)
                0x0000000000043864                . = ALIGN (0x4)
                0x0000000000043864                _end = .
                [!provide]                        PROVIDE (end, .)
                0x0000000000043864                . = DATA_SEGMENT_END (.)

.stab
 *(.stab)

.stabstr
 *(.stabstr)

.stab.excl
 *(.stab.excl)

.stab.exclstr
 *(.stab.exclstr)

.stab.index
 *(.stab.index)

.stab.indexstr
 *(.stab.indexstr)

.comment        0x0000000000000000       0x34
 *(.comment)
 .comment       0x0000000000000000       0x34 kernel/start.o
                                         0x35 (size before relaxing)
 .comment       0x0000000000000034       0x35 kernel/main.o
 .comment       0x0000000000000034       0x35 kernel/clock.o
 .comment       0x0000000000000034       0x35 kernel/keyboard.o
 .comment       0x0000000000000034       0x35 kernel/tty.o
 .comment       0x0000000000000034       0x35 kernel/console.o
 .comment       0x0000000000000034       0x35 kernel/i8259.o
 .comment       0x0000000000000034       0x35 kernel/global.o
 .comment       0x0000000000000034       0x35 kernel/protect.o
 .comment       0x0000000000000034       0x35 kernel/proc.o
 .comment       0x0000000000000034       0x35 kernel/systask.o
 .comment       0x0000000000000034       0x35 kernel/hd.o
 .comment       0x0000000000000034       0x35 kernel/klib.o
 .comment       0x0000000000000034       0x35 kernel/boot_animation.o
 .comment       0x0000000000000034       0x35 lib/syslog.o
 .comment       0x0000000000000034       0x35 mm/main.o
 .comment       0x0000000000000034       0x35 mm/forkexit.o
 .comment       0x0000000000000034       0x35 mm/exec.o
 .comment       0x0000000000000034       0x35 fs/main.o
 .comment       0x0000000000000034       0x35 fs/open.o
 .comment       0x0000000000000034       0x35 fs/misc.o
 .comment       0x0000000000000034       0x35 fs/read_write.o
 .comment       0x0000000000000034       0x35 fs/link.o
 .comment       0x0000000000000034       0x35 fs/disklog.o
 .comment       0x0000000000000034       0x35 lib/orangescrt.a(printf.o)
 .comment       0x0000000000000034       0x35 lib/orangescrt.a(vsprintf.o)
 .comment       0x0000000000000034       0x35 lib/orangescrt.a(misc.o)
 .comment       0x0000000000000034       0x35 lib/orangescrt.a(ls.o)
 .comment       0x0000000000000034       0x35 lib/orangescrt.a(mkdir.o)
 .comment       0x0000000000000034       0x35 lib/orangescrt.a(open.o)
 .comment       0x0000000000000034       0x35 lib/orangescrt.a(read.o)
 .comment       0x0000000000000034       0x35 lib/orangescrt.a(write.o)
 .comment       0x0000000000000034       0x35 lib/orangescrt.a(close.o)
 .comment       0x0000000000000034       0x35 lib/orangescrt.a(unlink.o)
 .comment       0x0000000000000034       0x35 lib/orangescrt.a(getpid.o)
 .comment       0x0000000000000034       0x35 lib/orangescrt.a(stat.o)
 .comment       0x0000000000000034       0x35 lib/orangescrt.a(fork.o)
 .comment       0x0000000000000034       0x35 lib/orangescrt.a(exit.o)
 .comment       0x0000000000000034       0x35 lib/orangescrt.a(wait.o)
 .comment       0x0000000000000034       0x35 lib/orangescrt.a(exec.o)

.debug
 *(.debug)

.line
 *(.line)

.debug_srcinfo
 *(.debug_srcinfo)

.debug_sfnames
 *(.debug_sfnames)

.debug_aranges
 *(.debug_aranges)

.debug_pubnames
 *(.debug_pubnames)

.debug_info
 *(.debug_info .gnu.linkonce.wi.*)

.debug_abbrev
 *(.debug_abbrev)

.debug_line
 *(.debug_line .debug_line.* .debug_line_end)

.debug_frame
 *(.debug_frame)

.debug_str
 *(.debug_str)

.debug_loc
 *(.debug_loc)

.debug_macinfo
 *(.debug_macinfo)

.debug_weaknames
 *(.debug_weaknames)

.debug_funcnames
 *(.debug_funcnames)

.debug_typenames
 *(.debug_typenames)

.debug_varnames
 *(.debug_varnames)

.debug_pubtypes
 *(.debug_pubtypes)

.debug_ranges
 *(.debug_ranges)

.debug_macro
 *(.debug_macro)

.gnu.attributes
 *(.gnu.attributes)

/DISCARD/
 *(.note.GNU-stack)
 *(.gnu_debuglink)
 *(.gnu.lto_*)
OUTPUT(kernel.bin elf32-i386)
