Archive member included to satisfy reference by file (symbol)

lib/orangescrt.a(printf.o)    kernel/main.o (printf)
lib/orangescrt.a(vsprintf.o)  kernel/main.o (vsprintf)
lib/orangescrt.a(string.o)    kernel/start.o (memcpy)
lib/orangescrt.a(misc.o)      kernel/main.o (send_recv)
lib/orangescrt.a(ls.o)        kernel/main.o (ls)
lib/orangescrt.a(mkdir.o)     kernel/main.o (mkdir)
lib/orangescrt.a(open.o)      kernel/main.o (open)
lib/orangescrt.a(read.o)      kernel/main.o (read)
lib/orangescrt.a(write.o)     kernel/main.o (write)
lib/orangescrt.a(close.o)     kernel/main.o (close)
lib/orangescrt.a(unlink.o)    kernel/main.o (unlink)
lib/orangescrt.a(getpid.o)    fs/disklog.o (getpid)
lib/orangescrt.a(stat.o)      mm/exec.o (stat)
lib/orangescrt.a(fork.o)      kernel/main.o (fork)
lib/orangescrt.a(exit.o)      kernel/main.o (exit)
lib/orangescrt.a(wait.o)      kernel/main.o (wait)
lib/orangescrt.a(exec.o)      kernel/main.o (execv)
lib/orangescrt.a(syscall.o)   lib/orangescrt.a(misc.o) (sendrec)

Allocating common symbols
Common symbol       size              file

idt_ptr             0x6               kernel/global.o
inode_table         0xb00             kernel/global.o
task_stack          0x24000           kernel/global.o
k_reenter           0x4               kernel/global.o
gdt                 0x400             kernel/global.o
current_console     0x4               kernel/global.o
pcaller             0x4               kernel/global.o
tty_table           0xc6c             kernel/global.o
tss                 0x68              kernel/global.o
fs_msg              0x30              kernel/global.o
memory_size         0x4               kernel/global.o
f_desc_table        0x400             kernel/global.o
root_inode          0x4               kernel/global.o
disp_pos            0x4               kernel/global.o
mm_msg              0x30              kernel/global.o
key_pressed         0x4               kernel/global.o
gdt_ptr             0x6               kernel/global.o
users               0x3c              kernel/main.o
idt                 0x800             kernel/global.o
super_block         0x1e0             kernel/global.o
PARTITION_ENTRY     0x10              kernel/hd.o
ticks               0x4               kernel/global.o
console_table       0x3c              kernel/global.o
irq_table           0x40              kernel/global.o
p_proc_ready        0x4               kernel/global.o
proc_table          0x3af8            kernel/global.o

Discarded input sections

 .note.GNU-stack
                0x0000000000000000        0x0 kernel/start.o
 .note.GNU-stack
                0x0000000000000000        0x0 kernel/main.o
 .note.GNU-stack
                0x0000000000000000        0x0 kernel/clock.o
 .note.GNU-stack
                0x0000000000000000        0x0 kernel/keyboard.o
 .note.GNU-stack
                0x0000000000000000        0x0 kernel/tty.o
 .note.GNU-stack
                0x0000000000000000        0x0 kernel/console.o
 .note.GNU-stack
                0x0000000000000000        0x0 kernel/i8259.o
 .note.GNU-stack
                0x0000000000000000        0x0 kernel/global.o
 .note.GNU-stack
                0x0000000000000000        0x0 kernel/protect.o
 .note.GNU-stack
                0x0000000000000000        0x0 kernel/proc.o
 .note.GNU-stack
                0x0000000000000000        0x0 kernel/systask.o
 .note.GNU-stack
                0x0000000000000000        0x0 kernel/hd.o
 .note.GNU-stack
                0x0000000000000000        0x0 kernel/klib.o
 .note.GNU-stack
                0x0000000000000000        0x0 kernel/boot_animation.o
 .note.GNU-stack
                0x0000000000000000        0x0 lib/syslog.o
 .note.GNU-stack
                0x0000000000000000        0x0 mm/main.o
 .note.GNU-stack
                0x0000000000000000        0x0 mm/forkexit.o
 .note.GNU-stack
                0x0000000000000000        0x0 mm/exec.o
 .note.GNU-stack
                0x0000000000000000        0x0 fs/main.o
 .note.GNU-stack
                0x0000000000000000        0x0 fs/open.o
 .note.GNU-stack
                0x0000000000000000        0x0 fs/misc.o
 .note.GNU-stack
                0x0000000000000000        0x0 fs/read_write.o
 .note.GNU-stack
                0x0000000000000000        0x0 fs/link.o
 .note.GNU-stack
                0x0000000000000000        0x0 fs/disklog.o
 .note.GNU-stack
                0x0000000000000000        0x0 lib/orangescrt.a(printf.o)
 .note.GNU-stack
                0x0000000000000000        0x0 lib/orangescrt.a(vsprintf.o)
 .note.GNU-stack
                0x0000000000000000        0x0 lib/orangescrt.a(misc.o)
 .note.GNU-stack
                0x0000000000000000        0x0 lib/orangescrt.a(ls.o)
 .note.GNU-stack
                0x0000000000000000        0x0 lib/orangescrt.a(mkdir.o)
 .note.GNU-stack
                0x0000000000000000        0x0 lib/orangescrt.a(open.o)
 .note.GNU-stack
                0x0000000000000000        0x0 lib/orangescrt.a(read.o)
 .note.GNU-stack
                0x0000000000000000        0x0 lib/orangescrt.a(write.o)
 .note.GNU-stack
                0x0000000000000000        0x0 lib/orangescrt.a(close.o)
 .note.GNU-stack
                0x0000000000000000        0x0 lib/orangescrt.a(unlink.o)
 .note.GNU-stack
                0x0000000000000000        0x0 lib/orangescrt.a(getpid.o)
 .note.GNU-stack
                0x0000000000000000        0x0 lib/orangescrt.a(stat.o)
 .note.GNU-stack
                0x0000000000000000        0x0 lib/orangescrt.a(fork.o)
 .note.GNU-stack
                0x0000000000000000        0x0 lib/orangescrt.a(exit.o)
 .note.GNU-stack
                0x0000000000000000        0x0 lib/orangescrt.a(wait.o)
 .note.GNU-stack
                0x0000000000000000        0x0 lib/orangescrt.a(exec.o)

Memory Configuration

Name             Origin             Length             Attributes
*default*        0x0000000000000000 0xffffffffffffffff

Linker script and memory map

Address of section .text set to 0x1000
LOAD kernel/kernel.o
LOAD kernel/start.o
LOAD kernel/main.o
LOAD kernel/clock.o
LOAD kernel/keyboard.o
LOAD kernel/tty.o
LOAD kernel/console.o
LOAD kernel/i8259.o
LOAD kernel/global.o
LOAD kernel/protect.o
LOAD kernel/proc.o
LOAD kernel/systask.o
LOAD kernel/hd.o
LOAD kernel/kliba.o
LOAD kernel/klib.o
LOAD kernel/boot_animation.o
LOAD lib/syslog.o
LOAD mm/main.o
LOAD mm/forkexit.o
LOAD mm/exec.o
LOAD fs/main.o
LOAD fs/open.o
LOAD fs/misc.o
LOAD fs/read_write.o
LOAD fs/link.o
LOAD fs/disklog.o
LOAD lib/orangescrt.a
                [!provide]                        PROVIDE (__executable_start, 0x8048000)
                0x0000000008048094                . = (0x8048000 + SIZEOF_HEADERS)

.interp
 *(.interp)

.note.gnu.build-id
 *(.note.gnu.build-id)

.hash
 *(.hash)

.gnu.hash
 *(.gnu.hash)

.dynsym
 *(.dynsym)

.dynstr
 *(.dynstr)

.gnu.version
 *(.gnu.version)

.gnu.version_d
 *(.gnu.version_d)

.gnu.version_r
 *(.gnu.version_r)

.rel.dyn        0x0000000008048094        0x0
 *(.rel.init)
 *(.rel.text .rel.text.* .rel.gnu.linkonce.t.*)
 .rel.text      0x0000000008048094        0x0 kernel/kernel.o
 *(.rel.fini)
 *(.rel.rodata .rel.rodata.* .rel.gnu.linkonce.r.*)
 *(.rel.data.rel.ro .rel.data.rel.ro.* .rel.gnu.linkonce.d.rel.ro.*)
 *(.rel.data .rel.data.* .rel.gnu.linkonce.d.*)
 .rel.data      0x0000000008048094        0x0 kernel/kernel.o
 *(.rel.tdata .rel.tdata.* .rel.gnu.linkonce.td.*)
 *(.rel.tbss .rel.tbss.* .rel.gnu.linkonce.tb.*)
 *(.rel.ctors)
 *(.rel.dtors)
 *(.rel.got)
 *(.rel.bss .rel.bss.* .rel.gnu.linkonce.b.*)
 *(.rel.ifunc)

.rel.plt        0x0000000008048094        0x0
 *(.rel.plt)
                [!provide]                        PROVIDE (__rel_iplt_start, .)
 *(.rel.iplt)
 .rel.iplt      0x0000000008048094        0x0 kernel/kernel.o
                [!provide]                        PROVIDE (__rel_iplt_end, .)

.init
 *(SORT(.init))

.plt            0x00000000080480a0        0x0
 *(.plt)
 *(.iplt)
 .iplt          0x00000000080480a0        0x0 kernel/kernel.o

.plt.got
 *(.plt.got)

.text           0x0000000000001000     0xddc8
 *(.text.unlikely .text.*_unlikely .text.unlikely.*)
 *(.text.exit .text.exit.*)
 *(.text.startup .text.startup.*)
 *(.text.hot .text.hot.*)
 *(.text .stub .text.* .gnu.linkonce.t.*)
 .text          0x0000000000001000      0x410 kernel/kernel.o
                0x0000000000001000                _start
                0x0000000000001040                hwint00
                0x0000000000001070                hwint01
                0x00000000000010a0                hwint02
                0x00000000000010d0                hwint03
                0x0000000000001100                hwint04
                0x0000000000001130                hwint05
                0x0000000000001160                hwint06
                0x0000000000001190                hwint07
                0x00000000000011c0                hwint08
                0x00000000000011f0                hwint09
                0x0000000000001220                hwint10
                0x0000000000001250                hwint11
                0x0000000000001280                hwint12
                0x00000000000012b0                hwint13
                0x00000000000012e0                hwint14
                0x0000000000001310                hwint15
                0x0000000000001334                divide_error
                0x000000000000133a                single_step_exception
                0x0000000000001340                nmi
                0x0000000000001346                breakpoint_exception
                0x000000000000134c                overflow
                0x0000000000001352                bounds_check
                0x0000000000001358                inval_opcode
                0x000000000000135e                copr_not_available
                0x0000000000001364                double_fault
                0x0000000000001368                copr_seg_overrun
                0x000000000000136e                inval_tss
                0x0000000000001372                segment_not_present
                0x0000000000001376                stack_exception
                0x000000000000137a                general_protection
                0x000000000000137e                page_fault
                0x0000000000001382                copr_error
                0x00000000000013cb                sys_call
                0x00000000000013eb                restart
 .text          0x0000000000001410       0x95 kernel/start.o
                0x0000000000001410                cstart
 .text          0x00000000000014a5     0x131d kernel/main.o
                0x00000000000014a5                kernel_main
                0x00000000000017c0                get_ticks
                0x00000000000017f4                untar
                0x00000000000019b2                shabby_shell
                0x0000000000001aa3                eval
                0x0000000000001b62                builtin_command
                0x0000000000002020                strchr
                0x000000000000205e                parseline
                0x0000000000002197                Init
                0x00000000000022b9                TestA
                0x00000000000022be                TestB
                0x00000000000022c3                TestC
                0x00000000000022c8                panic
                0x0000000000002311                clear
                0x0000000000002344                addTwoString
                0x00000000000023db                createFile
                0x0000000000002443                writeFile
                0x00000000000024c2                openFile
                0x000000000000255e                userRegister
                0x00000000000026db                userLogin
 .text          0x00000000000027c2      0x10d kernel/clock.o
                0x00000000000027c2                clock_handler
                0x000000000000283d                milli_delay
                0x0000000000002877                init_clock
 .text          0x00000000000028cf      0x6da kernel/keyboard.o
                0x00000000000028cf                keyboard_handler
                0x0000000000002939                init_keyboard
                0x00000000000029e8                keyboard_read
 .text          0x0000000000002fa9      0xa4a kernel/tty.o
                0x0000000000002fa9                task_tty
                0x000000000000319a                in_process
                0x00000000000036f3                sys_printx
                0x0000000000003892                dump_tty_buf
 .text          0x00000000000039f3      0x7d7 kernel/console.o
                0x00000000000039f3                init_screen
                0x0000000000003b67                out_char
                0x0000000000003e44                is_current_console
                0x0000000000003f37                select_console
                0x0000000000003f77                scroll_screen
 .text          0x00000000000041ca      0x130 kernel/i8259.o
                0x00000000000041ca                init_8259A
                0x000000000000429f                spurious_irq
                0x00000000000042d6                put_irq_handler
 .text          0x00000000000042fa        0x0 kernel/global.o
 .text          0x00000000000042fa      0x65f kernel/protect.o
                0x00000000000042fa                init_prot
                0x0000000000004762                seg2linear
                0x00000000000047b1                init_desc
                0x000000000000481e                exception_handler
 .text          0x0000000000004959     0x15f5 kernel/proc.o
                0x0000000000004959                schedule
                0x00000000000049e5                sys_sendrec
                0x0000000000004b05                ldt_seg_linear
                0x0000000000004b4f                va2la
                0x0000000000004bb0                reset_msg
                0x0000000000005995                inform_int
                0x0000000000005b05                dump_proc
                0x0000000000005e41                dump_msg
 .text          0x0000000000005f4e      0x2bc kernel/systask.o
                0x0000000000005f4e                task_sys
 .text          0x000000000000620a      0xe1f kernel/hd.o
                0x000000000000620a                task_hd
                0x0000000000006ffe                hd_handler
 *fill*         0x0000000000007029        0x7 
 .text          0x0000000000007030      0x19a kernel/kliba.o
                0x0000000000007030                disp_str
                0x000000000000706e                disp_color_str
                0x00000000000070ad                out_byte
                0x00000000000070b9                in_byte
                0x00000000000070c3                port_read
                0x00000000000070d6                port_write
                0x00000000000070e9                disable_irq
                0x000000000000711e                enable_irq
                0x000000000000713d                disable_int
                0x000000000000713f                enable_int
                0x0000000000007141                glitter
 .text          0x00000000000071ca      0x2af kernel/klib.o
                0x00000000000071ca                get_boot_params
                0x0000000000007250                get_kernel_map
                0x0000000000007360                itoa
                0x000000000000740b                disp_int
                0x0000000000007432                delay
 .text          0x0000000000007479     0x12d0 kernel/boot_animation.o
                0x0000000000007479                boot_animation
 .text          0x0000000000008749       0x6f lib/syslog.o
                0x0000000000008749                syslog
 .text          0x00000000000087b8      0x1bc mm/main.o
                0x00000000000087b8                task_mm
                0x00000000000088ef                alloc_mem
                0x000000000000896a                free_mem
 .text          0x0000000000008974      0x5c0 mm/forkexit.o
                0x0000000000008974                do_fork
                0x0000000000008cb5                do_exit
                0x0000000000008e7e                do_wait
 .text          0x0000000000008f34      0x356 mm/exec.o
                0x0000000000008f34                do_exec
 .text          0x000000000000928a     0x10c8 fs/main.o
                0x000000000000928a                task_fs
                0x0000000000009d37                rw_sector
                0x0000000000009f5a                get_super_block
                0x0000000000009fa0                get_inode
                0x000000000000a103                put_inode
                0x000000000000a141                sync_inode
 .text          0x000000000000a352      0xe0a fs/open.o
                0x000000000000a352                do_open
                0x000000000000a83e                do_ls
                0x000000000000aa13                do_mkdir
                0x000000000000aaf9                do_close
                0x000000000000ab74                do_lseek
 .text          0x000000000000b15c      0x3b2 fs/misc.o
                0x000000000000b15c                do_stat
                0x000000000000b32d                search_file
                0x000000000000b483                strip_path
 .text          0x000000000000b50e      0x49a fs/read_write.o
                0x000000000000b50e                do_rdwt
 .text          0x000000000000b9a8      0x808 fs/link.o
                0x000000000000b9a8                do_unlink
 .text          0x000000000000c1b0     0x1fb8 fs/disklog.o
                0x000000000000c1b0                disklog
                0x000000000000c71d                dump_fd_graph
 .text          0x000000000000e168       0xad lib/orangescrt.a(printf.o)
                0x000000000000e168                printf
                0x000000000000e1d3                printl
 .text          0x000000000000e215      0x305 lib/orangescrt.a(vsprintf.o)
                0x000000000000e273                vsprintf
                0x000000000000e4f4                sprintf
 *fill*         0x000000000000e51a        0x6 
 .text          0x000000000000e520       0x78 lib/orangescrt.a(string.o)
                0x000000000000e520                memcpy
                0x000000000000e549                memset
                0x000000000000e56a                strcpy
                0x000000000000e582                strlen
 .text          0x000000000000e598      0x256 lib/orangescrt.a(misc.o)
                0x000000000000e598                send_recv
                0x000000000000e652                memcmp
                0x000000000000e6c8                strcmp
                0x000000000000e73b                strcat
                0x000000000000e79a                spin
                0x000000000000e7b5                assertion_failure
 .text          0x000000000000e7ee       0x43 lib/orangescrt.a(ls.o)
                0x000000000000e7ee                ls
 .text          0x000000000000e831       0x64 lib/orangescrt.a(mkdir.o)
                0x000000000000e831                mkdir
 .text          0x000000000000e895       0x63 lib/orangescrt.a(open.o)
                0x000000000000e895                open
 .text          0x000000000000e8f8       0x37 lib/orangescrt.a(read.o)
                0x000000000000e8f8                read
 .text          0x000000000000e92f       0x37 lib/orangescrt.a(write.o)
                0x000000000000e92f                write
 .text          0x000000000000e966       0x2b lib/orangescrt.a(close.o)
                0x000000000000e966                close
 .text          0x000000000000e991       0x3c lib/orangescrt.a(unlink.o)
                0x000000000000e991                unlink
 .text          0x000000000000e9cd       0x46 lib/orangescrt.a(getpid.o)
                0x000000000000e9cd                getpid
 .text          0x000000000000ea13       0x63 lib/orangescrt.a(stat.o)
                0x000000000000ea13                stat
 .text          0x000000000000ea76       0x66 lib/orangescrt.a(fork.o)
                0x000000000000ea76                fork
 .text          0x000000000000eadc       0x4a lib/orangescrt.a(exit.o)
                0x000000000000eadc                exit
 .text          0x000000000000eb26       0x3c lib/orangescrt.a(wait.o)
                0x000000000000eb26                wait
 .text          0x000000000000eb62      0x237 lib/orangescrt.a(exec.o)
                0x000000000000eb62                exec
                0x000000000000ebcd                execl
                0x000000000000ebf2                execv
 *fill*         0x000000000000ed99        0x7 
 .text          0x000000000000eda0       0x28 lib/orangescrt.a(syscall.o)
                0x000000000000eda0                sendrec
                0x000000000000edba                printx
 *(.gnu.warning)

.fini
 *(SORT(.fini))
                [!provide]                        PROVIDE (__etext, .)
                [!provide]                        PROVIDE (_etext, .)
                [!provide]                        PROVIDE (etext, .)

.rodata         0x000000000000ede0     0x432f
 *(.rodata .rodata.* .gnu.linkonce.r.*)
 .rodata        0x000000000000ede0       0x47 kernel/start.o
 *fill*         0x000000000000ee27        0x1 
 .rodata        0x000000000000ee28      0x2c9 kernel/main.o
 *fill*         0x000000000000f0f1        0x3 
 .rodata        0x000000000000f0f4       0x64 kernel/keyboard.o
 .rodata        0x000000000000f158      0x168 kernel/tty.o
 .rodata        0x000000000000f2c0       0x5b kernel/console.o
 .rodata        0x000000000000f31b       0x11 kernel/i8259.o
 .rodata        0x000000000000f32c       0x10 kernel/global.o
                0x000000000000f32c                FSBUF_SIZE
                0x000000000000f330                MMBUF_SIZE
                0x000000000000f334                LOGBUF_SIZE
                0x000000000000f338                LOGDISKBUF_SIZE
 *fill*         0x000000000000f33c        0x4 
 .rodata        0x000000000000f340      0x580 kernel/protect.o
 .rodata        0x000000000000f8c0      0x5da kernel/proc.o
 .rodata        0x000000000000fe9a       0x11 kernel/systask.o
 *fill*         0x000000000000feab        0x1 
 .rodata        0x000000000000feac      0x1df kernel/hd.o
 *fill*         0x000000000001008b        0x1 
 .rodata        0x000000000001008c       0x6a kernel/klib.o
 *fill*         0x00000000000100f6        0x2 
 .rodata        0x00000000000100f8     0x1b95 kernel/boot_animation.o
 .rodata        0x0000000000011c8d       0x1e lib/syslog.o
 *fill*         0x0000000000011cab        0x1 
 .rodata        0x0000000000011cac       0xb1 mm/main.o
 *fill*         0x0000000000011d5d        0x3 
 .rodata        0x0000000000011d60       0xe7 mm/forkexit.o
 *fill*         0x0000000000011e47        0x1 
 .rodata        0x0000000000011e48       0xa4 mm/exec.o
 .rodata        0x0000000000011eec      0x2c6 fs/main.o
 *fill*         0x00000000000121b2        0x2 
 .rodata        0x00000000000121b4      0x1ad fs/open.o
 *fill*         0x0000000000012361        0x3 
 .rodata        0x0000000000012364       0x60 fs/misc.o
 .rodata        0x00000000000123c4      0x164 fs/read_write.o
 .rodata        0x0000000000012528      0x1ad fs/link.o
 *fill*         0x00000000000126d5        0x3 
 .rodata        0x00000000000126d8      0x806 fs/disklog.o
 .rodata        0x0000000000012ede       0x14 lib/orangescrt.a(printf.o)
 *fill*         0x0000000000012ef2        0x2 
 .rodata        0x0000000000012ef4       0xad lib/orangescrt.a(misc.o)
 .rodata        0x0000000000012fa1       0x24 lib/orangescrt.a(mkdir.o)
 .rodata        0x0000000000012fc5       0x23 lib/orangescrt.a(open.o)
 .rodata        0x0000000000012fe8       0x25 lib/orangescrt.a(getpid.o)
 .rodata        0x000000000001300d       0x23 lib/orangescrt.a(stat.o)
 .rodata        0x0000000000013030       0x33 lib/orangescrt.a(fork.o)
 .rodata        0x0000000000013063       0x23 lib/orangescrt.a(exit.o)
 *fill*         0x0000000000013086        0x2 
 .rodata        0x0000000000013088       0x87 lib/orangescrt.a(exec.o)

.rodata1
 *(.rodata1)

.eh_frame_hdr
 *(.eh_frame_hdr)
 *(.eh_frame_entry .eh_frame_entry.*)

.eh_frame       0x0000000000013110     0x14e0
 *(.eh_frame)
 .eh_frame      0x0000000000013110       0x38 kernel/start.o
 .eh_frame      0x0000000000013148      0x268 kernel/main.o
                                        0x280 (size before relaxing)
 .eh_frame      0x00000000000133b0       0x60 kernel/clock.o
                                         0x78 (size before relaxing)
 .eh_frame      0x0000000000013410       0xe0 kernel/keyboard.o
                                         0xf8 (size before relaxing)
 .eh_frame      0x00000000000134f0      0x13c kernel/tty.o
                                        0x154 (size before relaxing)
 .eh_frame      0x000000000001362c      0x144 kernel/console.o
                                        0x15c (size before relaxing)
 .eh_frame      0x0000000000013770       0x60 kernel/i8259.o
                                         0x78 (size before relaxing)
 .eh_frame      0x00000000000137d0       0xb0 kernel/protect.o
                                         0xc8 (size before relaxing)
 .eh_frame      0x0000000000013880      0x1b8 kernel/proc.o
                                        0x1d0 (size before relaxing)
 .eh_frame      0x0000000000013a38       0x5c kernel/systask.o
                                         0x74 (size before relaxing)
 .eh_frame      0x0000000000013a94      0x1f0 kernel/hd.o
                                        0x208 (size before relaxing)
 .eh_frame      0x0000000000013c84       0xa0 kernel/klib.o
                                         0xb8 (size before relaxing)
 .eh_frame      0x0000000000013d24       0x20 kernel/boot_animation.o
                                         0x38 (size before relaxing)
 .eh_frame      0x0000000000013d44       0x20 lib/syslog.o
                                         0x38 (size before relaxing)
 .eh_frame      0x0000000000013d64       0x7c mm/main.o
                                         0x94 (size before relaxing)
 .eh_frame      0x0000000000013de0       0x90 mm/forkexit.o
                                         0xa8 (size before relaxing)
 .eh_frame      0x0000000000013e70       0x2c mm/exec.o
                                         0x44 (size before relaxing)
 .eh_frame      0x0000000000013e9c      0x170 fs/main.o
                                        0x188 (size before relaxing)
 .eh_frame      0x000000000001400c      0x188 fs/open.o
                                        0x1a0 (size before relaxing)
 .eh_frame      0x0000000000014194       0x68 fs/misc.o
                                         0x80 (size before relaxing)
 .eh_frame      0x00000000000141fc       0x2c fs/read_write.o
                                         0x44 (size before relaxing)
 .eh_frame      0x0000000000014228       0x2c fs/link.o
                                         0x44 (size before relaxing)
 .eh_frame      0x0000000000014254       0x60 fs/disklog.o
                                         0x78 (size before relaxing)
 .eh_frame      0x00000000000142b4       0x40 lib/orangescrt.a(printf.o)
                                         0x58 (size before relaxing)
 .eh_frame      0x00000000000142f4       0x60 lib/orangescrt.a(vsprintf.o)
                                         0x78 (size before relaxing)
 .eh_frame      0x0000000000014354       0xbc lib/orangescrt.a(misc.o)
                                         0xd4 (size before relaxing)
 .eh_frame      0x0000000000014410       0x20 lib/orangescrt.a(ls.o)
                                         0x38 (size before relaxing)
 .eh_frame      0x0000000000014430       0x20 lib/orangescrt.a(mkdir.o)
                                         0x38 (size before relaxing)
 .eh_frame      0x0000000000014450       0x20 lib/orangescrt.a(open.o)
                                         0x38 (size before relaxing)
 .eh_frame      0x0000000000014470       0x20 lib/orangescrt.a(read.o)
                                         0x38 (size before relaxing)
 .eh_frame      0x0000000000014490       0x20 lib/orangescrt.a(write.o)
                                         0x38 (size before relaxing)
 .eh_frame      0x00000000000144b0       0x20 lib/orangescrt.a(close.o)
                                         0x38 (size before relaxing)
 .eh_frame      0x00000000000144d0       0x20 lib/orangescrt.a(unlink.o)
                                         0x38 (size before relaxing)
 .eh_frame      0x00000000000144f0       0x20 lib/orangescrt.a(getpid.o)
                                         0x38 (size before relaxing)
 .eh_frame      0x0000000000014510       0x20 lib/orangescrt.a(stat.o)
                                         0x38 (size before relaxing)
 .eh_frame      0x0000000000014530       0x20 lib/orangescrt.a(fork.o)
                                         0x38 (size before relaxing)
 .eh_frame      0x0000000000014550       0x20 lib/orangescrt.a(exit.o)
                                         0x38 (size before relaxing)
 .eh_frame      0x0000000000014570       0x20 lib/orangescrt.a(wait.o)
                                         0x38 (size before relaxing)
 .eh_frame      0x0000000000014590       0x60 lib/orangescrt.a(exec.o)
                                         0x78 (size before relaxing)
 *(.eh_frame.*)

.gcc_except_table
 *(.gcc_except_table .gcc_except_table.*)

.gnu_extab
 *(.gnu_extab*)

.exception_ranges
 *(.exception_ranges .exception_ranges*)
                0x00000000000155f0                . = DATA_SEGMENT_ALIGN (0x1000, 0x1000)

.eh_frame
 *(.eh_frame)
 *(.eh_frame.*)

.gnu_extab
 *(.gnu_extab)

.gcc_except_table
 *(.gcc_except_table .gcc_except_table.*)

.exception_ranges
 *(.exception_ranges .exception_ranges*)

.tdata
 *(.tdata .tdata.* .gnu.linkonce.td.*)

.tbss
 *(.tbss .tbss.* .gnu.linkonce.tb.*)
 *(.tcommon)

.preinit_array  0x00000000000155f0        0x0
                [!provide]                        PROVIDE (__preinit_array_start, .)
 *(.preinit_array)
                [!provide]                        PROVIDE (__preinit_array_end, .)

.init_array     0x00000000000155f0        0x0
                [!provide]                        PROVIDE (__init_array_start, .)
 *(SORT(.init_array.*) SORT(.ctors.*))
 *(.init_array EXCLUDE_FILE(*crtend?.o *crtend.o *crtbegin?.o *crtbegin.o) .ctors)
                [!provide]                        PROVIDE (__init_array_end, .)

.fini_array     0x00000000000155f0        0x0
                [!provide]                        PROVIDE (__fini_array_start, .)
 *(SORT(.fini_array.*) SORT(.dtors.*))
 *(.fini_array EXCLUDE_FILE(*crtend?.o *crtend.o *crtbegin?.o *crtbegin.o) .dtors)
                [!provide]                        PROVIDE (__fini_array_end, .)

.ctors
 *crtbegin.o(.ctors)
 *crtbegin?.o(.ctors)
 *(EXCLUDE_FILE(*crtend?.o *crtend.o) .ctors)
 *(SORT(.ctors.*))
 *(.ctors)

.dtors
 *crtbegin.o(.dtors)
 *crtbegin?.o(.dtors)
 *(EXCLUDE_FILE(*crtend?.o *crtend.o) .dtors)
 *(SORT(.dtors.*))
 *(.dtors)

.jcr
 *(.jcr)

.data.rel.ro
 *(.data.rel.ro.local* .gnu.linkonce.d.rel.ro.local.*)
 *(.data.rel.ro .data.rel.ro.* .gnu.linkonce.d.rel.ro.*)

.dynamic
 *(.dynamic)

.got
 *(.got)
 *(.igot)
                0x00000000000155f0                . = DATA_SEGMENT_RELRO_END (., (SIZEOF (.got.plt) >= 0xc)?0xc:0x0)

.got.plt        0x00000000000155f0        0x0
 *(.got.plt)
 *(.igot.plt)
 .igot.plt      0x00000000000155f0        0x0 kernel/kernel.o

.data           0x0000000000015600      0x874
 *(.data .data.* .gnu.linkonce.d.*)
 .data          0x0000000000015600        0x2 kernel/kernel.o
 .data          0x0000000000015602        0x0 kernel/start.o
 *fill*         0x0000000000015602       0x1e 
 .data          0x0000000000015620       0x50 kernel/main.o
                0x0000000000015620                current_dir
                0x0000000000015660                current_user
 .data          0x0000000000015670        0x0 kernel/clock.o
 *fill*         0x0000000000015670       0x10 
 .data          0x0000000000015680      0x600 kernel/keyboard.o
                0x0000000000015680                keymap
 .data          0x0000000000015c80       0x22 kernel/tty.o
 .data          0x0000000000015ca2        0x0 kernel/console.o
 .data          0x0000000000015ca2        0x0 kernel/i8259.o
 *fill*         0x0000000000015ca2       0x1e 
 .data          0x0000000000015cc0      0x1b4 kernel/global.o
                0x0000000000015cc0                task_table
                0x0000000000015da0                user_proc_table
                0x0000000000015e40                sys_call_table
                0x0000000000015e4c                dd_map
                0x0000000000015e64                fsbuf
                0x0000000000015e68                mmbuf
                0x0000000000015e6c                logbuf
                0x0000000000015e70                logdiskbuf
 .data          0x0000000000015e74        0x0 kernel/protect.o
 .data          0x0000000000015e74        0x0 kernel/proc.o
 .data          0x0000000000015e74        0x0 kernel/systask.o
 .data          0x0000000000015e74        0x0 kernel/hd.o
 .data          0x0000000000015e74        0x0 kernel/klib.o
 .data          0x0000000000015e74        0x0 kernel/boot_animation.o
 .data          0x0000000000015e74        0x0 lib/syslog.o
 .data          0x0000000000015e74        0x0 mm/main.o
 .data          0x0000000000015e74        0x0 mm/forkexit.o
 .data          0x0000000000015e74        0x0 mm/exec.o
 .data          0x0000000000015e74        0x0 fs/main.o
 .data          0x0000000000015e74        0x0 fs/open.o
 .data          0x0000000000015e74        0x0 fs/misc.o
 .data          0x0000000000015e74        0x0 fs/read_write.o
 .data          0x0000000000015e74        0x0 fs/link.o
 .data          0x0000000000015e74        0x0 fs/disklog.o
 .data          0x0000000000015e74        0x0 lib/orangescrt.a(printf.o)
 .data          0x0000000000015e74        0x0 lib/orangescrt.a(vsprintf.o)
 .data          0x0000000000015e74        0x0 lib/orangescrt.a(misc.o)
 .data          0x0000000000015e74        0x0 lib/orangescrt.a(ls.o)
 .data          0x0000000000015e74        0x0 lib/orangescrt.a(mkdir.o)
 .data          0x0000000000015e74        0x0 lib/orangescrt.a(open.o)
 .data          0x0000000000015e74        0x0 lib/orangescrt.a(read.o)
 .data          0x0000000000015e74        0x0 lib/orangescrt.a(write.o)
 .data          0x0000000000015e74        0x0 lib/orangescrt.a(close.o)
 .data          0x0000000000015e74        0x0 lib/orangescrt.a(unlink.o)
 .data          0x0000000000015e74        0x0 lib/orangescrt.a(getpid.o)
 .data          0x0000000000015e74        0x0 lib/orangescrt.a(stat.o)
 .data          0x0000000000015e74        0x0 lib/orangescrt.a(fork.o)
 .data          0x0000000000015e74        0x0 lib/orangescrt.a(exit.o)
 .data          0x0000000000015e74        0x0 lib/orangescrt.a(wait.o)
 .data          0x0000000000015e74        0x0 lib/orangescrt.a(exec.o)

.data1
 *(.data1)
                0x0000000000015e74                _edata = .
                [!provide]                        PROVIDE (edata, .)
                0x0000000000015e74                . = .
                0x0000000000015e74                __bss_start = .

.bss            0x0000000000015e80    0x2b7c8
 *(.dynbss)
 *(.bss .bss.* .gnu.linkonce.b.*)
 .bss           0x0000000000015e80      0x800 kernel/kernel.o
 .bss           0x0000000000016680        0x0 kernel/start.o
 .bss           0x0000000000016680        0x0 kernel/main.o
 .bss           0x0000000000016680        0x0 kernel/clock.o
 .bss           0x0000000000016680       0x58 kernel/keyboard.o
 .bss           0x00000000000166d8        0x0 kernel/tty.o
 .bss           0x00000000000166d8        0x0 kernel/console.o
 .bss           0x00000000000166d8        0x0 kernel/i8259.o
 .bss           0x00000000000166d8        0x0 kernel/global.o
 .bss           0x00000000000166d8        0x0 kernel/protect.o
 .bss           0x00000000000166d8        0x0 kernel/proc.o
 .bss           0x00000000000166d8        0x0 kernel/systask.o
 *fill*         0x00000000000166d8        0x8 
 .bss           0x00000000000166e0      0x64c kernel/hd.o
 .bss           0x0000000000016d2c        0x0 kernel/klib.o
 .bss           0x0000000000016d2c        0x0 kernel/boot_animation.o
 .bss           0x0000000000016d2c        0x0 lib/syslog.o
 .bss           0x0000000000016d2c        0x0 mm/main.o
 .bss           0x0000000000016d2c        0x0 mm/forkexit.o
 .bss           0x0000000000016d2c        0x0 mm/exec.o
 .bss           0x0000000000016d2c        0x0 fs/main.o
 .bss           0x0000000000016d2c        0x0 fs/open.o
 .bss           0x0000000000016d2c        0x0 fs/misc.o
 .bss           0x0000000000016d2c        0x0 fs/read_write.o
 .bss           0x0000000000016d2c        0x0 fs/link.o
 *fill*         0x0000000000016d2c       0x14 
 .bss           0x0000000000016d40      0x208 fs/disklog.o
 .bss           0x0000000000016f48        0x0 lib/orangescrt.a(printf.o)
 .bss           0x0000000000016f48        0x0 lib/orangescrt.a(vsprintf.o)
 .bss           0x0000000000016f48        0x0 lib/orangescrt.a(misc.o)
 .bss           0x0000000000016f48        0x0 lib/orangescrt.a(ls.o)
 .bss           0x0000000000016f48        0x0 lib/orangescrt.a(mkdir.o)
 .bss           0x0000000000016f48        0x0 lib/orangescrt.a(open.o)
 .bss           0x0000000000016f48        0x0 lib/orangescrt.a(read.o)
 .bss           0x0000000000016f48        0x0 lib/orangescrt.a(write.o)
 .bss           0x0000000000016f48        0x0 lib/orangescrt.a(close.o)
 .bss           0x0000000000016f48        0x0 lib/orangescrt.a(unlink.o)
 .bss           0x0000000000016f48        0x0 lib/orangescrt.a(getpid.o)
 .bss           0x0000000000016f48        0x0 lib/orangescrt.a(stat.o)
 .bss           0x0000000000016f48        0x0 lib/orangescrt.a(fork.o)
 .bss           0x0000000000016f48        0x0 lib/orangescrt.a(exit.o)
 .bss           0x0000000000016f48        0x0 lib/orangescrt.a(wait.o)
 .bss           0x0000000000016f48        0x0 lib/orangescrt.a(exec.o)
 *(COMMON)
 *fill*         0x0000000000016f48       0x18 
 COMMON         0x0000000000016f60       0x3c kernel/main.o
                0x0000000000016f60                users
 *fill*         0x0000000000016f9c        0x4 
 COMMON         0x0000000000016fa0    0x2a698 kernel/global.o
                0x0000000000016fa0                idt_ptr
                0x0000000000016fc0                inode_table
                0x0000000000017ac0                task_stack
                0x000000000003bac0                k_reenter
                0x000000000003bae0                gdt
                0x000000000003bee0                current_console
                0x000000000003bee4                pcaller
                0x000000000003bf00                tty_table
                0x000000000003cb80                tss
                0x000000000003cc00                fs_msg
                0x000000000003cc30                memory_size
                0x000000000003cc40                f_desc_table
                0x000000000003d040                root_inode
                0x000000000003d044                disp_pos
                0x000000000003d060                mm_msg
                0x000000000003d090                key_pressed
                0x000000000003d094                gdt_ptr
                0x000000000003d0a0                idt
                0x000000000003d8a0                super_block
                0x000000000003da80                ticks
                0x000000000003daa0                console_table
                0x000000000003dae0                irq_table
                0x000000000003db20                p_proc_ready
                0x000000000003db40                proc_table
 COMMON         0x0000000000041638       0x10 kernel/hd.o
                0x0000000000041638                PARTITION_ENTRY
                0x0000000000041648                . = ALIGN ((. != 0x0)?0x4:0x1)
                0x0000000000041648                . = ALIGN (0x4)
                0x0000000000041648                . = SEGMENT_START ("ldata-segment", .)
                0x0000000000041648                . = ALIGN (0x4)
                0x0000000000041648                _end = .
                [!provide]                        PROVIDE (end, .)
                0x0000000000041648                . = DATA_SEGMENT_END (.)

.stab
 *(.stab)

.stabstr
 *(.stabstr)

.stab.excl
 *(.stab.excl)

.stab.exclstr
 *(.stab.exclstr)

.stab.index
 *(.stab.index)

.stab.indexstr
 *(.stab.indexstr)

.comment        0x0000000000000000       0x34
 *(.comment)
 .comment       0x0000000000000000       0x34 kernel/start.o
                                         0x35 (size before relaxing)
 .comment       0x0000000000000034       0x35 kernel/main.o
 .comment       0x0000000000000034       0x35 kernel/clock.o
 .comment       0x0000000000000034       0x35 kernel/keyboard.o
 .comment       0x0000000000000034       0x35 kernel/tty.o
 .comment       0x0000000000000034       0x35 kernel/console.o
 .comment       0x0000000000000034       0x35 kernel/i8259.o
 .comment       0x0000000000000034       0x35 kernel/global.o
 .comment       0x0000000000000034       0x35 kernel/protect.o
 .comment       0x0000000000000034       0x35 kernel/proc.o
 .comment       0x0000000000000034       0x35 kernel/systask.o
 .comment       0x0000000000000034       0x35 kernel/hd.o
 .comment       0x0000000000000034       0x35 kernel/klib.o
 .comment       0x0000000000000034       0x35 kernel/boot_animation.o
 .comment       0x0000000000000034       0x35 lib/syslog.o
 .comment       0x0000000000000034       0x35 mm/main.o
 .comment       0x0000000000000034       0x35 mm/forkexit.o
 .comment       0x0000000000000034       0x35 mm/exec.o
 .comment       0x0000000000000034       0x35 fs/main.o
 .comment       0x0000000000000034       0x35 fs/open.o
 .comment       0x0000000000000034       0x35 fs/misc.o
 .comment       0x0000000000000034       0x35 fs/read_write.o
 .comment       0x0000000000000034       0x35 fs/link.o
 .comment       0x0000000000000034       0x35 fs/disklog.o
 .comment       0x0000000000000034       0x35 lib/orangescrt.a(printf.o)
 .comment       0x0000000000000034       0x35 lib/orangescrt.a(vsprintf.o)
 .comment       0x0000000000000034       0x35 lib/orangescrt.a(misc.o)
 .comment       0x0000000000000034       0x35 lib/orangescrt.a(ls.o)
 .comment       0x0000000000000034       0x35 lib/orangescrt.a(mkdir.o)
 .comment       0x0000000000000034       0x35 lib/orangescrt.a(open.o)
 .comment       0x0000000000000034       0x35 lib/orangescrt.a(read.o)
 .comment       0x0000000000000034       0x35 lib/orangescrt.a(write.o)
 .comment       0x0000000000000034       0x35 lib/orangescrt.a(close.o)
 .comment       0x0000000000000034       0x35 lib/orangescrt.a(unlink.o)
 .comment       0x0000000000000034       0x35 lib/orangescrt.a(getpid.o)
 .comment       0x0000000000000034       0x35 lib/orangescrt.a(stat.o)
 .comment       0x0000000000000034       0x35 lib/orangescrt.a(fork.o)
 .comment       0x0000000000000034       0x35 lib/orangescrt.a(exit.o)
 .comment       0x0000000000000034       0x35 lib/orangescrt.a(wait.o)
 .comment       0x0000000000000034       0x35 lib/orangescrt.a(exec.o)

.debug
 *(.debug)

.line
 *(.line)

.debug_srcinfo
 *(.debug_srcinfo)

.debug_sfnames
 *(.debug_sfnames)

.debug_aranges
 *(.debug_aranges)

.debug_pubnames
 *(.debug_pubnames)

.debug_info
 *(.debug_info .gnu.linkonce.wi.*)

.debug_abbrev
 *(.debug_abbrev)

.debug_line
 *(.debug_line .debug_line.* .debug_line_end)

.debug_frame
 *(.debug_frame)

.debug_str
 *(.debug_str)

.debug_loc
 *(.debug_loc)

.debug_macinfo
 *(.debug_macinfo)

.debug_weaknames
 *(.debug_weaknames)

.debug_funcnames
 *(.debug_funcnames)

.debug_typenames
 *(.debug_typenames)

.debug_varnames
 *(.debug_varnames)

.debug_pubtypes
 *(.debug_pubtypes)

.debug_ranges
 *(.debug_ranges)

.debug_macro
 *(.debug_macro)

.gnu.attributes
 *(.gnu.attributes)

/DISCARD/
 *(.note.GNU-stack)
 *(.gnu_debuglink)
 *(.gnu.lto_*)
OUTPUT(kernel.bin elf32-i386)
